border_size=1
usage=map

Xos, Xos, Xos, Xos, Xos, Xos, Xos, Xos, Xos, Xos, Xos, Xos, Xos, Xos, Xos, Xos, Xos, Xos, Xos, Xos, Xos, Xos, Xos, Xos, Xos, Xos, Xos, Xos, Xos, Xos, Xos, Xos, Xos, Xos, Xos, Xos, Xos, Rr, Rr, Rr, Rr, Xos, Xos, Xos, Xos, Qxu
Xos, Xos, Xos, Xos, Rr^Bryl, Xos, Xos, Xos, Rr, Xos, Xos, Xos, Rr, Xos, Rr, Xos, Xos, Xos, Xos, Xos, Xos, Xos, Rr, Rr^Ii, Rr, Xos, Xos, Xos, Xos, Xos, Qxu, Qxu, Qxu, Xos, Xos, Xos, Xos, Rr, Rr, Rr, Rr, Xos, Xos, Xos, Qxu, Qxu
Xos, Xos, Rr, Rr, Rr, Rr, Rr^Ii, Rr, Xos, Rr, Rr, Rr, Rr, Rr, Rr, Rr, Rr, Xos, Xos, Xos, Iwr, Rr, Rr, Rr, Gg, Gg, Gg^Fet, Xos, Xos, Xos, Qxu, Qxu, Qxu, Qxu, Qxu, Xos, Urb, Rr, Rr, Rr, Rr, Xos, Urb, Qxu, Qxu, Qxu
Xos, Rr, Rr, Rr, Rr, Rr, Rr, Rr, Rr, Rr, Rr, Rr, Rr, Rr, Rr, Rr, Rr, Rr, Rr, Xos, Xos, Rr, Rr, Gg, Wwg, Gg^Vct, Gg, Gg, Xos, Qxu, Qxu, Qxu, Qxu, Qxu, Uu, Urb, Urb, Rr, Rr, Rr, Rr, Urb, Urb, Uu, Qxu, Qxu
Xos, Rr, Rr, Rr, Rr^Es, Rr, Rr, Rr, Rr, Rr, Rr, Rr, Xos, Xos, Xos, Rr, Rr, Rr, Rr, Rr, Rr, Xos, Xos, Wwg, Wwg, Wwg, Xos, Xos, Qxu, Qxu, Qxu, Qxu, Qxu, Qxu, Uu, Urb, Urb, Rr, Rr, Rr, Rr, Urb, Urb, Uu, Qxu, Qxu
Xos, Rr, Rr, Rr, Rr, Rr, Rr, Rr, Rr, Rr, Xos, Xos, Xos, Xos, Xos, Xos, Xos, Rr, Rr, Iwr, Rr, Rr, Xos, Xos, Xos, Xos, Xos, Xos, Qxu, Qxu, Qxu, Qxu, Qxu, Qxu, Uu, Urb, Urb, Urb, Urb, Urb, Urb, Urb, Uu, Uu, Qxu, Qxu
Xos, Xos, Rr, Rr, Rr, Rr, Rr, Rr, Xos, Xos, Xos, Xos, Xos, Xos, Iwr, Xos, Xos, Xos, Xos, Rr, Xos, Xos, Xos, Xos, Xos, Xos, Xos, Xos, Qxu, Qxu, Qxu, Qxu, Qxu, Qxu, Qxu, Uu, Qxu, Uu, Ur, Ur, Qxu, Qxu, Qxu, Uu, Qxu, Qxu
Xos, Xos, Rr, Iwr, Rr, Rr, Xos, Xos, Xos, Xos, Xos, Xos, Rr, Rr, Rr, Rr, Xos, Xos, Xos, Xos, Xos, Xos, Xos, Xos, Xos, Xos, Xos, Xos, Xos, Qxu, Qxu, Qxu, Qxu, Qxu, Qxu, Qxu, Uu, Qxu, Ur, Ur, Qxu, Qxu, Qxu, Qxu, Qxu, Qxu
Xos, Xos, Rr, Rr, Xos, Xos, Xos, Xos, Xos, Xos, Rr, Rr, Rr, Rr, Xos, Xos, Xos, Xos, Xos, Xos, Xos, Xos, Xos, Xos, Xos, Xos, Xos, Xos, Qxu, Qxu, Qxu, Qxu, Qxu, Qxu, Qxu, Uu, Uu, Qxu, Ur, Ur, Qxu, Qxu, Qxu, Qxu, Qxu, Qxu
Xos, Xos, Xos, Xos, Xos, Xos, Xos, Xos, Rr, Rr^Ii, Rr, Rr, Xos, Xos, Xos, Xos, Xos, Xos, Xos, Xos, Rr^Bryl, Xos, Xos, Xos, Xos, Xos, Xos, Xos, Xos, Qxu, Qxu, Qxu, Qxu, Qxu, Qxu, Uu, Qxu, Qxu, Ur, Ur, Qxu, Qxu, Qxu, Qxu, Qxu, Qxu
Xos, Xos, Xos, Xos, Xos, Xos, Rr, Rr, Rr, Rr, Rr, Rr, Rr, Xos, Xos, Xos, Xos, Xos, Xos, Rr, Rr, Rr, Rr^Ii, Xos, Xos, Xos, Xos, Xos, Xos, Xos, Xos, Qxu, Qxu, Qxu, Qxu, Qxu, Uu, Uu, Ur, Ur, Uu, Qxu, Qxu, Qxu, Qxu, Qxu
Xos, Xos, Xos, Xos, Rr, Rr, Rr, Rr, Xos, Xos, Xos, Rr, Rr, Rr, Rr, Xos, Xos, Xos, Xos, Xos, Rr, Rr, Rr, Rr, Rr^Bryl, Xos, Xos, Xos, Xos, Xos, Qxu, Qxu, Qxu, Qxu, Qxu, Uh, Uh, Uu, Ur, Ur, Uu, Uu, Uu, Qxu, Qxu, Qxu
Xos, Xos, Xos, Iwr, Rr, Rr, Xos, Xos, Xos, Xos, Xos, Xos, Rr, Rr, Rr, Rr, Rr, Xos, Rr, Rr, Xos, Xos, Xos, Rr, Xos, Xos, Xos, Xos, Qxu, Qxu, Qxu, Qxu, Qxu, Qxu, Qxu, Uh, Uu, Uu, Ur^Ii, Ur, Uu, Uu, Qxu, Qxu, Qxu, Qxu
Xos, Xos, Xos, Xos, Xos, Xos, Xos, Xos, Xos, Xos, Xos, Rr, Rr, Rr^Es, Rr, Rr, Rr^Dr, Rr, Rr, Xos, Xos, Xos, Xos, Xos, Xos, Xos, Xos, Qxu, Qxu, Qxu, Qxu, Qxu, Qxu, Qxu, Ur, Qxu, Qxu, Uu, Uu, Uu, Qxu, Qxu, Qxu, Qxu, Qxu, Qxu
Xos, Xos, Xos, Xos, Xos, Xos, Xos, Xos, Xos, Xos, Xos, Xos, Xos, Rr, Rr, Rr, Rr, Rr, Rr, Rr, Rr, Xos, Xos, Xos, Xos, Xos, Xos, Xos, Xos, Qxu, Qxu, Qxu, Qxu, Uu, Uu, Qxu, Qxu, Qxu, Qxu, Qxu, Qxu, Qxu, Qxu, Ur, Qxu, Qxu
Xos, Xos, Xos, Xos, Xos, Xos, Xos, Xos, Iwr, Xos, Xos, Xos, Xos, Xos, Xos, Xos, Xos, Rr, Rr, Rr, Rr, Rr, Rr, Xos, Xos, Xos, Xos, Xos, Xos, Xos, Xos, Qxu, Qxu, Uu, Qxu, Ur, Ur, Qxu, Ur, Qxu, Ur, Qxu, Uu, Ur, Ur, Qxu
Xos, Xos, Xos, Xos, Xos, Xos, Xos, Rr, Rr, Rr, Rr, Xos, Xos, Xos, Xos, Xos, Xos, Xos, Xos, Rr, Rr, Rr, Rr, Rr, Rr, Xos, Xos, Xos, Xos, Xos, Xos, Xos, Xos, Qxu, Qxu, Uu, Ur, Ur, Uu, Uh, Qxu, Qxu, Qxu, Uu, Ur, Qxu
Xos, Xos, Xos, Xos, Xos, Xos, Xos, Xos, Rr, Rr, Rr, Rr, Iwr, Xos, Xos, Xos, Xos, Xos, Xos, Xos, Xos, Rr, Rr, Rr, Rr^Es, Rr, Rr, Xos, Rr, Rr, Rr, Xos, Xos, Xos, Qxu, Uu, Uh, Uu, Qxu, Qxu, Uu, Qxu, Qxu, Qxu, Qxu, Qxu
Xos, Xos, Xos, Xos, Rr, Xos, Rr, Rr, Xos, Xos, Xos, Rr, Xos, Xos, Xos, Xos, Xos, Xos, Xos, Xos, Xos, Xos, Xos, Rr, Rr^Es, Rr^Dr, Rr^Es, Rr, Rr, Iwr, Rr, Rr, Xos, Xos, Qxu, Qxu, Qxu, Qxu, Uu, Uu, Ur^Ii, Uu, Uu, Qxu, Qxu, Qxu
Xos, Xos, Rr, Rr, Rr, Rr, Rr, Xos, Xos, Xos, Xos, Xos, Xos, Xos, Xos, Xos, Rr, Rr, Rr^Ii, Xos, Xos, Xos, Xos, Xos, Rr, Rr^Es, Rr, Rr, Xos, Rr, Xos, Xos, Xos, Xos, Xos, Qxu, Qxu, Qxu, Uu, Ur, Ur, Ur, Uu, Qxu, Qxu, Qxu
Xos, Rr, Rr, Rr^Ii, Rr, Rr^Dr, Rr^Es, Rr, Xos, Xos, Xos, Xos, Xos, Xos, Xos, Xos, Xos, Rr, Rr, Rr, Rr, Xos, Xos, Rr^Bryu, Rr, Rr, Xos, Xos, Xos, Xos, Xos, Xos, Xos, Xos, Qxu, Qxu, Qxu, Qxu, Qxu, Uu, Ur, Uu, Qxu, Qxu, Qxu, Qxu
Xos, Xos, Xos, Rr, Rr, Rr, Xos, Xos, Xos, Xos, Xos, Xos, Rr, Rr, Rr, Xos, Rr, Rr, Xos, Rr, Xos, Xos, Xos, Xos, Xos, Xos, Xos, Xos, Xos, Xos, Xos, Xos, Xos, Xos, Qxu, Qxu, Uh, Qxu, Uh, Uu, Ur, Uu, Qxu, Qxu, Qxu, Qxu
Xos, Xos, Xos, Xos, Xos, Xos, Xos, Xos, Xos, Xos, Rr, Rr, Xos, Xos, Xos, Rr, Rr, Xos, Xos, Xos, Xos, Xos, Xos, Xos, Xos, Xos, Xos, Xos, Qxu, Xos, Qxu, Qxu, Qxu, Qxu, Uu, Uu, Uh, Qxu, Uh, Uh, Ur, Uu, Uh, Qxu, Qxu, Qxu
Xos, Xos, Xos, Xos, Xos, Xos, Xos, Xos, Rr, Rr, Iwr, Rr, Rr, Xos, Rr, Rr, Rr, Xos, Xos, Xos, Xos, Xos, Xos, Xos, Qxu, Qxu, Qxu, Qxu, Qxu, Qxu, Qxu, Qxu, Uu, Uu, Qxu, Qxu, Qxu, Qxu, Qxu, Uu, Iwr, Uu, Uu, Qxu, Qxu, Qxu
Xos, Xos, Xos, Xos, Xos, Xos, Xos, Xos, Xos, Rr, Rr, Rr, Rr^Es, Rr, Rr, Rr^Dr, Xos, Rr, Rr, Xos, Xos, Xos, Xos, Qxu, Qxu, Qxu, Qxu, Qxu, Qxu, Qxu, Qxu, Uh, Uh, Qxu, Uh, Ur, Uu, Qxu, Qxu, Uu, Uh, Uu, Uu, Qxu, Qxu, Qxu
Xos, Xos, Xos, Xos, Xos, Xos, Xos, Xos, Xos, Xos, Xos, Rr, Rr, Rr, Rr, Xos, Xos, Xos, Rr, Rr, Xos, Xos, Xos, Qxu, Qxu, Qxu, Qxu, Qxu, Uu, Uu, Ur, Qxu, Qxu, Qxu, Qxu, Uu, Uu, Uu, Uh, Qxu, Qxu, Qxu, Qxu, Qxu, Qxu, Qxu
Xos, Xos, Xos, Xos, 2 Rr, Xos, Xos, Xos, Xos, Xos, Xos, Xos, Xos, Xos, Xos, Rr, Rr, Rr, Xos, Xos, Xos, Xos, Xos, Qxu, Qxu, Qxu, Qxu, Uu, Uh, Ur, Ur, Qxu^Bp\, Qxu^Bp\, Qxu, Uu, Qxu, Qxu, Uh, Qxu, Qxu, Qxu, Uh, Ur, Qxu, Qxu, Qxu
Xos, Xos, Rr, Rr, Rr, Rr, Rr, Xos, Xos, Xos, Xos, Xos, Xos, Xos, Xos, Xos, Xos, Xos, Xos, Xos, Xos, Xos, Xos, Qxu, Qxu, Qxu, Uu, Qxu, Qxu, Ur, Qxu, Qxu, Qxu, Ur, Ur, Uu, Qxu, Qxu, Ur, Uh, Ur, Qxu, Ur, Qxu, Qxu, Qxu
Xos, Rr^Bryl, Rr, Rr, Iwr, Rr, Rr, Rr^Bryl, Xos, Xos, Xos, Xos, Xos, Xos, Rr^Edb, Rr, Rr^Edb, Xos, Rr, Xos, Xos, Xos, Xos, Qxu, Qxu, Uu, Uu, Uh, Qxu, Ur, Qxu, Ur, Qxu, Uu, Ur, Uh, Uh, Qxu, Uh, Ur, Ur, Qxu, Uh, Qxu, Qxu, Qxu
Xos, Rr, Rr, Rr, Rr, Rr, Rr, Rr, Xos, Xos, Xos, Xos, Rr, Rr^Edb, Rr^Edb, Rr^Edb, Rr^Edb, Rr^Edb, Rr^Dr, Rr, Rr, Xos, Xos, Qxu, Qxu, Uu, Ur, Qxu, Uu^Es, Ur, Uu, Qxu, Qxu, Uu, Ur, Uh, Qxu, Qxu, Qxu, Uh, Qxu, Qxu, Qxu, Qxu, Qxu, Qxu
Xos, Rr, Rr, Rr, Rr, Rr, Rr, Rr, Xos, Xos, Rr^Edb, Rr, Iwr, Rr^Edb, Rr^Edb, Rr^Edb, Rr^Edb, Rr^Edb, Rr^Edb, Rr, Rr^Ii, Rr, Xos, Qxu, Qxu, Ur, Qxu, Qxu, Uu, Ur, Uu, Qxu, Qxu, Uu, Ur^Ii, Uu, Qxu, Qxu, Qxu, Qxu, Uu, Uu, Uu, Qxu, Qxu, Qxu
Xos, Xos, Xos, Rr, Rr, Rr, Xos, Xos, Xos, Xos, Xos, Rr, Rr^Edb, Rr^Edb, Rr^Edb, Rr^Edb, Rr^Dr, Rr^Edb, Rr^Edb, Rr, Rr, Rr, Xos, Qxu, Qxu, Qxu, Qxu, Qxu, Uu, Iwr, Uu, Qxu, Qxu, Uu, Uu, Uu, Qxu, Ur, Qxu, Uu, Iwr^Ii, Ur, Ur^Vu, Uu, Qxu, Qxu
Xos, Xos, Xos, Rr, Rr, Rr, Xos, Xos, Xos, Xos, Xos, Xos, Xos, Rr^Edb, Rr^Edb, Rr^Edb, Rr^Edb, Rr^Edb, Rr^Edb, Rr^Edb, Xos, Xos, Xos, Qxu, Qxu, Qxu, Qxu, Qxu, Qxu, Uu, Qxu, Qxu, Qxu, Qxu, Qxu, Qxu, Qxu, Qxu, Qxu, Uu, Uu, Ur, Uu, Uu, Qxu, Qxu
Xos, Xos, Xos, 1 Rr, 3 Rr, Rr, Xos, Xos, Xos, Xos, Xos, Xos, Xos, Xos, Xos, Rr^Edb, Rr^Edb, Rr^Edb, Xos, Xos, Xos, Xos, Xos, Qxu, Qxu, Qxu, Qxu, Qxu, Qxu, Qxu, Qxu, Qxu, Qxu, Qxu, Qxu, Qxu, Qxu, Qxu, Qxu, Qxu, Qxu, Uu, Qxu, Qxu, Qxu, Qxu
Xos, Xos, Xos, Rr, Rr, Rr, Xos, Xos, Xos, Xos, Xos, Xos, Xos, Xos, Xos, Xos, Xos, Xos, Xos, Xos, Xos, Xos, Xos, Qxu, Qxu, Qxu, Qxu, Qxu, Qxu, Qxu, Qxu, Qxu, Qxu, Qxu, Qxu, Qxu, Qxu, Qxu, Qxu, Qxu, Qxu, Qxu, Qxu, Qxu, Qxu, Qxu
