border_size=1
usage=map

Xos, Xos, Qxu, Qxu^Chyp, Qxu, Qxu^Chyp, Qxu^Chyp, Qxu^Chyp, Qxu, Qxu^Chyp, Qxu^Chyp, Qxu^Chyp, Qxu, Qxu, Qxu, Qxu, Qxu, Xos, Xos, Xos, Rr, Rr, Rr, Rr, Rr, Xos, Xos, Xos, Xos, Xos, Qxu, Qxu, Qxu, Qxu^Chyp, Qxu^Chyp, Qxu^Chyp, Qxu^Chyp, Qxu^Chyp, Qxu^Chyp, Qxu^Chyp, Qxu^Chyp, Qxu, Qxu, Xos, Xos, Xos
Xos, Xos, Qxu, Qxu, Qxu, Qxu, Qxu, Qxu, Qxu, Qxu, Qxu, Qxu, Qxu, Qxu, Qxu, Qxu, Qxu, Xos, Xos, Xos, Xos, Rr, Rr, Rr, Xos, Xos, Qxu, Xos, Qxu, Qxu, Qxu, Qxu, Qxu, Qxu, Qxu, Qxu, Qxu, Qxu, Qxu, Qxu, Qxu, Qxu, Qxu, Xos, Xos, Xos
Xos, Xos, Qxu, Qxu, Qxu, Qxu, Qxu, Qxu, Qxu, Qxu, Qxu, Qxu, Qxu, Qxu, Fypd, Qxu, Qxu, Qxu, Qxu, Xos, Uu, Rr, Ur, Rr, Uu, Xos, Qxu, Qxu, Qxu, Qxu, Qxu, Qxu, Qxu, Qxu, Qxu, Qxu, Qxu, Qxu, Qxu, Qxu, Qxu, Qxu, Qxu, Xos, Xos, Xos
Xos, Xos, Qxu, Qxu, Qxu, Qxu, Qxu, Qxu, Qxu, Qxu, Qxu, Qxu, Fypd, Fypd, Fypd^Fypp, Fypd, Fypd, Qxu, Qxu, Uh, Uu, Ur, Ur, Ur, Uh, Qxu, Qxu, Qxu, Qxu, Qxu, Fypd, Fypd, Fypd, Qxu, Qxu, Qxu, Qxu, Qxu, Qxu, Qxu, Qxu, Qxu, Qxu, Xos, Xos, Xos
Xos, Xos, Qxu, Qxu, Qxu, Qxu, Qxu, Qxu, Qxu, Qxu, Qxu, Qxu, Fypd, Fypd, Fypd, Fypd, Fypd, Fypd, Qxu, Qxu, Qxu, Ur, Ur, Qxu^Bp\, Qxu^Bp\, Qxu^Bp\, Qxu^Bp\, Qxu, Qxu, Qxu, Qxu^Xyb/, Fypd, Fypd, Fypd, Qxu^Xyb\, Qxu, Qxu, Qxu, Qxu, Qxu, Qxu, Qxu, Qxu, Xos, Xos, Xos
Xos, Qxu, Qxu, Qxu, Qxu, Qxu, Qxu, Qxu, Qxu, Qxu, Fypd, Fypd, Fypd, Fypd, Qxu, Fypd, Qxu^Fyb\, Qxu, Qxu, Qxu, Qxu, Qxu, Qxu, Qxu^Bp\, Qxu^Bp\, Qxu^Bp\, Fypd, Fypd, Fypd, Qxu^Xyb/, Qxu, Qxu, Qxu, Qxu, Qxu, Qxu^Fyb\, Qxu^Xyb\, Qxu, Fypd, Qxu, Qxu, Qxu, Qxu, Qxu, Xos, Xos
Xos, Qxu, Qxu, Qxu, Qxu, Qxu, Qxu, Qxu, Fypd, Fypd, Fypd, Fypd, Qxu, Qxu, Qxu, Qxu, Qxu, Qxu^Fyb\, Fypd, Fypd^Fyod, Fypd^Fyod, Qxu, Qxu, Qxu, Qxu, Fypd, Fypd, Fypd, Fypd^Fyod, Fypd, Fypd, Qxu, Qxu, Qxu, Qxu, Qxu, Fypd, Fypd, Wwt, Fypd, Fypd, Qxu, Qxu, Qxu, Xos, Xos
Xos, Qxu, Qxu, Qxu, Qxu, Qxu, Qxu, Qxu, Qxu, Fypd, Qxu, Qxu, Qxu, Qxu, Fypd, Qxu, Qxu, Fypd, Fypd, Fypd, Fypd, Fypd^Fyod, Fypd^Fyod, Qxu, Qxu, Qxu, Qxu, Fypd, Fypd, Fypd, Fypd, Fypd, Qxu, Qxu, Qxu, Fypd, Fypd, Wwt, Wwt, Wwt, Fypd^Fypp, Fypd, Fypd, Qxu, Xos, Xos
Xos, Qxu, Qxu, Qxu, Qxu, Qxu, Fypd, Qxu, Qxu, Qxu, Qxu, Qxu, Fypd, Fypd, Qxu, Qxu, Fypd, Fypd, Fypd, Fypd^Fypp, Fypd, Fypd^Fyod, Fypd^Fyod, Fypd^Fyod, Qxu, Qxu, Qxu, Qxu, Qxu, Fypd, Qxu^Xyb\, Qxu, Qxu^Chyn, Qxu, Qxu, Qxu, Qxu, Fypd, Fypd, Fypd, Fypd, Fypd, Qxu, Qxu, Xos, Xos
Xos, Qxu, Qxu, Qxu^Chyn, Fypd, Fypd, Qlf, Fypd, Fypd, Qxu, Fypd, Qxu, Qxu, Qxu, Qxu, Qxu, Qxu, Fypd, Fypd, Fypd, Fypd, Fypd, Qxu, Qxu, Qxu, Qxu, Qxu, Qxu, Qxu, Qxu, Qxu, Qxu^Fyb\, Qxu^Xyb\, Qxu, Fypd, Fypd, Fypd, Qxu, Qxu, Qxu, Qxu, Qxu, Qxu, Qxu, Xos, Xos
Xos, Qxu, Qxu, Qxu, Ctym, Fypd, Fypd, Fypd^Fyod, Fypd, Fypd, Qxu^Fyb\, Qxu, Qxu, Qxu, Fypd, Qxu, Qxu^Xyb/, Qxu^Xyb/, Qxu, Fypd, Qxu, Qxu^Fyb\, Qxu^Fyb\, Qxu, Fypd, Fypd, Fypd, Qxu, Qxu, Qxu, Qxu, Qxu, Qxu, Fypd, Fypd, Fypd^Fyod, Fypd, Fypd, Fypd, Ctym, Qxu, Qxu, Qxu, Qxu, Xos, Xos
Xos, Qxu, Qxu, Qxu, Fypd, Fypd, Qxu, Fypd, Qxu, Qxu, Qxu, Qxu^Fyb\, Fypd, Fypd, Fypd^Fyod, Fypd, Fypd, Qxu, Qxu, Qxu, Qxu, Qxu, Fypd, Fypd, Fypd, Qlf, Fypd, Fypd^Fyod, Qxu, Qxu, Qxu, Qxu, Qxu, Qxu, Qxu, Fypd, Fypd, Fypd, Qxu, Qxu, Qxu, Qxu, Qxu, Qxu, Xos, Xos
Xos, Qxu, Qxu, Fypd, Fypd, Qxu, Qxu, Qxu, Qxu, Qxu, Qxu, Fypd, Fypd, Fypd, Fypd, Fypd, Fypd, Fypd^Fyod, Fypd, Ctym, Qxu, Qxu, Qxu, Fypd, Fypd, Fypd, Qxu, Qxu, Qxu, Qxu, Qxu, Qxu, Qxu, Qxu, Fypd, Fypd, Qxu, Qxu, Qxu, Qxu, Qxu, Qxu, Qxu, Qxu, Xos, Xos
Xos, Qxu, Qxu, Qxu, Fypd, Fypd, Fypd, Qxu, Qxu, Qxu, Qxu, Qxu, Qxu^Xyb/, Fypd, Fypd, Fypd^Fyod, Fypd, Fypd, Qxu, Qxu, Qxu, Qxu, Qxu, Qxu, Qxu, Qxu, Qxu, Qxu, Qxu, Qxu, Qxu, Qxu, Fypd, Fypd, Qxu, Qxu, Xos, Qxu, Qxu, Qxu, Qxu, Qxu, Qxu, Qxu, Xos, Xos
Fypd, Qxu, Fypd, Fypd, Qxu, Fypd^Fyod, Qxu, Qxu, Qxu, Qxu, Fypd, Qxu^Xyb/, Qxu, Qxu, Qxu, Fypd, Qxu, Qxu^Fyb\, Qxu^Fyb\, Qxu, Qxu, Qxu, Qxu, Qxu, Qxu, Qxu, Qxu, Qxu, Qxu, Qxu, Fypd, Fypd, Fyp, Qxu, Xos, Xos, Fypd, Xos, Xos, Qxu, Qxu, Qxu, Qxu, Qxu, Xos, Xos
Xos, Fypd, Qxu, Qxu, Qxu, Qxu, Qxu, Qxu, Fypd, Fypd, Fypd, Fypd, Qxu, Qxu, Qxu, Qxu, Qxu, Qxu, Qxu, Qxu^Fyb\, Fypd, Fypd, Fypd^Bryl, Qxu, Qxu, Qxu, Qxu, Qxu, Fypd, Fypd, Fyp, Fyp, Fyp^Gsye, Fyp^Gsye, Fyp, Fypd, Fypd^Fyod, Fypd, Qxu, Qxu, Qxu, Qxu, Qxu, Qxu, Xos, Xos
Xos, Qxu, Qxu, Qxu, Qxu, Qxu, Fypd, Fypd, Fypd, Fypd, Fypd, Qxu, Qxu, Fypd, Fypd, Qxu, Qxu, Qxu, Fypd, Fypd, Fypd, Fypd, Fypd, Fypd, Fypd, Qxu, Fypd, Fypd, Qxu, Qxu, Xos, Fyp^Gsye, Fyp, Fyp, Fypd, Qlf, Fypd^Fyod, Fypd^Fyod, Fypd^Fyod, Qxu, Qxu, Qxu, Qxu, Qxu, Xos, Xos
Xos, Qxu, Qxu, Qxu, Fypd, Fypd, Fypd, Fypd, Fypd, Fypd^Iryn, Fypd, Fypd, Fypd, Qxu, Qxu, Fypd, Qxu, Qxu, Qxu, Fypd^Bryl, Fypd, Fypd, Fypd, Fypd^Fyod, Fypd, Fypd, Qxu, Qxu, Qxu, Xos, Fypd, Fyp, Fypd, Fypd, Fypd, Fypd, Fypd, Fypd^Fyod, Fypd^Fyod, Fypd^Fyod, Fypd, Qxu, Qxu, Qxu, Xos, Xos
Xos, Xos, Xos, Fypd, Fypd, Fypd, Fypd, Fypd, Fypd^Fyod, Fypd, Fypd, Fypd, Fypd^Fyod, Fypd, Fypd, Qxu, Qxu, Qxu, Qxu, Qxu, Qxu, Fypd, Fypd, Fypd, Fypd, Qxu, Qxu, Qxu, Qxu, Xos, Xos, Qlf, Fypd, Fypd, Fypd, Fypd, Fypd, Fypd, Fypd^Fyod, Qlf, Fypd, Qxu, Qxu, Qxu, Xos, Xos
Xos, Xos, Xos, Xos, Xos, Fypd, Fypd, Fypd, Fypd, Fypd, Fypd, Fypd, Fypd, Fypd, Xos, Qxu, Qxu, Qxu, Fypd^Fyod, Qxu, Qxu, Qxu, Qxu, Fypd, Fypd, Fypd, Fypd, Qxu, Qxu, Qxu, Qxu, Fypd, Fypd, Fypd, Fypd, Fypd, Fypd, Fypd, Fypd, Fypd, Qxu, Qxu, Qxu, Qxu, Xos, Xos
Xos, Xos, Xos, Xos, Xos, Uu, Uu, Fypd, Fypd, 3 Fypd, Fypd, Fypd, Uu, Uu, Xos, Qxu, Qxu, Fypd, Fypd, Fypd, Qxu, Qxu, Qxu, Qxu, Qxu, Fypd, Fypd, Fypd, Fypd, Qxu, Qxu, Qxu, Qxu, Fypd, Fypd, Qlf, Fypd, Fypd^Fyod, Qxu, Qxu, Qxu, Qxu, Qxu, Qxu, Xos, Xos
Xos, Xos, Xos, Xos, Xos, Uu, Uu, Uu, Rr, Rr^Ecf, Rr, Uu, Uu, Xos, Qxu, Qxu, Qxu, Qxu, Qxu, Qxu, Qxu, Qxu, Qxu, Qxu, Qxu^Xyb/, Qxu^Xyb/, Qxu, Fypd, Fypd, Fypd, Fypd, Qxu, Qxu, Qxu, Qxu, Fypd, Qxu, Qxu, Qxu, Qxu, Fypd^Iryn, Qxu, Qxu, Qxu, Xos, Xos
Xos, Xos, Xos, Xos, Xos, Uu, Uu^Em, Uu, Rr, Rr, Rr, Uu, Uu, Xos, Qxu, Qxu, Qxu, Qxu, Fypd, Qxu, Qxu, Qxu, Fypd, Fypd, Qxu, Qxu, Qxu^Iryn, Qxu, Qxu, Fypd, Fypd, Fypd, Qxu, Qxu, Qxu, Qxu, Qxu, Qxu, Fypd, Fypd, Fypd, Fypd, Qxu, Qxu, Xos, Xos
Xos, Xos, Xos, Xos, Xos, Uu, Uu, Uu^Es, Rr, Rr, Rr, Uu^Es, Uu, Xos, Qxu, Qxu, Fypd, Fypd^Fyod, Fypd, Fypd, Fypd, Fypd, Qxu, Qxu, Qxu, Qxu, Qxu, Qxu, Qxu, Qxu, Qxu, Qxu^Fyb\, Qxu^Fyb\, Qxu, Fypd, Qxu, Qxu, Qxu, Qxu, Fypd, Qxu, Qxu, Qxu, Qxu, Xos, Xos
Xos, Xos, Xos, Xos, Xos, Xos, Uu, Uu, Rr, Rr, Rr, Uu, Xos, Xos, Qxu, Qxu, Qxu, Fypd, Fypd, Qlf, Fypd, Fypd, Qxu, Qxu, Qxu, Qxu, Qxu, Qxu, Qxu, Qxu, Qxu, Qxu, Fypd, Fypd, Fypd, Fypd, Fypd, Qxu, Qxu, Qxu, Qxu, Qxu, Qxu, Qxu, Xos, Xos
Xos, Xos, Xos, Xos, Xos, Xos, Xos, Uu, Rr, Rr, Rr, Uu, Xos, Qxu, Qxu, Qxu, Qxu, Qxu, Fypd, Fypd, Qxu, Qxu, Qxu, Qxu, Qxu, Qxu, Qxu, Qxu, Qxu, Qxu, Qxu, Qxu, Qxu, Fypd, Fypd, Fypd, Fypd^Fyod, Qxu, Qxu, Qxu, Qxu, Qxu, Qxu, Qxu, Xos, Xos
Xos, Xos, Xos, Xos, Xos, Xos, Xos, Uu, Rr, Rr, Rr, Uu, Xos, Qxu, Qxu, Qxu, Fypd, Fypd, Qxu, Ctym, Qxu, Qxu, Qxu, Qxu, Qxu, Qxu, Fypd, Qxu, Qxu, Qxu, Fypd, Fypd, Fypd, Qxu, Qxu, Fypd, Fypd, Fypd, Fypd, Qxu, Qxu, Qxu, Qxu, Qxu, Xos, Xos
Xos, Xos, Xos, Xos, Xos, Xos, Xos, Xos, Rr, Rr, Rr, Uu, Xos, Qxu, Qxu, Fypd, Qxu, Qxu, Qxu, Qxu, Qxu, Qxu, Qxu, Qxu, Fypd, Fypd, Fypd, Fypd^Fyod, Fypd, Fypd, Fypd, Fypd, Qxu^Fyb\, Qxu, Qxu, Qxu, Qxu^Xyb/, Fypd, Qxu, Qxu, Qxu, Qxu, Qxu, Qxu, Xos, Xos
Xos, Xos, Xos, Xos, Xos, Xos, Xos, Xos, Rr, Rr, Rr, Xos, Qxu, Qxu, Qxu, Fypd, Qxu, Qxu, Qxu, Qxu, Qxu, Qxu, Qxu, Fypd^Bryl, Fypd, Fypd, Fypd, Fypd, Fypd, Fypd, Qxu, Qxu, Qxu, Qxu^Fyb\, Fypd, Qxu^Xyb/, Qxu, Qxu, Qxu, Qxu, Qxu, Qxu, Qxu, Qxu, Xos, Xos
Xos, Xos, Xos, Xos, Xos, Xos, Xos, Xos, Rr, 5 Rr, Rr, Xos, Qxu, Qxu, Qxu, Fypd, Qxu, Qxu, Qxu, Qxu, Qxu, Qxu, Qxu, Qxu, Qxu, Fypd, Fypd^Bryl, Fypd, Qxu, Qxu, Qxu, Qxu, Qxu, Fypd, Fypd, Fypd, Qxu, Qxu, Qxu, Qxu, Qxu, Qxu, Qxu, Qxu, Xos, Xos
Xos, Xos, Xos, Xos, Xos, Xos, Xos, Xos, Rr, 1 Rr, Rr, Xos, Xos, Qxu, Qxu, Fypd, Qxu, Qxu, Qxu, Qxu, Qxu, Qxu, Qxu, Qxu, Qxu, Qxu, Qxu, Qxu, Qxu, Qxu, Qxu, Qxu, Qxu, Qxu, Qxu, Qxu, Qxu, Qxu, Qxu, Qxu, Qxu, Qxu, Xos, Xos, Xos, Xos
Xos, Xos, Xos, Xos, Xos, Xos, Xos, Xos, Rr, Rr, Rr, Xos, Xos, Qxu, Qxu, Fypd, Qxu, Qxu, Qxu, Qxu, Xos, Qxu, Qxu, Qxu, Qxu, Qxu, Qxu, Qxu, Qxu, Qxu, Qxu, Qxu, Qxu, Qxu, Qxu, Qxu, Qxu, Qxu, Qxu, Qxu, Xos, Xos, Xos, Xos, Xos, Xos
Xos, Xos, Xos, Xos, Xos, Xos, Xos, Xos, Rr, 4 Rr, Rr, Xos, Xos, Qxu, Qxu, Fypd, Qxu, Qxu, Xos, Xos, Xos, Qxu, Qxu, Qxu, Qxu, Qxu, Qxu, Qxu, Qxu, Qxu, Qxu, Qxu, Qxu, Qxu, Qxu, Qxu, Qxu, Qxu, Xos, Xos, Xos, Xos, Xos, Xos, Xos, Xos
Xos, Xos, Xos, Xos, Xos, Xos, Xos, Xos, Rb^Cov, 2 Rb^Kov, Rb^Cov, Xos, Xos, Xos, Xos, Fypd, Xos, Xos, Xos, Xos, Xos, Qxu, Xos, Qxu, Xos, Qxu, Xos, Qxu, Xos, Qxu, Xos, Xos, Xos, Qxu, Xos, Qxu, Xos, Xos, Xos, Xos, Xos, Xos, Xos, Xos, Xos, Xos
Xos, Xos, Xos, Xos, Xos, Xos, Xos, Xos, Sm, Sm, Sm, Xos, Xos, Xos, Xos, Fypd, Xos, Xos, Xos, Xos, Xos, Xos, Xos, Xos, Xos, Xos, Xos, Xos, Xos, Xos, Xos, Xos, Xos, Xos, Xos, Xos, Xos, Xos, Xos, Xos, Xos, Xos, Xos, Xos, Xos, Xos
