border_size=1
usage=map

Mm          , Mm          , Mm          , Mm          , Mm          , Mm          , Hh          , Hh          , Mm          , Mm          , Mm          , Mm          , Mm          , Hh          , Hh          , Hh          , Hh^Fdw      , Gg          , Gg          , Ss          , Ss          , Ss          , Ss          , Ss          , Ss          , Ss          , Ss          
Mm          , Mm          , Mm          , Mm          , Mm          , Mm          , Hh          , Hh          , Mm          , Mm          , Mm          , Mm          , Mm          , Hh          , Hh^Fdw      , Hh          , Gg          , Gg          , Gg          , Gs^Fmw      , Ss          , Ss          , Ss          , Ss          , Ss          , Ss          , Ss          
Hh          , Mm          , Mm          , Mm          , Hh          , Hh          , Hh^Fdw      , Hh^Fdw      , Hh          , Mm          , Hh          , Mm          , Hh          , Hh          , Gs^Fmw      , Gg          , Gs^Fmw      , Gg          , Gg          , Gg          , Gs^Fmw      , Ss          , Ss          , Ss          , Ss          , Ss          , Ss          
Hh          , Hh          , Hh          , Hh          , Gg          , Gg          , Gg          , Gs^Fmw      , Gg          , Hh          , Hh          , Hh          , Gg          , Gg          , Gg          , Gg          , Gg          , Gg          , Gg          , Gs^Fmw      , Gs^Fmw      , Ss          , Ss          , Ss          , Ss          , Ss          , Ss          
Hh^Fdw      , Hh          , Hh          , Gg          , Gg          , Gg          , Gg          , Gg          , Gg          , Gg          , Gg          , Gg          , Gg          , Gg          , Gg          , Gg          , Gg          , Gs          , Gg          , Gg          , Gg          , Gs^Fp       , Gs^Fp       , Ss          , Ss          , Ss          , Ss          
Hh          , Hh^Fdw      , Gg          , Gg          , Gg          , Gg          , Gg          , Gg          , Gg          , Gg          , Gg          , Gg          , Gg          , Gg          , Gg          , Gg          , Gs          , Gs          , Gs          , Gg          , Gg          , Gs^Fp       , Gg          , Gs^Fmw      , Gs^Fmw      , Ss          , Ss          
Gg          , Gg          , Gg          , Gg          , Gg          , Gg          , Gg          , Gg          , Gg          , Gg          , Gg          , Gg          , Gg          , Gg          , Gs          , Gs          , Ds          , Ds          , Ds          , Gs          , Gg          , Gg          , Gg          , Gg          , Gs^Fmw      , Ss          , Gs^Fmw      
Gg          , Gg          , Gg          , Gg          , Gg          , Gg          , Gg          , Gg          , Gg          , Gg          , Gg          , Gs          , Gs          , Gs          , Ds          , Gs          , Ds          , Ds          , Gs          , Gs          , Gg          , Gs^Fmw      , Gs^Fmw      , Gg          , Gg          , Gs^Fmw      , Gs^Fmw      
Gg          , Gg          , Gg          , Gg          , Gg          , Gg          , Gs^Fp       , Gg          , Gg          , Gg          , Gg          , Gs          , Gs          , Ds          , Qxua        , Ds          , Qxua        , Ds          , Ds          , Gs          , Gs          , Gs^Fmw      , Gg          , Gg          , Gg          , Gg          , Gg          
Gg          , Gg          , Gg          , Gg          , Gs^Fp       , Gs^Fp       , Gs^Fmf      , Gs^Fp       , Gs^Fp       , Gg          , Gg          , Gs          , Gs          , Ds          , Ds          , Ds          , Ds          , Qxua        , Qxua        , Ds          , Ds          , Gs          , Gs          , Gg          , Gg          , Gg          , Gg          
Gg          , Gg          , Gg          , Gs^Fp       , Gs^Fp       , Gs^Fmf      , Gs^Fdf      , Gs^Fmf      , Gs^Fp       , Gs^Fp       , Gs^Fp       , Gg          , Gs          , Ds          , Gs          , Gs          , Gs          , Ds          , Qxua        , Ds          , Ds          , Gs          , Ds          , Gs          , Gg          , Gg          , Gg          
Gg          , Gg          , Gg          , Gs^Fp       , Gs^Fmf      , Gs^Fmf      , Gs^Fmf      , Gs^Fmf      , Gs^Fp       , Gs^Fp       , Gg          , Gg          , Gg          , Gs          , Gs          , Gs          , Gs          , Ds          , Ds          , Qxua        , Ds          , Ds          , Ds          , Gs          , Gg          , Gg          , Gg          
Gg          , Gg          , Gg          , Gg          , Gg          , Gs^Fp       , Gs^Fp       , Gs^Fp       , Gg          , Gg          , Gg          , Gg          , Gs          , Gs          , Gs          , Gs          , Ds          , Ds          , Gs          , Ds          , Gs          , Ds          , Ds          , Gs          , Gg          , Gg          , Gg          
Ww          , Gg          , Gg          , Gg          , Gg          , Gg          , Gg          , Gg          , Gg          , Gg          , Gg          , Gg          , Gg          , Gs          , Gg          , Gs          , Gs          , Gs          , Gs          , Gs          , Gg          , Gs          , Gs          , Gs          , Gs          , Gg          , Gg          
Ww          , Ww          , Ww          , Gg          , Gg          , Gg          , Gg          , Gg          , Gg          , Gg          , Gg          , Gg          , Gg          , Gg          , Gg          , Gg          , Gg          , Gs          , Gs          , Gg          , Gg          , Gg          , Gg          , Gg          , Gg          , Gg          , Gg          
Ww          , Ww          , Ww          , Ww          , Ww          , Gg          , Gg          , Gg          , Gg          , Gg          , Gg          , Gg          , Gg          , Gg          , Gg          , Gg          , Gg          , Gs          , Gg          , Gs          , Gg          , Gg          , Gg          , Gg          , Gg          , Gg          , Gg          
Ww          , Ww          , Ww          , Ww          , Ww          , Ww          , Ww          , Gg          , Gg          , Gg          , Gg          , Gg          , Gg          , Gg          , Gg          , Gg          , Gg          , Gg          , Gg          , Gs          , Gs          , Gg          , Gg          , Gg          , Gg          , Gg          , Gg          
Ww          , Ww          , Ww          , Ww          , Ww          , Ww          , Ww          , Ww          , Ww          , Gg          , Gg          , Gg          , Gg          , Gg          , Gg          , Gg          , Gg          , Gg          , Gg          , Gg          , Gg          , Gg          , Gg          , Gg          , Gg          , Gg          , Gg          
Gg          , Gg          , Gg          , Ww          , Ww          , Ww          , Ww          , Ww          , Ww          , Ww          , Ww          , Gg          , Gg          , Gg          , Gg          , Gg          , Gg          , Gg          , Gg          , Gg          , Gg          , Gg          , Gg          , Gg          , Gg          , Gg          , Gg          
Gg          , Gg          , Gg          , Gg          , Gg          , Ww          , Ww          , Ww          , Ww          , Ww          , Ww          , Ww          , Ww          , Gg          , Gg          , Gg          , Gg          , Gg          , Gg          , Gg          , Gg          , Gg          , Gg          , Gg          , Gg          , Gg          , Gg          
Gs^Fp       , Gs^Fp       , Gs^Fp       , Gs^Fp       , Gs^Fp       , Gs^Fp       , Gs^Fp       , Ww          , Ww          , Ww          , Ww          , Ww          , Ww          , Ww          , Ww          , Ww          , Ww          , Ww          , Ww          , Gg          , Gg          , Gg          , Gg          , Gg          , Gg          , Gg          , Gg          
Gs^Fmf      , Gs^Fmf      , Gs^Fmf      , Gs^Fp       , Gs^Fmf      , Gs^Fp       , Gs^Fp       , Ww          , Ww          , Ww          , Ww          , Ww          , Ww          , Ww          , Ww          , Ww          , Ww          , Ww          , Ww          , Ww          , Gg          , Gg          , Gg          , Gg          , Gg          , Gg          , Gg          
Gs^Fmf      , Gs^Fp       , Gs^Fmf      , Gs^Fmf      , Gs^Fmf      , Gs^Fmf      , Gs^Fp       , Gg          , Gg          , Ww          , Ww          , Ww          , Ww          , Ww          , Ww          , Ww          , Ww          , Ww          , Ww          , Ww          , Ww          , Gg          , Gg          , Gg          , Gg          , Gg          , Gg          
Hh^Fdf      , Gs^Fmf      , Hh^Fdf      , Gs^Fmf      , Gs^Fmf      , Gs^Fmf      , Gs^Fp       , Gg          , Gg          , Gg          , Gg          , Ww          , Ww          , Ww          , Ww          , Ww          , Ww          , Ww          , Ww          , Ww          , Ww          , Ww          , Ww          , Gg          , Gg          , Gg          , Gg          
Hh^Fdf      , Hh^Fdf      , Gs^Fmf      , Gs^Fmf      , Gs^Fmf      , Gs^Fp       , Gs^Fp       , Gg          , Gg          , Gg          , Gg          , Gg          , Ww          , Ww          , Ww          , Ww          , Ww          , Ww          , Ww          , Ww          , Ww          , Ww          , Ww          , Ww          , Gg          , Gg          , Gg          
Hh^Fdf      , Hh^Fdf      , Gs^Fmf      , Gs^Fmf      , Gs^Fmf      , Gs^Fp       , Gs^Fp       , Gg          , Gg          , Gg          , Gg          , Gg          , Gg          , Ww          , Ww          , Ww          , Ww          , Ww          , Ww          , Ww          , Ww          , Ww          , Ww          , Ww          , Ww          , Ww          , Ww          
Hh^Fdf      , Gs^Fmf      , Gs^Fp       , Gs^Fmf      , Gs^Fp       , Gs^Fp       , Gg          , Gg          , Gg          , Gg          , Gg          , Gg          , Gg          , Ww          , Ww          , Ww          , Ww          , Ww          , Ww          , Ww          , Ww          , Ww          , Ww          , Ww          , Ww          , Ww          , Ww          
Hh^Fdf      , Gs^Fmf      , Gs^Fmf      , Gs^Fmf      , Gs^Fp       , Gg          , Gg          , Gg          , Gg          , Gg          , Gg          , Gg          , Gg          , Ww          , Ww          , Ww          , Ww          , Ww          , Ww          , Ww          , Ww          , Ww          , Ww          , Ww          , Ww          , Ww          , Ww          
Gs^Fp       , Gs^Fp       , Gs^Fp       , Gs^Fp       , Gg          , Gg          , Gg          , Gg          , Gg          , Gg          , Gg          , Gg          , Gg          , Gg          , Gg          , Ww          , Gg          , Ww          , Ww          , Ww          , Ww          , Ww          , Ww          , Ww          , Ww          , Ww          , Ww          
Gs^Fp       , Gs^Fp       , Gg          , Gg          , Gg          , Gg          , Gg          , Gg          , Gg          , Gg          , Gg          , Gg          , Gg          , Gg          , Gg          , Gg          , Gg          , Gg          , Gg          , Ww          , Ww          , Ww          , Ww^Bw/      , Ww          , Ww          , Ww          , Ww          
Gg          , Gs^Fp       , Gg          , Gg          , Gg          , Gg          , Gg          , Gg          , Gg          , Gg          , Gg          , Gg          , Gg          , Gg          , Gg          , Gg          , Gg          , Gg          , Gg          , Gg          , Gg          , Gg^Vh       , Gg          , Ww          , Ww          , Ww          , Ww          
Gg          , Gg          , Gg          , Gg          , Gg          , Gg          , Gg          , Gg          , Gg          , Gg          , Gg          , Gg          , Gg          , Gg          , Gg          , Gg          , Gg          , Gg          , Rp          , Rp          , Rp          , Rp          , Gg          , Gg          , Ww          , Ww          , Ww          
Gg          , Gg          , Gg          , Gg          , Gg          , Gg          , Gg          , Gg          , Gg          , Gg          , Re^Gvs      , Gg          , Re^Gvs      , Re^Gvs      , Re^Gvs      , Re^Gvs      , Rd          , Rd          , Gg          , Gg          , Gg          , Gg          , Gg          , Gg          , Gg          , Ww          , Ww          
Gg          , Gg          , Gg          , Gg          , Gg          , Gg          , Gg          , Re^Gvs      , Re^Gvs      , Re^Gvs      , Re^Gvs      , Re^Gvs      , Re^Gvs      , Gs^Vc       , Rd          , Rd          , Re^Gvs      , Re^Gvs      , Gg          , Gg          , Gg          , Gg          , Gg          , Gg          , Gg          , Gg          , Gg          
Gg          , Gg          , Gg          , Gg          , Gg          , Gg          , Gg          , Gg          , Gg          , Re^Gvs      , Gg          , Re^Gvs      , Re^Gvs      , Re^Gvs      , Re^Gvs      , Re^Gvs      , Re^Gvs      , Gg          , Gg          , Gg          , Gg          , Gg          , Gg          , Gg          , Gg          , Gg          , Gg          
Gg          , Gg          , Gg          , Gg          , Gg          , Gg          , Gg          , Gg          , Gg          , Gg          , Gg          , Gg          , Gg          , Gg          , Gg          , Re^Gvs      , Gg          , Gg          , Gg          , Gg          , Gg          , Gg          , Gg          , Gg          , Gg          , Gg          , Gg          
Gg          , Gg          , Gg          , Gg          , Gg          , Gg          , Gg          , Gg          , Gg          , Gg          , Gg          , Gg          , Gg          , Gg          , Gg          , Gg          , Gg          , Gg          , Gg          , Gg          , Gg          , Gg          , Gg          , Gg          , Gg          , Gg          , Gg          
Gs^Fp       , Gg          , Gs^Fp       , Gg          , Gs^Fp       , Gg          , Gs^Fp       , Gg          , Gs^Fmf      , Gg          , Gg          , Gg          , Gg          , Gg          , Gg          , Gg          , Gg          , Gg          , Gg          , Gg          , Gg          , Gg          , Gg          , Gg          , Gg          , Gg          , Gg          
Gs^Fp       , Gs^Fp       , Gs^Fp       , Gs^Fp       , Gs^Fp       , Gs^Fp       , Gs^Fmf      , Gs^Fmf      , Gs^Fmf      , Gs^Fmf      , Gs^Fp       , Gg          , Gg          , Gg          , Gg          , Gg          , Gg          , Gg          , Gs^Fp       , Gg          , Gs^Fp       , Gg          , Gs^Fp       , Gg          , Gs^Fp       , Gg          , Gs^Fp       
Gs^Fp       , Gs^Fp       , Gs^Fp       , Gs^Fp       , Gs^Fp       , Gs^Fp       , Gs^Fp       , Gs^Fmf      , Gs^Fmf      , Gs^Fmf      , Gs^Fmf      , Gs^Fp       , Gg          , Gg          , Gg          , Gg          , Gs^Fp       , Gs^Fp       , Gs^Fp       , Gs^Fp       , Gs^Fp       , Gs^Fp       , Gs^Fp       , Gs^Fp       , Gs^Fp       , Gs^Fp       , Gs^Fp       
Gs^Fp       , Gs^Fp       , Gs^Fp       , Gs^Fp       , Gs^Fp       , Gs^Fp       , Gs^Fp       , Gs^Fmf      , Gs^Fmf      , Gs^Fmf      , Gs^Fmf      , Gs^Fp       , Gs^Fp       , Gg          , Gs^Fp       , Gs^Fp       , Gs^Fp       , Gs^Fp       , Gs^Fp       , Gs^Fp       , Gs^Fp       , Gs^Fp       , Gs^Fp       , Gs^Fp       , Gs^Fp       , Gs^Fp       , Gs^Fp       
Gs^Fp       , Gs^Fp       , Gs^Fp       , Gs^Fp       , Gs^Fp       , Gs^Fp       , Gs^Fmf      , Gs^Fmf      , Gs^Fdf      , Gs^Fmf      , Gs^Fdf      , Gs^Fmf      , Gs^Fmf      , Gs^Fp       , Gs^Fp       , Gs^Fp       , Gs^Fp       , Gs^Fp       , Gs^Fp       , Gs^Fp       , Gs^Fp       , Gs^Fp       , Gs^Fp       , Gs^Fp       , Gs^Fp       , Gs^Fp       , Gs^Fp       
Gs^Fp       , Gs^Fp       , Gs^Fp       , Gs^Fp       , Gs^Fp       , Gs^Fp       , Gs^Fmf      , Gs^Fdf      , Gs^Fdf      , Gs^Fdf      , Gs^Fdf      , Gs^Fdf      , Gs^Fmf      , Gs^Fp       , Gs^Fp       , Gs^Fp       , Gs^Fp       , Gs^Fp       , Gs^Fp       , Gs^Fp       , Gs^Fp       , Gs^Fp       , Gs^Fp       , Gs^Fp       , Gs^Fp       , Gs^Fp       , Gs^Fp       
Gs^Fp       , Gs^Fp       , Gs^Fp       , Gs^Fp       , Gs^Fp       , Gs^Fp       , Gs^Fp       , Gs^Fmf      , Gs^Fmf      , Gs^Fdf      , Gs^Fmf      , Gs^Fmf      , Gs^Fmf      , Gs^Fmf      , Gs^Fmf      , Gs^Fp       , Gs^Fp       , Gs^Fp       , Gs^Fp       , Gs^Fp       , Gs^Fp       , Gs^Fp       , Gs^Fp       , Gs^Fp       , Gs^Fp       , Gs^Fp       , Gs^Fp       
Gs^Fp       , Gs^Fp       , Gs^Fp       , Gs^Fp       , Gs^Fp       , Gs^Fp       , Gs^Fp       , Gs^Fp       , Gs^Fp       , Gs^Fmf      , Gs^Fmf      , Gs^Fmf      , Gs^Fp       , Gs^Fp       , Gs^Fp       , Gs^Fmf      , Gs^Fp       , Gs^Fp       , Gs^Fp       , Gs^Fp       , Gs^Fp       , Gs^Fp       , Gs^Fp       , Gs^Fp       , Gs^Fp       , Gs^Fp       , Gg          
Gs^Fp       , Gs^Fp       , Gs^Fp       , Gs^Fp       , Gs^Fp       , Gs^Fp       , Gs^Fp       , Gs^Fp       , Gs^Fp       , Gs^Fp       , Gg          , Gs^Fmf      , Gg          , Gs^Fp       , Gg          , Gs^Fp       , Gg          , Gs^Fp       , Gg          , Gs^Fp       , Gg          , Gs^Fp       , Gs^Fp       , Gs^Fp       , Gg          , Gg          , Gg          
Gs^Fp       , Gs^Fp       , Gs^Fp       , Gs^Fp       , Gs^Fp       , Gs^Fp       , Gs^Fp       , Gg          , Gg          , Gg          , Gg          , Gg          , Gg          , Gg          , Gg          , Gg          , Gg          , Gg          , Gg          , Gg          , Gg          , Gg          , Gg          , Gg          , Gg          , Gg          , Gg          
Gs^Fp       , Gs^Fp       , Gs^Fp       , Gs^Fp       , Gs^Fp       , Gs^Fp       , Gg          , Gg          , Gg          , Gg          , Gg          , Gg          , Gg          , Gg          , Gg          , Gg          , Gg          , Gg          , Gg          , Gg          , Gg          , Gg          , Gg          , Gg          , Gg          , Gg          , Gg          
Gs^Fp       , Gs^Fp       , Gs^Fp       , Gs^Fp       , Gs^Fp       , Gg          , Gg          , Gg          , Gg          , Gg          , Gg          , Gg          , Gg          , Gg          , Gg          , Gg          , Gg          , Gg          , Ww          , Gg          , Gg          , Gg          , Gg          , Gg          , Gg          , Gg          , Gg          
Gs^Fp       , Gs^Fp       , Gs^Fp       , Gs^Fp       , Gs^Fp       , Gg          , Gg          , Gg          , Gg          , Gg          , Gs          , Gg          , Gg          , Gg          , Gg          , Gg          , Gg          , Ww          , Ww          , Ww          , Gg          , Gg          , Gg          , Gg          , Gg          , Gg          , Gg          
Gg          , Gs^Fp       , Gg          , Gs^Fp       , Gg          , Gg          , Gg          , Gg          , Gs          , Gs          , Gs          , Gs          , Gg          , Gg          , Gg          , Gg          , Gg          , Ww          , Gg          , Gg          , Gg          , Gg          , Gg          , Gg          , Gg          , Gg          , Gg          
Gg          , Gg          , Gg          , Gg          , Gg          , Gg          , Gg          , Gs          , Gs          , Gs          , Gs          , Gs          , Gg          , Gg          , Gg          , Gg          , Gg          , Gg          , Gg          , Gg          , Gg          , Gg          , Gg          , Gg          , Gg          , Gg          , Gg          
Gg          , Gg          , Gg          , Gg          , Gg          , Gg          , Gg          , Gg          , Gs          , Gs          , Gs          , Gg          , Gg          , Gg          , Gs^Fdf      , Gg          , Re^Gvs      , Gg          , Re^Gvs      , Gg          , Gg          , Gg          , Gg          , Gg          , Gg          , Gg          , Gg          
Gg          , Gg          , Gg          , Gg          , Gg          , Gg          , Gg          , Gg          , Gg          , Gg          , Gg          , Gg          , Gg          , Re^Gvs      , Re^Gvs      , Re^Gvs      , Re^Gvs      , Re^Gvs      , Re^Gvs      , Gg          , Gg          , Gg          , Gg          , Gg          , Gg          , Gg          , Gg          
Gg          , Gg          , Re^Gvs      , Gg          , Gg          , Gg          , Gg          , Gg          , Gg          , Gg          , Gg          , Gg          , Gs^Fdf      , Re^Gvs      , Re^Gvs      , Re^Gvs      , Re^Gvs      , Re^Gvs      , Re^Gvs      , Re^Gvs      , Gg          , Gg          , Gg          , Gg          , Gg          , Gg          , Gg          
Re^Gvs      , Re^Gvs      , Re^Gvs      , Re^Gvs      , Re^Gvs      , Gg          , Gg          , Gg          , Gg          , Gg          , Re^Gvs      , Re^Gvs      , Re^Gvs      , Re^Gvs      , Re^Gvs      , Re^Gvs      , Re^Gvs      , Re^Gvs      , Gg          , Gg          , Gg          , Gg          , Gg          , Gg          , Gg          , Gg          , Gg          
Re^Gvs      , Re^Gvs      , Re^Gvs      , Re^Gvs      , Re^Gvs      , Re^Gvs      , Re^Gvs      , Gg          , Re^Gvs      , Re^Gvs      , Re^Gvs      , Re^Gvs      , Re^Gvs      , Re^Gvs      , Re^Gvs      , Re^Gvs      , Gg          , Gg          , Gg          , Gg          , Gs^Fdf      , Gg          , Re          , Gg          , Gg          , Gg          , Gg          
Re^Gvs      , Re^Gvs      , Re^Gvs      , Re^Gvs      , Re^Gvs      , Re^Gvs      , Re^Gvs      , Gs^Vc       , Re^Gvs      , Re^Gvs      , Re^Gvs      , Re^Gvs      , Re^Gvs      , Re^Gvs      , Gg          , Gg          , Gg          , Gg          , Gs^Fdf      , Gs^Fdf      , Re          , Re          , Gg          , Gg          , Gg          , Gg          , Gg          
Re^Gvs      , Re^Gvs      , Re^Gvs      , Re^Gvs      , Re^Gvs      , Re^Gvs      , Re^Gvs      , Re^Gvs      , Re^Gvs      , Re^Gvs      , Re^Gvs      , Re^Gvs      , Re^Gvs      , Re^Gvs      , Gg          , Gg          , Re          , Re          , Re          , Re          , Re^Gvs      , Re^Gvs      , Gg          , Gg          , Gg          , Gg          , Gg          
Gg          , Re^Gvs      , Re^Gvs      , Re^Gvs      , Re^Gvs      , Re^Gvs      , Re^Gvs      , Re^Gvs      , Re^Gvs      , Re^Gvs      , Re^Gvs      , Re^Gvs      , Re^Gvs      , Gs^Fdf      , Re          , Re          , Re^Gvs      , Re          , Re^Gvs      , Re^Gvs      , Gg          , Gg          , Gg          , Gg          , Gg          , Gg          , Rp          
Gg          , Gg          , Gg          , Re^Gvs      , Gg          , Re^Gvs      , Gg          , Re^Gvs      , Gg          , Re^Gvs      , Gg          , Re^Gvs      , Re^Gvs      , Re^Gvs      , Re^Gvs      , Re^Gvs      , Re^Gvs      , Re^Gvs      , Re^Gvs      , Gg          , Gg          , Gg          , Gg          , Gg          , Rp          , Rp          , Rp          
Re          , Re          , Re          , Gg          , Re          , Gg          , Gg          , Gg          , Gg          , Gg          , Re^Gvs      , Re^Gvs      , Re^Gvs      , Re^Gvs      , Re^Gvs      , Re^Gvs      , Re^Gvs      , Re^Gvs      , Gg          , Gg          , Gg          , Gg          , Rp          , Rp          , Rp          , Rp          , Gg          
Re^Gvs      , Gg          , Gg          , Re          , Gg          , Re          , Re          , Gg          , Gg          , Gg          , Gg          , Re^Gvs      , Gg          , Re^Gvs      , Gg          , Re^Gvs      , Gg          , Gg          , Gg          , Gg          , Rp          , Rp          , Rp          , Rp          , Gg          , Gg          , Gg          
Re^Gvs      , Re^Gvs      , Re^Gvs      , Gg          , Gg          , Gg          , Gg          , Re          , Re          , Gs          , Gs          , Gg          , Gg          , Gg          , Gg          , Gg          , Gg          , Gg          , Rp          , Rp          , Gg          , Gg          , Gg          , Gg          , Gg          , Gg          , Gg          
Re^Gvs      , Re^Gvs      , Re^Gvs      , Re^Gvs      , Re^Gvs      , Gg          , Gg          , Gg          , Gg          , Re          , Re          , Gs          , Gg          , Gg          , Gg          , Gg          , Rp          , Rp          , Gg          , Gg          , Gg          , Gg          , Gs^Vc       , Gg          , Re^Gvs      , Re^Gvs      , Re^Gvs      
Re^Gvs      , Re^Gvs      , Re^Gvs      , Re^Gvs      , Re^Gvs      , Re^Gvs      , Re^Gvs      , Gg          , Gg          , Gg          , Gg          , Re          , Re          , Ce          , Rp          , Rp          , Gg          , Gg          , Re^Gvs      , Gg          , Re^Gvs      , Re^Gvs      , Re^Gvs      , Re^Gvs      , Re^Gvs      , Re^Gvs      , Re^Gvs      
Re^Gvs      , Re^Gvs      , Re^Gvs      , Re^Gvs      , Re^Gvs      , Re^Gvs      , Re^Gvs      , Gg          , Gg          , Gg          , Gg          , Gg          , Rp          , Rp          , Gg          , Gg          , Re^Gvs      , Re^Gvs      , Re^Gvs      , Re^Gvs      , Re^Gvs      , Re^Gvs      , Re^Gvs      , Re^Gvs      , Re^Gvs      , Re^Gvs      , Re^Gvs      
Re^Gvs      , Re^Gvs      , Re^Gvs      , Re^Gvs      , Re^Gvs      , Re^Gvs      , Re^Gvs      , Re^Gvs      , Re^Gvs      , Gg          , Gg          , Gg          , Rp          , Gg          , Gg          , Gg          , Re^Gvs      , Re^Gvs      , Re^Gvs      , Re^Gvs      , Re^Gvs      , Re^Gvs      , Re^Gvs      , Re^Gvs      , Re^Gvs      , Re^Gvs      , Re^Gvs      
Re^Gvs      , Re^Gvs      , Re^Gvs      , Re^Gvs      , Re^Gvs      , Re^Gvs      , Re^Gvs      , Re^Gvs      , Re^Gvs      , Gg          , Gg          , Gg          , Rp          , Gg          , Gg          , Gg          , Re^Gvs      , Re^Gvs      , Re^Gvs      , Re^Gvs      , Re^Gvs      , Re^Gvs      , Re^Gvs      , Re^Gvs      , Re^Gvs      , Re^Gvs      , Re^Gvs      
Re^Gvs      , Re^Gvs      , Re^Gvs      , Re^Gvs      , Re^Gvs      , Re^Gvs      , Re^Gvs      , Re^Gvs      , Re^Gvs      , Re^Gvs      , Gg          , Gg          , Rp          , Gg          , Gg          , Re^Gvs      , Re^Gvs      , Re^Gvs      , Re^Gvs      , Re^Gvs      , Re^Gvs      , Re^Gvs      , Re^Gvs      , Re^Gvs      , Re^Gvs      , Re^Gvs      , Re^Gvs      
Re^Gvs      , Re^Gvs      , Re^Gvs      , Re^Gvs      , Re^Gvs      , Re^Gvs      , Re^Gvs      , Re^Gvs      , Re^Gvs      , Re^Gvs      , Gg          , Gg          , Rp          , Gg          , Gg          , Re^Gvs      , Re^Gvs      , Re^Gvs      , Re^Gvs      , Re^Gvs      , Re^Gvs      , Re^Gvs      , Re^Gvs      , Re^Gvs      , Re^Gvs      , Re^Gvs      , Gg          
Re^Gvs      , Re^Gvs      , Gg          , Re^Gvs      , Re^Gvs      , Re^Gvs      , Re^Gvs      , Re^Gvs      , Re^Gvs      , Re^Gvs      , Re^Gvs      , Gg          , Rp          , Gg          , Re^Gvs      , Re^Gvs      , Re^Gvs      , Re^Gvs      , Re^Gvs      , Re^Gvs      , Re^Gvs      , Re^Gvs      , Re^Gvs      , Re^Gvs      , Re^Gvs      , Gs^Fdf      , Gs^Fdw      
Gg          , Gg          , Gg          , Gg          , Gs          , Re^Gvs      , Re^Gvs      , Re^Gvs      , Gs          , Gg          , Gg          , Gg          , Rp          , Gg          , Re^Gvs      , Re^Gvs      , Re^Gvs      , Gg          , Gg          , Re^Gvs      , Gg          , Re^Gvs      , Re^Gvs      , Re^Gvs      , Gg          , Gs^Fdf      , Gs^Fdf      
Gs          , Gs          , Gg          , Gg          , Re^Gvs      , Re^Gvs      , Re^Gvs      , Gg          , Gg          , Gg^Vh       , Gg          , Gg          , Rp          , Gg          , Re^Gvs      , Re^Gvs      , Gg          , Gg^Vh       , Gg          , Gg          , Gg          , Gg          , Gg          , Gs          , Gg          , Gg          , Ww          
Gg          , Gg          , Gg          , Gg          , Gg          , Gg          , Gg          , Gg          , Ww          , Gg^Vh       , Ww          , Gg          , Rr          , Gg          , Gg          , Gg          , Gg^Vh       , Gg          , Ww          , Gg          , Ww          , Ww          , Ww          , Ww          , Ww          , Ww          , Ww          
Gg          , Gg          , Ww          , Ww          , Ww          , Ww          , Ww          , Ww          , Ww          , Ww          , Ww          , Ww          , Ww^Bw|      , Ww          , Ww          , Ww          , Ww          , Ww          , Ww          , Ww          , Ww          , Ww          , Ww          , Ww          , Ww          , Ww          , Wo          
Ww          , Ww          , Ww          , Ww          , Ww          , Ww          , Ww          , Ww          , Chr         , Chr         , Ww          , Ww          , Rr          , Ww          , Chr         , Ww          , Ww          , Ww          , Wo          , Ww          , Wo          , Ww          , Wo          , Wo          , Wo          , Wo          , Hh          
Ww          , Ww          , Wo          , Wo          , Ch          , Wo          , Wo          , Wo          , Gg^Vh       , Gg          , Gs          , Gg          , Rr          , Gg          , Gg          , Chr         , Gg^Vh       , Hh          , Hh          , Wo          , Hh          , Wo          , Hh          , Hh          , Hh          , Hh          , Rr          
Ww^Bw\      , Ww          , Rr          , Ch          , Gg^Vh       , Hh          , Hh          , Hh          , Gg          , Gg          , Gg          , Gg          , Rr          , Gg          , Gs          , Gg          , Gg          , Gg          , Gg          , Hh          , Rr          , Hh          , Rr          , Rr          , Rr          , Rr          , Gg          
Rr          , Rr          , Gg          , Rr          , Rr          , Gg          , Rr          , Rr          , Rr          , Rr          , Rr          , Rr          , Rr          , Rr          , Rr          , Gg          , Rr          , Gg          , Rr          , Rr          , Gg          , Rr          , Ch          , Ch          , Gg          , Rr          , Gg          
Rr          , Gg          , Gg          , Gg          , Gg          , Rr          , Gg          , Gg          , Gg          , Gg          , Gs          , Gg          , Rr          , Gg          , Gg          , Rr          , Rr          , Rr          , Gs^Fdf      , Rr          , Rr          , Gg          , Chr         , Rp^Vhc      , Ch          , Ch          , Ch          
Rr          , Gg          , Ch          , Ch          , Gg          , Rr          , Gg          , Ch          , Chr         , Gg          , Rr          , Rr          , Gs^Fdw      , Rr          , Ce          , Ce          , Rr          , Gs^Fdw      , Gs^Fdf      , Gs^Fdf      , Rr          , Gg          , Gg          , Gg          , Ch          , Kh          , Ch          
Rr          , Gg          , Ch          , Rp^Vhc      , Ch          , Ch          , Ch          , Rp^Vhc      , Chr         , Gg          , Rr          , Gs^Fdf      , Gs^Fdf      , Rr          , Gg          , Ce          , Rr          , Gs^Fdf      , Gs^Fdw      , Gs^Fdf      , Rr          , Gg          , Rr          , Rr          , Gg          , Ch          , Gg          
Rr          , Gg          , Gg          , Gg          , Ch          , Kh          , Ch          , Gg          , Gg          , Gg          , Rr          , Gs^Fdf      , Gs^Fdf      , Rr          , Rr          , Gg          , Rr          , Rr          , Rr          , Rr          , Gg          , Rr          , Gg          , Gg          , Ch          , Rp^Vhc      , Ch          
Gg          , Rr          , Rr          , Rr          , Gg          , Ch          , Gg          , Rr          , Rr          , Rr          , Gs^Fdw      , Gs^Fdf      , Rr          , Rr          , Rr          , Rr          , Rr          , Gg          , Gg          , Ce          , Ce          , Rr          , Gg          , Gg          , Gg          , Ch          , Gg          
Gg          , Rr          , Gg          , Gg          , Ch          , Rp^Vhc      , Ch          , Gg          , Gs          , Rr          , Rr          , Rr          , Gg          , Gg          , Rr          , Gg          , Gg          , Rr          , Rr          , Ce          , Rr          , Rr          , Rr          , Rr          , Rr          , Gg          , Rr          
Gg          , Rr          , Gg          , Gg          , Gg          , Ch          , Gg          , Gg          , Rr          , Rr          , Gg          , Gg          , Ss          , Ss          , Ss^Bw|      , Ss          , Ss          , Gg          , Gg          , Rr          , Rr          , Rr          , Gg          , Gg          , Gs          , Rr          , Gs^Fdf      
Hh          , Rr          , Rr          , Rr          , Rr          , Gg          , Rr          , Gg          , Rr          , Gg          , Ss          , Ss          , Chs         , Rp^Vhc      , Rr          , Rp^Vhc      , Ch          , Ss          , Ss          , Gg          , Rr          , Gg          , Ce          , Ce          , Gg          , Rr          , Gs^Fdf      
Hh          , Gg          , Rr          , Gg          , Ce          , Rr          , Gs^Fdf      , Rr          , Rr          , Ss          , Chs         , Chs         , Gg          , Gg          , Rr          , Gs          , Gg          , Ch          , Chr         , Ss          , Rr          , Gg          , Gg          , Ce          , Gg          , Rr          , Gs^Fdf      
Hh          , Gg          , Rr          , Ce          , Ce          , Rr          , Gs^Fdw      , Gs^Fdf      , Rr          , Ss          , Chs         , Gg          , Gg          , Gg          , 5 Chr       , Gg          , Gs          , Gg          , Ch          , Ss          , Rr          , Rr          , Rr          , Gg          , Rr          , Rr          , Rr          
Hh          , Gg          , Rr          , Gg          , Gg          , Rr          , Gs^Fdf      , Gs^Fdw      , Rr          , Ss          , Chs         , Gg          , Gg          , Chr         , 2 Khr       , Chr         , Gg          , Gg          , Ch          , Ss          , Rr          , Gg          , Ce          , Rr          , Rr          , Gg          , Ce          
Gg^Vh       , Gg          , Rr          , Gg          , Rr          , Rr          , Rr          , Rr          , Rr          , Ss          , Rp^Vhc      , Gg          , Rr          , Chr         , Chr         , Chr         , Rr          , Gs          , Rp^Vhc      , Ss          , Rr          , Ce          , Ce          , Gg          , Rr          , Ce          , Ce          
Ch          , Gg          , Gg          , Rr          , Gg          , Gg          , Gs          , Gs          , Rr          , Ss          , Ss^Bw/      , Rr          , Gg          , Gg          , Gs          , Gg          , Gg          , Rr          , Ss^Bw\      , Ss          , Rr          , Rr          , Rr          , Rr          , Rr          , Rr          , Rr          
Ww          , Ch          , Gg          , Rr          , Gg          , Ce          , Ce          , Gg          , Rr          , Rr          , Ss          , Rp^Vhc      , Chr         , Gg          , 1 Gg        , Gg          , Ch          , Rp^Vhc      , Ss          , Rr          , Rr          , Gg          , Ce          , Gg          , Gg          , Rr          , Gg          
Ww          , Gg          , Gg          , Rr          , Gg          , Ce          , Rr          , Rr          , Gs^Fdf      , Rr          , Rr          , Ss          , Ss          , Ch          , Chr         , Ch          , Ss          , Ss          , Rr          , Rr          , Rr          , Gg          , Ce          , Ce          , Gg          , Rr          , Gg          
Ww          , Ww          , Ww^Bw/      , Rr          , Rr          , Rr          , Rr          , Gs^Fdf      , Gs^Fdf      , Gs^Fdf      , Rr          , Rr          , Rr          , Ss          , Ss          , Ss          , Rr          , Rr          , Ce          , Gg          , Gg          , Rr          , Rr          , Gg          , Rr          , Rr          , Gg          
Rr          , Ww^Bw/      , Ww          , Ww          , Ch          , Gg          , Rr          , Gs^Fdw      , Rr          , Rr          , Gg          , Gg          , Ce          , Rr          , Rr          , Rr          , Gg         , Ce          , Ce          , Ce          , Rr          , Rr          , Gs^Fdf      , Rr          , Gs^Fdf      , Rr          , Hh          
