border_size=1
usage=map

Xuc, Xuc, Xuc, Xuc, Xuc, Xuc, Xuc, Xuc, Xuc, Xuc, Xuc, Xuc, Xuc, Xuc, Xuc, Xuc, Xuc, Xuc, Xuc, Xuc, Xuc, Xuc, Xuc, Xuc, Xuc, Xuc, Xuc, Xuc, Xuc, Xuc, Xuc, Xuc, Xuc, Xuc, Xuc, Xuc, Xuc, Xuc, Xuc, Xuc, Xuc, Xuc, Xuc, Xuc, Xuc, Xuc
Xuc, Xuc, Xuc, Xuc, Xuc, Xuc, Xu, Xu, Xu, Xu, Xu, Xuc, Xu, Xuc, Xuc, Xuc, Xuc, Xuc, Xuc, Xuc, Xuc, Xuc, Xuc, Xuc, Xuc, Xuc, Xuc, Xuc, Xuc, Xuc, Xuc, Xuc, Xuc, Xuc, Xuc, Xuc, Xuc, Xuc, Xuc, Xuc, Xuc, Xuc, Xuc, Xuc, Xuc, Xuc
Xuc, Xuc, Xuc, Xuc, Xuc, Xuc, Xu, Xu, Xu, Xu, Xu, Xu, Xu, Xu, Xu, Xuc, Xuc, Xuc, Xuc, Xuc, Xuc, Xuc, Xuc, Xuc, Xuc, Xuc, Xuc, Xuc, Xuc, Xuc, Xuc, Xuc, Xuc, Xuc, Xuc, Xuc, Xuc, Xuc, Xuc, Xuc, Xuc, Xuc, Xuc, Xuc, Xuc, Xuc
Xuc, Xuc, Xuc, Xuc, Xu, Xu, Xu, Xu, Xu, Xu, Xu, Xu, Xu, Xu, Xu, Xu, Xuc, Xuc, Xuc, Xuc, Xuc, Xuc, Xuc, Xuc, Xuc, Xuc, Xuc, Xuc, Xuc, Xuc, Xuc, Xuc, Xuc, Xuc, Xuc, Xuc, Xuc, Xuc, Xuc, Xuc, Xuc, Xuc, Xuc, Xuc, Xuc, Xuc
Xuc, Xuc, Xuc, Xuc, Xuc, Xu, Xu, Xu, Xu, Xu, Xu, Xu, Xu, Xu, Xu, Xu, Xu, Xuc, Xuc, Xuc, Xuc, Xuc, Xuc, Xuc, Xuc, Xuc, Xuc, Xuc, Xuc, Xuc, Xuc, Xuc, Xuc, Xuc, Xuc, Xuc, Xuc, Xuc, Xuc, Xuc, Xuc, Xuc, Xuc, Xuc, Xuc, Xuc
Xuc, Xuc, Xuc, Xuc, Xuc, Xu, Xu, Xu, Xu, Xu, Xu, Xu, Xu, Xu, Xu, Xu, Xu, Xu, Xu, Xuc, Xuc, Xuc, Xuc, Xuc, Xuc, Xuc, Xuc, Xuc, Xuc, Xuc, Xuc, Xuc, Xuc, Xuc, Xuc, Xuc, Xuc, Xuc, Xuc, Xuc, Xuc, Xuc, Xuc, Xuc, Xuc, Xuc
Xuc, Xuc, Xuc, Xuc, Xuc, Xu, Xu, Xu, Xu, Xu, Xu, Xu, Xu, Xu, Xu, Xu, Xu, Xu, Xu, Xuc, Xuc, Xuc, Xuc, Xuc, Xuc, Xuc, Xuc, Xuc, Xuc, Xuc, Xuc, Xuc, Xuc, Xuc, Xuc, Xuc, Xuc, Xuc, Xuc, Xuc, Xuc, Xuc, Xuc, Xuc, Xuc, Xuc
Xuc, Xuc, Xu, Xuc, Xuc, Xu, Xu, Xu, Xu, Xu, Xu, Xu, Xu, Xu, Xu, Xu, Xu, Xu, Xu, Xuc, Xuc, Xuc, Xuc, Xuc, Xuc, Xuc, Xuc, Xuc, Xuc, Xuc, Xuc, Xuc, Xuc, Xuc, Xuc, Xuc, Xuc, Xuc, Xuc, Xuc, Xuc, Xuc, Xuc, Xuc, Xuc, Xuc
Xuc, Xuc, Xu, Xu, Xu, Xu, Xu, Xu, Uu, Xu, Uu, Xu, Uh, Xu, Ur, Xu, Xu, Xu, Xu, Xuc, Xuc, Xuc, Xuc, Xuc, Xuc, Xuc, Xuc, Xuc, Xuc, Xuc, Xuc, Xuc, Xuc, Xuc, Xuc, Xuc, Xuc, Xuc, Xuc, Xuc, Xuc, Xuc, Xuc, Xuc, Xuc, Xuc
Xuc, Xu, Xu, Xu, Xu, Xu, Uu^Uf, Uu, Uu, Uu, Uh, Uh, Uh, Uu, Uu, Ur, Uu, Xu, Xu, Xuc, Xuc, Xuc, Xuc, Xuc, Xuc, Xuc, Xuc, Xuc, Xuc, Xuc, Xuc, Xuc, Xuc, Xuc, Xuc, Xuc, Xuc, Xuc, Xuc, Xuc, Xuc, Xuc, Xuc, Xuc, Xuc, Xuc
Xuc, Xuc, Xu, Xu, Uh, Uh, Uu, Ur, Uu, Uh, Uh, Uh, Uh, Uh, Uu, Ur, Uu, Uu^Uf, Xu, Xuc, Xuc, Xuc, Xuc, Xuc, Xuc, Xuc, Xuc, Xuc, Xuc, Xuc, Xuc, Xuc, Xuc, Xuc, Xuc, Xuc, Xuc, Xuc, Xuc, Xuc, Xuc, Xuc, Xuc, Xuc, Xuc, Xuc
Xuc, Xuc, Xu, Uh, Uu^Vu, Uh, Uu, Ur, Uu, Uu, Uh, Uh, Uh, Uh, Uu, Ur, Uu, Uu^Uf, Uu^Uf, Xu, Xu, Xuc, Xuc, Xuc, Xuc, Xuc, Xuc, Xuc, Xuc, Xuc, Xuc, Xuc, Xuc, Xuc, Xuc, Xuc, Xuc, Xuc, Xuc, Xuc, Xuc, Xuc, Xuc, Xuc, Xuc, Xuc
Xuc, Xuc, Xu, Uh, Uh, Ur, Ur, Ur, Rb, Uu, Uu, Uu^Vyb, Uu, Uu, Uu^Uf, Ur, Uu, Uu, Uu^Uf, Xu, Xu, Xuc, Xuc, Xuc, Xuc, Xuc, Xuc, Xuc, Xuc, Xuc, Xuc, Xuc, Xuc, Xuc, Xuc, Xuc, Xuc, Xuc, Xuc, Xuc, Xuc, Xuc, Xuc, Xuc, Xuc, Xuc
Xuc, Xuc, Xu, Uh, Uu, Uu, Ur, Rb, Rb, Rb, Rb, Ur, Uu, Uu, Ur, Ur, Uu, Uu, Uu, Uu^Uf, Xu, Xu, Xuc, Xuc, Xuc, Xuc, Xuc, Xuc, Xuc, Xuc, Xuc, Xuc, Xuc, Xuc, Xuc, Xuc, Xuc, Xuc, Xuc, Xuc, Xuc, Xuc, Xuc, Xuc, Xuc, Xuc
Xuc, Xuc, Xu, Uh, Uu, Ur, Ur, Rb, Uu, Uu, Uu, Ur, Ur, Ur, Uu, Ce, Uu, Uu^Vu, Uu, Uu^Uf, Uu^Uf, Xu, Xuc, Xuc, Xuc, Xuc, Xuc, Xuc, Xuc, Xuc, Xuc, Xuc, Xuc, Xuc, Xuc, Xuc, Xuc, Xuc, Xuc, Xuc, Xuc, Xuc, Xuc, Xuc, Xuc, Xuc
Xuc, Xuc, Xu, Uu, Ur, Rb, Uu, Uu, Xuc, Xuc, Xuc, Uu, Ur, Ur, Ce, 1 Ke, Ce, Uu, Uu, Uu, Uh, Xu, Xuc, Xuc, Xuc, Xuc, Xuc, Xuc, Xuc, Xuc, Xuc, Xuc, Xuc, Xuc, Xuc, Xuc, Xuc, Xuc, Xuc, Xuc, Xuc, Xuc, Xuc, Xuc, Xuc, Xuc
Xuc, Xuc, Xu, Uu, Ur, Ur, Uu, Xuc, Xuc, Xuc, Xuc, Uu, Ur, Rb, Rb, Ce, Uu, Uu, Uu, Uu, Uh, Xu, Xuc, Xuc, Xuc, Xuc, Xuc, Xuc, Xuc, Xuc, Xuc, Xuc, Xuc, Xuc, Xuc, Xuc, Xuc, Xuc, Xuc, Xuc, Xuc, Xuc, Xuc, Xuc, Xuc, Xuc
Xuc, Xuc, Xuc, Uu, Ur, Ur, Uu, Xuc, Xuc, Xuc, Xuc, Uu, Ur, Rb, Rb, Uu, Rb, Uu, Uu, Uu, Uh, Xu, Xuc, Xuc, Xuc, Xuc, Xuc, Xuc, Xuc, Xuc, Xuc, Xuc, Xuc, Xuc, Xuc, Xuc, Xuc, Xuc, Xuc, Xuc, Xuc, Xuc, Xuc, Xuc, Xuc, Xuc
Xuc, Xuc, Xuc, Uu, Rb, Ur, Uu, Xuc, Xuc, Xuc, Uu^Uf, Uu, Ur, Rb, Rb, Rb, Rb, Rb, Uu, Uu, Xu, Xu, Xuc, Xuc, Xuc, Xuc, Xuc, Xuc, Xuc, Xuc, Xuc, Xuc, Xuc, Xuc, Xuc, Xuc, Xuc, Xuc, Xuc, Xuc, Xuc, Xuc, Xuc, Xuc, Xuc, Xuc
Xuc, Xuc, Xuc, Uu, Rb, Uu, Uu, Xuc, Xuc, Xuc, Uu^Uf, Uu, Ur, Rb, Rb, Rb, Rb, Rb, Uu, Xu, Xu, Xuc, Xu, Xuc, Xuc, Xuc, Xuc, Xuc, Xuc, Xuc, Xuc, Xuc, Xuc, Xuc, Xuc, Xuc, Xuc, Xuc, Xuc, Xuc, Xuc, Xuc, Xuc, Xuc, Xuc, Xuc
Xuc, Xuc, Xuc, Uu, Rb, Uu, Uu, Xuc, Xuc, Xuc, Uh, Uu, Uu, Ur, Rb, Rb, Rb, Rb, Uu, Xu, Xu, Xu, Xu, Xu, Xuc, Xuc, Xuc, Xuc, Xuc, Xuc, Xuc, Xuc, Xuc, Xuc, Xuc, Xuc, Xuc, Xuc, Xuc, Xuc, Xuc, Xuc, Xuc, Xuc, Xuc, Xuc
Xuc, Xuc, Xuc, Uu, Ur, Ur, Uu, Xuc, Xuc, Uh, Uh, Uh, Uu^Vu, Uu, Uu, Rb, Rb, Rb, Uu, Uu^Uf, Uu^Uf, Uh, Uh, Xu, Xu, Xuc, Xuc, Xuc, Xuc, Xuc, Xuc, Xuc, Xuc, Xuc, Xuc, Xuc, Xuc, Xuc, Xuc, Xuc, Xuc, Xuc, Xuc, Xuc, Xuc, Xuc
Xuc, Xuc, Xuc, Uu, Rb, Ur, Uu, Xuc, Xuc, Uh, Uh, Uh, Uu, Uu, Uh, Ur, Rb, Rb, Uu, Uu, Uu, Uh, Uh, Uh, Xu, Xuc, Xuc, Xuc, Xuc, Xuc, Xuc, Xuc, Xuc, Xuc, Xuc, Xuc, Xuc, Xuc, Xuc, Xuc, Xuc, Xuc, Xuc, Xuc, Xuc, Xuc
Xuc, Xuc, Xuc, Uu, Rb, Rb, Uh, Xuc, Xuc, Xuc, Uh, Uh, Uu, Uu, Uu, Ur, Rb, Rb, Rb, Uu, Uu, Uh, Uh, Uh, Xu, Xuc, Xuc, Xuc, Xuc, Xuc, Xuc, Xuc, Xuc, Xuc, Xuc, Xuc, Xuc, Xuc, Xuc, Xuc, Xuc, Xuc, Xuc, Xuc, Xuc, Xuc
Xuc, Xuc, Uh, Uu, Ur, Ur, Uh, Xuc, Xuc, Xuc, Xuc, Uh, Uu^Uf, Uu, Uu, Ur, Rb, Rb, Rb, Ur, Ur, Uu, Uu, Uh, Xu, Xuc, Xuc, Xuc, Xuc, Xuc, Xuc, Xuc, Xuc, Xuc, Xuc, Xuc, Xuc, Xuc, Xuc, Xuc, Xuc, Xuc, Xuc, Xuc, Xuc, Xuc
Xuc, Xuc, Uh, Uu, Rb, Ur, Uh, Xuc, Xuc, Xuc, Xuc, Uh, Uu, Uu, Uu, Ur, Rb, Rb, Rb, Uu, Uu, Ur, Ur, Uu^Uf, Ur, Xu, Xu, Xuc, Xu, Xuc, Xuc, Xuc, Xuc, Xuc, Xuc, Xuc, Xuc, Xuc, Xuc, Xuc, Xuc, Xuc, Xuc, Xuc, Xuc, Xuc
Xuc, Xuc, Xuc, Uh, Uu, Ur, Uh, Uh, Xuc, Xuc, Xuc, Uu, Uu, Uu, Uu, Uu, Ur, Rb, Rb, Uu, Uu^Vyb, Uu, Uu, Ur, Ur, Xu, Uu^Uf, Xu, Xu, Xu, Xu, Xuc, Xuc, Xuc, Xuc, Xuc, Xuc, Xuc, Xuc, Xuc, Xuc, Xuc, Xuc, Xuc, Xuc, Xuc
Xuc, Xuc, Xuc, Uh, Uu, Ur, Uu, Uh, Xuc, Xuc, Xuc, Uu^Uf, Uu^Uf, Uu, Uu, Uu, Uu, Uu, Uu, Uu, Uu, Uu, Uu, Uu, Uu^Dr, Uu, Uu^Vu, Uu^Uf, Uu^Uf, Xu, Xu, Xu, Xuc, Xuc, Xuc, Xuc, Xuc, Xuc, Xuc, Xuc, Xuc, Xuc, Xuc, Xuc, Xuc, Xuc
Xuc, Xuc, Xuc, Uh, Uu, Rb, Rb, Uu, Xuc, Xuc, Xuc, Uu^Uf, Uu^Uf, Uu, Uu, Uu, Uu, Ur, Ur, Rb, Rb, Uu, Uu, Xu, Xu, Xu, Uu, Uu^Uf, Uu^Uf, Uu^Uf, Uu^Uf, Xu, Xuc, Xuc, Xuc, Xuc, Xuc, Xuc, Xuc, Xuc, Xuc, Xuc, Xuc, Xuc, Xuc, Xuc
Xuc, Xuc, Xuc, Uh, Uu, Rb, Uu, Uu, Xuc, Xuc, Xuc, Uh, Uh, Uu^Uf, Uu^Uf, Uu, Uu, Uh, Ww, Uu, Rb, Uu, Xu, Xu, Xuc, Xu, Xu, Uu, Uu, Uu, Uu, Xu, Xuc, Xuc, Xuc, Xuc, Xuc, Xuc, Xuc, Xuc, Xuc, Xuc, Xuc, Xuc, Xuc, Xuc
Xuc, Xuc, Xuc, Uu, Uu, Ur, Uu, Uu, Xuc, Xuc, Xuc, Uh, Uh, Uu^Uf, Ww, Ww, Ww, Ww, Wo, Ww, Ww^Bw|, Xu, Xuc, Xuc, Xu, Xuc, Xu, Uu, Uu, Uu, Uu^Vu, Xu, Xuc, Xuc, Xuc, Xuc, Xuc, Xuc, Xuc, Xuc, Xuc, Xuc, Xuc, Xuc, Xuc, Xuc
Xuc, Xuc, Xuc, Uh, Uu, Rb, Uu, Uu^Uf, Xuc, Xuc, Xuc, Uh, Ww, Ww, Wo, Wo, Wo, Wo, Wo, Ww, Wo, Xu, Xu, Xu, Xu, Xu, Uh, Uh, Uu, Uu, Uu, Xu, Xu, Xuc, Xuc, Xuc, Xuc, Xuc, Xuc, Xuc, Xuc, Xuc, Xuc, Xuc, Xuc, Xuc
Xuc, Xuc, Xuc, Uh, Uu, Ur, Uu, Uu, Xuc, Xuc, Xuc, Xuc, Wo, Wo, Wo, Wo, Wo, Wo, Wo, Wo, Wo, Xu, Uh, Uh, Uh, Uh, Uh, Uu, Uu, Uu, Uu^Uf, Xu, Xu, Xuc, Xuc, Xuc, Xuc, Xuc, Xuc, Xuc, Xuc, Xuc, Xuc, Xuc, Xuc, Xuc
Xuc, Xuc, Uh, Uh, Uu, Rb, Uu, Uh, Uh, Xuc, Xuc, Xuc, Rb, Wo, Wo, Wo, Ww, Wo, Ww, Rb, Ww, Ww, Uh, Uh, Uh, Ke, Ce, Uu, Uu, Uu, Uu^Uf, Xu, Xuc, Xuc, Xuc, Xuc, Xuc, Xuc, Xuc, Xuc, Xuc, Xuc, Xuc, Xuc, Xuc, Xuc
Xuc, Xuc, Xuc, Uu, Uu, Ur, Uu, Uh, Uh, Xuc, Xuc, Xuc, Ww, Ww, Ww, Ww, Xu, Ww, Ur, Uu, Uu, Uh, Uu, Uh, Uu, Ce, Uu, Uu, Uu, Uu^Uf, Uu^Uf, Xu, Xu, Xuc, Xuc, Xuc, Xuc, Xuc, Xuc, Xuc, Xuc, Xuc, Xuc, Xuc, Xuc, Xuc
Xuc, Xuc, Xuc, Uu, Uu, Rb, Rb, Uh, Xuc, Xuc, Xuc, Xuc, Uu^Uf, Ww, Uu^Uf, Xu, Xu, Xu, Uh, Ur, Ur, Uu, Uu, Uu, Uu, Uu, Uu, Uu, Uu, Uu^Uf, Xu, Xu, Xuc, Xuc, Xuc, Xuc, Xuc, Xuc, Xuc, Xuc, Xuc, Xuc, Xuc, Xuc, Xuc, Xuc
Xuc, Xuc, Xuc, Uh, Uu, Re^Vct, Ur, Uu, Xuc, Xuc, Xu, Xu, Uu^Uf, Uu^Uf, Uh, Xu, Xu, Xu, Uh, Uh, Uu, Ur, Uu, Uu^Vyb, Uu, Uu, Uu, Uu, Xu, Xu, Xuc, Xuc, Xu, Xu, Xu, Xu, Xu, Xuc, Xuc, Xuc, Xuc, Xuc, Xuc, Xuc, Xuc, Xuc
Xuc, Xuc, Xuc, Ce, Ce, Uu, Ur, Uu, Xuc, Xuc, Xuc, Xu, Uu^Uf, Uu, Uu, Uh, Uh, Uh, Uh, Uh, Uu, Ur, Uu, Uu, Uu, Uu, Xu, Xu, Xuc, Xuc, Xu, Xuc, Xu, Xu, Uh, Xu, Xu, Xuc, Xuc, Xuc, Xuc, Xuc, Xuc, Xuc, Xuc, Xuc
Xuc, Xuc, Xuc, Ke, Uh, Uu, Re^Vct, Uu, Uu^Uf, Xuc, Xuc, Xu, Uu, Uu, Uu, Uh, Uu^Uf, Uh, Uu^Uf, Uu^Uf, Uu, Ur, Uu, Uu, Uu, Uu, Xu, Xu, Xu, Xu, Xu, Xu, Uu, Uh, Uu, Uu, Xu, Xu, Xuc, Xuc, Xuc, Xuc, Xuc, Xuc, Xuc, Xuc
Xuc, Xuc, Uh, Ce, Uh, Uu, Ur, Uu, Uu, Xuc, Xuc, Xu, Uh, Uh, Uu, Uu, Uu, Uu, Uu, Uu, Uu, Rb, Uu, Uh, Uu, Uu, Xu, Xu, Xu, Xu, Uh, Uh, Uu, Uu, Uu, Uu, Xu, Xuc, Xu, Xu, Xu, Xu, Xu, Xuc, Xuc, Xuc
Xuc, Xuc, Xuc, Uu, Uu, Uu, Ur, Uu, Uu, Xuc, Xuc, Xu, Xu, Uh, Uh, Uu, Uu, Uu, Uu^Vu, Uu, Ur, Rb, Uu, Uu, Uu, Xu, Xu, Xu, Uh, Uh, Uu^Uf, Uu^Uf, Uu, Uu, Uu, Uh, Uh, Xu, Xu, Xu, Uu, Xu, Xu, Xu, Xuc, Xuc
Xuc, Xuc, Xuc, Xuc, Uu, Uu, Rb, Ur, Uu, Xuc, Xuc, Xuc, Xu, Uh, Uh, Uu, Uu, Uu, Uu, Ur, Uu, Ur, Ur, Uu, Uu, Xu, Xu, Uh, Uh, Uu^Uf, Uu, Uu, Ur, Uu, Uu^Uf, Uh, Uh, Uh, Uh, Uu, Uu, Ur, Uu^Vu, Xu, Xu, Xuc
Xuc, Xuc, Xuc, Xuc, Uu, Uu, Rb, Ur, Uu, Uu, Xuc, Xuc, Xuc, Xu, Uh, Uu^Uf, Uh, Uu, Uu, Uu, Uh, Uu, Uu, Ur, Ur, Uh, Uh, Uh, Uu, Uu, Ur, Ur, Uu, Ur, Ur, Ur, Ur, Uh, Uh, Uu, Uu, Ur, Uu, Xu, Xuc, Xuc
Uu, Xuc, Xuc, Xuc, Uu, Uu, Uu, Ur, Uu, Uu, Uu, Xuc, Xuc, Xu, Uh, Uh, Uh, Uu^Uf, Uu^Uf, Uu, Uh, Uh, Uh, Uu, Uu^Uf, Ur, Ur, Uu, Ur, Ur, Uu, Uu, Uh, Uu, Uu, Ur, Ur, Ur, Ur, Uu^Uf, Ur, Ur, Uu, Xu, Xuc, Xuc
Rr, Xuc, Xuc, Xuc, Uu, Uu, Uu, Ur, Uu, Uu, Uu, Xuc, Xuc, Xu, Uh, Uh, Uh, Uh, Xu, Xu, Xu, Uh, Xu, Uh, Uh, Uu, Ur, Ur, Uu, Uu, Xu, Uu^Uf, Xu, Uh, Uh, Uu, Uu, Ur, Uu^Vyb, Ur, Uu, Uu, Uu, Xu, Xu, Xuc
Rr, Rr, Xuc, Xuc, Xuc, Uu, Uu, Ur, Uu, Uu, Uu, Xuc, Xuc, Xu, Xu, Uh, Uh, Xu, Xu, Xu, Xu, Xu, Xu, Xu, Uh, Uu, Ur, Uu, Uh, Xu, Xu, Xu, Xu, Xu, Xu, Uh, Uh, Uu, Uu, Rb, Uu, Rb, Uu, Xu, Xu, Xuc
Rr, Rr, Xuc, Xuc, Xuc, Uu, Uu, Rb, Ur, Uu, Uu, Xuc, Xuc, Xuc, Xuc, Xu, Xu, Xu, Xuc, Xuc, Xu, Xu, Xu, Xu, Uh, Uu, Ur, Uu, Uh, Xu, Xu, Xu, Xu, Xu, Xu, Uh, Xu, Uh, Uh, Uu, Uu, Uu, Uu^Uf, Xu, Xu, Xuc
Rr, Rr, Xuc, Xuc, Xuc, Uu, Uu, Uu, Uu, Ur, Uu, Uu, Uu, Xuc, Xuc, Xuc, Xuc, Xu, Xuc, Xuc, Xu, Uh, Uu^Uf, Uh, Ds, Ds, Ds, Uu, Uh, Xu, Uh, Xu, Uh, Xu, Xu, Xu, Xu, Xu, Uh, Uu, Uu, Uu, Uu^Uf, Xu, Xu, Xuc
Rr, Rr, Xuc, Xuc, Xuc, Uu, Uu, Uh, Uu^Dr, Ur, Uu, Uu, Uu, Uu, Xuc, Xuc, Xuc, Xuc, Xuc, Xuc, Xu, Uh, Uu, Uu, Uu, Ds, Ur, Ur, Uu, Uh, Uh, Uh, Uh, Xu, Xu, Xu, Xu, Xu, Uh, Uu, Uu, Uu, Uu^Uf, Xu, Xu, Xuc
Rr, Rr, Uh, Xuc, Uu^Dr, Uh, Uu^Dr, Uu, Uu, Uu, Rb, Uu, Uu, Uu, Uu, Xuc, Xuc, Xuc, Xuc, Xuc, Xu, Uh, Uu, Uu, Uu, Uh, 2 Ke, Ce, Uu, Uu^Uf, Uu, Uh, Uh, Xu, Xu, Xu, Xu, Uh, Uh, Uh, Uu, Uu, Uu, Xu, Xu, Xuc
Rr, Rr, Rr, Uh, Uh^Dr, 3 Uu, Uh, Uh, Uu, Uu^Dr, Uu, Uu, Uu, Uh, Uu, Uu, Uu, Xuc, Xuc, Xuc, Xu, Uh, Uh, Uu, Uu, Ce, Ce, Ce, Ce, Uu, Uu, Uu, Uh, Xu, Xu, Xu, Xu, Uh, Uh, Uu^Uf, Uu, Uu, Uu^Vu, Xu, Xuc, Xuc
Rr, Rr, Rr^Dr, Rr, Rr, Uu, Xuc, Xuc, Xuc, Uu, Uu, Uu, Uu, Uh, Uh, Uu, Uu, Xuc, Xu, Xuc, Xu, Xu, Xu, Uh, Uh, Uu^Vu, Uh, Uu, Uu^Uf, Uu^Uf, Uu, Uu, Uu, Uh, Uh, Xu, Uu, Uu, Uu, Uu, Uu, Uu, Uu^Uf, Xu, Xu, Xuc
Rr, Rr, Rr, Rr, Rr^Dr, Rr, Xu, Xu, Xu, Uu, Uu, Uh, Uh, Uh, Uh, Uh, Uh, Xu, Xu, Xu, Xuc, Xu, Xu, Uh, Uh, Uh, Xu, Uh, Xu, Uu^Uf, Xu, Uu, Uu, Uu, Uu, Uu, Uu^Uf, Uu, Uu^Uf, Uu^Uf, Uu^Uf, Uu^Uf, Uu^Uf, Xu, Xuc, Xuc
Rr, Rr, Rr, Rr, Rr, Rr, Rr, Xu, Xu, Xu, Xu, Uh, Xu, Uu^Vu, Uh, Uh, Xu, Xu, Xu, Xu, Xu, Xuc, Xuc, Xu, Xu, Xu, Xuc, Xu, Xu, Xu, Xuc, Xu, Xu, Xu, Xu, Xu, Xu, Xu, Xu, Xu, Xu, Xu, Xu, Xu, Xuc, Xuc
Rr, Rr, Rr, Rr, Rr, Rr, Rr, Xu, Xu, Xu, Xu, Xu, Xu, Xu, Xu, Xu, Xu, Xu, Xu, Xu, Xuc, Xuc, Xuc, Xuc, Xuc, Xuc, Xuc, Xuc, Xuc, Xuc, Xuc, Xuc, Xuc, Xuc, Xuc, Xuc, Xuc, Xuc, Xuc, Xuc, Xuc, Xuc, Xuc, Xuc, Xuc, Xuc
