border_size=1
usage=map

Mm          , Mm          , Mm          , Mm          , Mm          , Mm          , Mm          , Mm          , Mm          , Mm          , Mm          , Mm          , Mm          , Mm          , Mm          , Xu          , Xos         , Rrc         , Rrc         , Rr          , Xos         , Xu          , Mm          , Mm          , Mm          , Mm          , Mm          , Mm          , Mm          , Mm          , Mm          , Mm          , Mm          , Mm          , Mm          , Mm          , Mm          , Mm          
Mm          , Mm          , Mm          , Mm          , Mm          , Mm          , Mm          , Mm          , Mm          , Mm          , Mm          , Mm          , Mm          , Mm          , Mm          , Xu          , Xos         , Rrc         , Xos         , Rrc         , Xos         , Xu          , Mm          , Mm          , Mm          , Mm          , Mm          , Mm          , Mm          , Mm          , Mm          , Mm          , Mm          , Mm          , Mm          , Mm          , Mm          , Mm          
Mm          , Mm          , Mm          , Mm          , Rr          , Rr          , Rr^Vd       , Mm          , Mm          , Mm          , Mm          , Mm          , Mm          , Mm          , Gs          , Xu          , Xu          , Rrc         , Rrc         , Rrc         , Rr          , Xu          , Gs          , Mm          , Mm          , Mm          , Rr          , Mm          , Mm          , Mm          , Mm          , Mm          , Mm          , Mm          , Mm          , Mm          , Mm          , Mm          
Mm          , Mm          , Mm          , Mm          , Mm          , Rr          , Mm          , Mm          , Mm          , Mm          , Mm          , Mm          , Gs          , Gs          , Gs          , Gs          , Re          , Rr          , Rr          , Rr          , Rd          , Xu          , Gs          , Gs          , Gs          , Mm          , Rr          , Rr^Vd       , Mm          , Mm          , Mm          , Mm          , Mm          , Mm          , Mm          , Mm          , Mm          , Mm          
Mm          , Mm          , Mm          , Mm          , Mm          , Mm          , Mm          , Mm          , Mm          , Mm          , Mm          , Gs          , Gs^Fp       , Gg          , Gs          , Gs          , Re          , Rp          , Re          , Rp          , Rd          , Re          , Gg          , Gg          , Gs          , Mm          , Mm          , Rr          , Mm          , Mm          , Mm          , Mm          , Mm          , Mm          , Mm          , Mm          , Mm          , Mm          
Mm          , Mm          , Mm          , Mm          , Mm          , Mm          , Mm          , Mm          , Mm          , Mm          , Mm          , Gs          , Gg          , Gs          , Gs          , Gs          , Re          , Rp          , Re          , Rd          , Rp          , Re          , Gg          , Gs          , Gs          , Gs          , Hh          , Mm          , Mm          , Mm          , Mm          , Mm          , Mm          , Mm          , Mm          , Mm          , Mm          , Mm          
Mm          , Mm          , Mm          , Mm          , Mm          , Mm          , Mm          , Mm          , Mm          , Mm          , Mm          , Mm          , Gg          , Gg          , Gs          , Gs          , Re          , Rd          , Rd          , Re          , Re          , Re          , Gg          , Gs          , Gs^Fp       , Gs          , Hh          , Hh          , Mm          , Mm          , Mm          , Mm          , Mm          , Mm          , Mm          , Mm          , Mm          , Mm          
Mm          , Mm          , Mm          , Mm          , Mm          , Mm          , Hh          , Hh          , Hh          , Mm          , Mm          , Mm          , Mm          , Gg          , Gg          , Gs          , Gs          , Rp          , Rd          , Rd          , Re          , Gs          , Gg          , Gs          , Gs          , Hh^Fp       , Hh          , Mm          , Mm          , Mm          , Mm          , Hh          , Mm          , Mm          , Mm          , Mm          , Mm          , Mm          
Mm          , Mm          , Hh          , Rr^Vd       , Rr          , Rr          , Ch          , Kh          , Ch          , Mm          , Mm          , Mm          , Mm          , Gg          , Gg          , Gs          , Gs          , Re          , Re          , Re          , Gs          , Gs          , Gg          , Gs          , Gs          , Gs          , Mm          , Mm          , Mm          , Mm          , Hh          , Hh          , Hh          , Mm          , Mm          , Mm          , Mm          , Mm          
Hh          , Hh          , Hh          , Hh          , Hh          , Rr          , Hh^Fp       , Hh^Fp       , Hh^Fmw      , Hh          , Hh          , Mm          , Hh          , Hh          , Gg          , Gs          , Gs          , Gs          , Re          , Re          , Gs          , Gs          , Gs          , Gg          , Hh          , Hh          , Mm          , Rr^Vd       , Rr          , Mm          , 2 Kh        , Hh          , Hh          , Hh          , Hh          , Mm          , Mm          , Mm          
Hh          , Hh          , Hh          , Hh          , Hh^Fp       , Hh^Fp       , Hh^Fmw      , Hh^Fp       , Hh^Fmw      , Hh          , Hh          , Hh          , Gg          , Gg          , Gs          , Gs          , Re          , Re          , Gs          , Gs          , Gs          , Gs          , Gg          , Gg          , Gg          , Hh          , Hh          , Mm          , Hh          , Ch          , Ch          , Hh          , Hh          , Hh          , Hh          , Hh          , Hh          , Mm          
Gg          , Hh          , Gg          , Hh^Fp       , Gs^Fp       , Hh^Fmw      , Gs^Fp       , Hh^Fmw      , Gs          , Gs          , Gg          , Gg          , Gs^Fp       , Gg          , Gs          , Re          , Re          , Gs          , Gs          , Gs          , Gs          , Gs          , Gg          , Gg          , Gg          , Hh          , Hh          , Hh          , Gs^Fp       , Hh          , Gs^Fp       , Gs^Fp       , Gs^Fp       , Hh          , Hh          , Hh          , Hh          , Hh          
Gg          , Gg          , Gg          , Gs^Fp       , Gs          , Gs^Fp       , Gs          , Gs          , Gg          , Gg          , Gg          , Gg          , Gg          , Gs^Fp       , Gs          , Re          , Re          , Gs          , Gs          , Gs          , Gs          , Gs          , Gg          , Gg          , Gg          , Gs          , Gs          , Gs          , Gs^Fp       , Gs^Fp       , Gs          , Gs          , Gs          , Gs^Fp       , Gs^Fp       , Gs          , Gs          , Gs          
Gg          , Gg          , Gg          , Gg          , Gg          , Gs          , Gs          , Gs          , Gs          , Gg          , Gs          , Gs          , Gs          , Gg          , Gg          , Gs          , Gs          , Re          , Re          , Gs          , Gs          , Gg          , Hh^Fdw      , Hh          , Hh          , Gg          , Gg          , Gs          , Gs          , Gs          , Gs          , Gs^Fp       , Hh^Fdw      , Gs          , Gs          , Gs          , Gg          , Gg          
Gg          , Gg          , Gg          , Gg          , Gs          , Gg          , Gs          , Gs          , Gs          , Gs          , Gs^Fp       , Gs^Fp       , Gs          , Gg          , Gg          , Gs          , Gs          , Re          , Re          , Gs          , Gs          , Gg          , Gg          , Hh          , Gg          , Gg          , Gg          , Gg          , Gg          , Gs          , Hh^Fdw      , Hh^Fdw      , Hh^Fdw      , Hh^Fdw      , Gs^Fp       , Gs          , Gs          , Gg          
Gg          , Gg          , Hh^Fmw      , Gs^Fmw      , Hh          , Hh          , Hh          , Gs          , Gs          , Gs^Fp       , Gs^Fp       , Gs^Fp       , Gs^Fp       , Gs          , Gg          , Gg          , Gg          , Gs          , Re          , Re          , Gs          , Gg          , Gg          , Gg          , Gg          , Gg          , Gg          , Gg          , Gd          , Gs          , Gs          , Gs^Fmw      , Gs^Fmw      , Gs^Fp       , Gs^Fp       , Gs          , Gs^Fp       , Gs          
Hh          , Hh          , Hh          , Hh          , Mm          , Mm          , Mm          , Hh          , Hh          , Gs          , Gs          , Gs^Fmw      , Gs          , Gs          , Gg          , Gg          , Hh          , Gg          , Gs          , Re          , Gs          , Gg          , Gg          , Gg          , Gd          , Gg          , Gg          , Gg          , Gs          , Gg          , Gs          , Gs          , Gs^Fp       , Gg          , Gs^Fp       , Gs^Fp       , Gs^Fp       , Gs^Fp       
Mm          , Mm          , Mm          , Mm          , Mm          , Rr^Vd       , Mm          , Hh          , Hh          , Gs          , Gs          , Gs          , Gs          , Gg          , Gs^Fmw      , Hh^Fdw      , Hh          , Gg          , Gg          , Re          , Gs          , Gg          , Gg          , Gg          , Gg          , Gg          , Gs          , Gs          , Gs          , Gs          , Gs^Fp       , Gs^Fp       , Gs^Fp       , Gs^Fp       , Gs^Fp       , Gs^Fp       , Hh^Fp       , Gs^Fp       
Mm          , Mm          , Mm          , Mm          , Mm          , Mm          , Mm          , Hh          , Hh^Fmw      , Gs          , Gg          , Gg          , Gg          , Gg          , Gg          , Gs^Fmw      , Gg          , Gg          , Gg          , Re          , Gs          , Gs^Fp       , Gg          , Gg          , Gs          , Gs          , Gs          , Gs          , Gs^Fp       , Gs^Fp       , Gs^Fp       , Gs^Fp       , Hh^Fp       , Hh^Fp       , Hh^Fp       , Hh^Fp       , Hh^Fp       , Hh^Fp       
Mm          , Mm          , Mm          , Mm          , Mm          , Mm          , Mm          , Hh          , Gs^Fmw      , Gs          , Gg          , Gg          , Gs          , Gs          , Gs          , Gg          , Re          , Gg          , Re          , Re          , Gg          , Gg          , Gg          , Gg          , Gs          , Gs          , Gs^Fp       , Gs^Fp       , Gs^Fp       , Gs^Fp       , Hh^Fp       , Hh^Fp       , Hh^Fp       , Hh^Fp       , Hh^Fp       , Hh^Fp       , Hh^Fp       , Hh^Fp       
Mm          , Mm          , Mm          , Mm          , Mm          , Mm          , Mm          , Hh          , Gs          , Gs          , Gg          , Gs          , Re          , Re          , Re          , Re          , Gs          , Re          , Gg          , Gg          , Gg          , Gg          , Gg          , Gs          , Gs          , Gs^Fp       , Hh^Fp       , Hh^Fp       , Hh^Fp       , Hh^Fp       , Hh^Fp       , Hh^Fp       , Hh^Fp       , Hh^Fp       , Hh^Fp       , Hh^Fp       , Hh          , Hh          
Mm          , Mm          , Mm          , Mm          , Mm          , Mm          , Hh          , Hh          , Gs          , Gs          , Gg          , Gs          , Re          , Gs^Fmw      , Gs^Fp       , Gs          , Gs          , Gs          , Gg          , Gg          , Gg          , Gg          , Gs          , Gs          , Gs^Fp       , Gs^Fp       , Hh^Fp       , Hh^Fp       , Hh^Fp       , Hh^Fp       , Hh^Fp       , Hh^Fp       , Hh          , Hh          , Hh          , Hh          , Hh          , Hh          
Mm          , Mm          , Mm          , Mm          , Hh          , Hh          , Hh          , Hh          , Gs^Fmw      , Gg          , Gg          , Gs          , Re          , Gs^Fmw      , Gs^Fp       , Gs^Fp       , Gs^Fp       , Gs          , Gs          , Gg          , Gg          , Gg          , Gs          , Gs          , Gs^Fp       , Gs^Fp       , Hh^Fp       , Hh^Fp       , Hh^Fp       , Hh^Fp       , Hh          , Hh          , Hh          , Hh          , Hh          , Hh          , Mm          , Hh          
Mm          , Mm          , Hh          , Hh          , Hh          , Hh          , Hh          , Hh^Fmw      , Hh^Fmw      , Gs^Fmw      , Gg          , Gg          , Re          , Gs^Fmw      , Gs^Fp       , Gs^Fmw      , Gs^Fmw      , Gs^Fp       , Gs          , Gs          , Gg          , Gg          , Gs          , Gs^Fp       , Hh^Fp       , Hh^Fp       , Hh^Fp       , Hh^Fp       , Hh          , Hh          , Rr^Vd       , Rr          , Mm          , Hh          , Mm          , Mm          , Mm          , Mm          
Hh          , Hh          , Hh          , Hh          , Hh          , Hh          , Hh          , Hh          , Hh          , Gs^Fmw      , Gg          , Gg          , Re          , Gs^Fp       , Gs^Fmw      , Gs^Fdw      , Gs^Fdw      , Gs^Fp       , Gs          , Gs          , Gg          , Gs          , Gs          , Gs^Fp       , Hh^Fp       , Hh^Fp       , Hh^Fp       , Hh^Fmw      , Hh          , Rr          , Ch          , Ch          , Mm          , Mm          , Mm          , Mm          , Mm          , Mm          
Hh          , Hh          , Hh          , Hh          , Hh^Fmw      , Hh^Fmw      , Hh          , Mm          , Hh          , Gg          , Gg          , Gs          , Gs          , Re          , Gs          , Gs^Fmw      , Gs^Fmw      , Gs^Fp       , Gs^Fp       , Gs          , Gs          , Gs          , Gs          , Hh^Fmw      , Hh^Fmw      , Hh^Fp       , Hh^Fmw      , Hh^Fmw      , Hh          , Mm          , Ch          , 1 Kh        , Mm          , Mm          , Mm          , Mm          , Mm          , Mm          
Hh          , Hh          , Hh^Fmw      , Hh^Fmw      , Gs^Fmw      , Gs^Fmw      , Gs          , Hh          , Gg          , Gg          , Gg          , Gg          , Gs          , Re          , Re          , Gs          , Re^Vct      , Gs^Fp       , Gs          , Gs^Fp       , Gs          , Gg          , Gg          , Gs          , Gs          , Hh^Fmw      , Hh^Fmw      , Hh^Fdw      , Hh          , Mm          , Mm          , Ch          , Ch          , Mm          , Mm          , Mm          , Mm          , Mm          
Hh          , Hh          , Gs          , Gs^Fmw      , Gs          , Gs          , Gg          , Gs          , Gg          , Gs          , Gg          , Gg          , Gg          , Gs          , Re          , Gs          , Gg          , Gg          , Gg          , Gs          , Gg          , Gg          , Gs          , Gs          , Gs          , Gs          , Hh^Fdw      , Hh^Fdw      , Hh^Fdw      , Hh          , Hh          , Mm          , Rr          , Mm          , Mm          , Mm          , Mm          , Mm          
Gs          , Gs          , Gs          , Gs          , Gg          , Gg          , Gg          , Gg          , Gg          , Gg          , Gs          , Gg          , Gg          , Gs          , Re          , Gs          , Ce          , Gs^Fp       , Gg          , Re^Vct      , Gg          , Gs          , Gd          , Gd          , Gs          , Gg          , Gs          , Hh^Fdw      , Hh^Fdw      , Hh          , Hh          , Rr          , Hh          , Rr^Vd       , Hh          , Hh          , Hh          , Hh          
Gg          , Gg          , Gg          , Gg          , Gg          , Gs          , Gs          , Gs          , Gs          , Gg          , Gs          , Gg          , Gg          , Gs          , Gs          , Re          , Ce          , Ce          , Ce          , Gg          , Gg          , Gs          , Gs          , Gd          , Gd          , Gs          , Gs          , Gs          , Gs          , Hh^Fdw      , Gs^Fmw      , Hh          , Gs^Fp       , Hh          , Hh          , Hh          , Hh          , Hh          
Gg          , Gg          , Gg          , Gg          , Gs          , Gs          , Gs^Fp       , Gs^Fp       , Gs^Fp       , Gs          , Gg          , Gg          , Gg          , Re^Vct      , Gg          , Re          , Rd          , 3 Ke        , Ce          , Gg          , Re^Vct      , Gs          , Gs^Fmw      , Gs          , Gs          , Gd          , Gs          , Gs          , Gg          , Gs          , Gs          , Gs^Fp       , Gs          , Gs          , Gs          , Hh          , Gs          , Hh          
Gg          , Gg          , Gg          , Gg          , Gs          , Gs^Fp       , Gs^Fp       , Gs^Fp       , Gs          , Gs          , Gs          , Gs          , Gs          , Gg          , Gg          , Re          , Re          , Ce          , Gg          , Gg          , Gs          , Gs          , Gs^Fp       , Gs          , Gg          , Gs          , Gs          , Gs          , Gg          , Gg          , Gg          , Gs          , Gg          , Gg          , Gg          , Gs          , Gs          , Gs          
Gg          , Gg          , Gg          , Gg          , Gs          , Gs^Fp       , Gs          , Gs          , Gs          , Gs^Fmw      , Gs^Fmw      , Gs^Fmw      , Gs          , Gg          , Gg          , Re          , Re          , Gg          , Gg          , Gg          , Gs          , Gs^Fmw      , Gs^Fp       , Gs          , Gg          , Gg          , Gg          , Gg          , Gg          , Gg          , Gg          , Gg          , Gg          , Gg          , Gg          , Gg          , Gg          , Gg          
Gg          , Gg          , Gg          , Gg          , Hh          , Gs          , Hh          , Hh          , Hh          , Hh^Fmw      , Hh^Fmw      , Gs^Fmw      , Gs          , Gg          , Gd          , Gg          , Re          , Gg          , Gg          , Gg          , Hh^Fdw      , Gs^Fmw      , Gs          , Gs          , Gg          , Gg          , Gg          , Gg          , Gg          , Gg          , Gg          , Gg          , Gg          , Gg          , Gs          , Gg          , Gs          , Gg          
Hh^Fp       , Hh^Fp       , Hh^Fp       , Hh^Fp       , Hh^Fp       , Hh          , Hh          , Hh          , Mm          , Hh          , Hh          , Gs          , Gg          , Gd          , Gd          , Gd          , Re          , Gg          , Gg          , Gs          , Gs^Fp       , Gs^Fp       , Gs          , Gs          , Gg          , Gg          , Gg          , Gg          , Gs          , Gs          , Gs          , Gg          , Gs          , Gg          , Gs          , Gs          , Gs          , Gs          
Gs^Fp       , Hh^Fp       , Gs^Fp       , Hh^Fp       , Hh^Fp       , Hh^Fp       , Hh^Fp       , Hh          , Hh          , Hh          , Hh          , Gs          , Gg          , Gg          , Gd          , Gd          , Re          , Re          , Gg          , Gs          , Gs          , Gs          , Gg          , Gg          , Gg          , Gg          , Gs          , Gs          , Gs          , Gs^Vc       , Gs          , Gs          , Gs          , Gs          , Gs          , Gs          , Gs          , Gs          
Gs^Fp       , Gs^Fp       , Gs^Fp       , Hh^Fp       , Hh^Fp       , Hh^Fp       , Hh^Fp       , Hh          , Hh          , Hh          , Gs          , Gs          , Gd          , Gg          , Gg          , Re          , Rd          , Re          , Gs          , Gg          , Gg          , Gg          , Gg          , Gg          , Gs          , Gs          , Gs          , Gs          , Gs          , Gs          , Gs          , Gs          , Gs^Vc       , Gs          , Gs          , Gs          , Gs          , Gs          
Gs^Fp       , Gs^Fp       , Gs^Fp       , Gs^Fp       , Gs^Fp       , Hh^Fp       , Hh^Fp       , Hh^Fp       , Gs          , Gs          , Gg          , Gg          , Gd          , Gd          , Re          , Re          , Rd          , Re          , Gs          , Gs          , Gs          , Gg          , Gs          , Gs          , Gs^Vc       , Gs          , Gs          , Gs          , Gs          , Gs          , Gs          , Gs          , Gs          , Gs          , Gs          , Gs          , Gs          , Gs          
Gs^Fp       , Gs^Fp       , Gs^Fp       , Gs^Fmw      , Gs^Fp       , Gs^Fp       , Gs^Fmw      , Gs          , Gs          , Gg          , Gg          , Gg          , Gg          , Gg          , Re          , Rd          , Re          , Re          , Gg          , Gs          , Gg          , Gg          , Gs          , Gs          , Gs          , Gs          , Gs          , Gs          , Gs          , Gs          , 4 Gs        , Gs          , Gs          , Gs          , Gs          , Gs          , Gs          , Gs          
Gs^Fp       , Gs^Fp       , Gs^Fp       , Gs^Fp       , Gs^Fp       , Gs^Fp       , Gs^Fp       , Gs^Fp       , Gs^Fp       , Gs          , Gs          , Gg          , Gg          , Re          , Rd          , Rd          , Re          , Gg          , Gg          , Gg          , Gg          , Gg          , Gs          , Gs          , Gs          , Gs          , Gs          , Gs          , Gs          , Gs          , Gs          , Gs          , Gs          , Gs          , Gs          , Gs          , Gs          , Gs          
