border_size=1
usage=map

Xos, Xos, Xos, Xos, Xos, Xos, Xos, Xos, Xos, Xos, Xos, Xos, Xos, Xos, Xos, Xos, Xos, Xos, Xos, Xos, Xos, Xos, Xos, Xos, Xos, Xos, Xos, Xos, Xos, Xos, Xos, Xos, Xos, Xos, Xos, Xos, Xos, Xos, Xos, Xos, Xos, Xos, Xos, Xos, Xos, Xos, Xos, Xos, Xos, Xos, Xos, Xos, Xos, Xos, Xos, Xos, Xos
Xos, Xos, Xos, Xos, Xos, Xos, Xos, Xos, Xos, Xos, Xos, Xos, Xos, Xos, Xos, Xos, Xos, Xos, Qxu, Qxu, Qxu, Xos, Xos, Xos, Xos, Xos, Xos, Xos, Xos, Xos, Xos, Xos, Xos, Xos, Xos, Urfz^Uyod, Xos, Xos, Xos, Xos, Xos, Xos, Xos, Xos, Xos, Xos, Xos, Xos, Xos, Xos, Xos, Xos, Xos, Xos, Xos, Xos, Xos
Xos, Xos, Xos, Xos, Xos, Xos, Xos, Xos, Xos, Xos, Xos, Qxu, Xos, Xos, Xos, Xos, Qxu, Qxu, Qxu^Chyp, Qxu^Chyp, Qxu^Chyp, Qxu, Qxu, Xos, Xos, Xos, Xos, Xos, Xos, Xos, Xos, Xos, Xos, Urfz^Bryl, Urb, 3 Urb, Urb, Urfz^Bryl, Xos, Xos, Xos, Xos, Xos, Xos, Xos, Xos, Xos, Xos, Xos, Xos, Xos, Xos, Xos, Xos, Xos, Xos, Xos
Xos, Xos, Xos, Xos, Xos, Xos, Xos, Xos, Xos, Xos, Xos, Qxu, Qxu, Xos, Xos, Xos, Qxu, Qxu^Chyp, Qxu, Qxu, Qxu, Qxu^Chyp, Qxu, Xos, Xos, Xos, Xos, Xos, Xos, Xos, Xos, Xos, Xos, Urfz, Urfz, Urb, Urfz, Urfz, Xos, Xos, Xos, Xos, Xos, Xos, Xos, Xos, Urb, Urb, Urb, Xos, Xos, Xos, Xos, Xos, Xos, Xos, Xos
Xos, Xos, Xos, Xos, Xos, Xos, Xos, Xos, Xos, Xos, Xos, Xos, Qxu, Xos, Qxu, Qxu, Qxu, Qxu, Qxu, Qxu, Qxu, Qxu, Qxu, Xos, Xos, Xos, Xos, Xos, Xos, Xos, Xos, Xos, Xos, Xos, Urfz, Urfz, Urfz, Xos, Xos, Xos, Xos, Xos, Xos, Xos, Xos, Xos, Urb, Iwr, Urb, Xos, Xos, Xos, Xos, Xos, Xos, Xos, Xos
Xos, Xos, Xos, Xos, Xos, Xos, Xos, Xos, Xos, Xos, Xos, Xos, Xos, Qxu, Xos, Qxu, Qxu, Qxu, Qxu, Qxu, Qxu, Qxu, Qxu, Xos, Xos, Xos, Xos, Xos, Xos, Xos, Xos, Xos, Urfz, Urfz, Urfz, Urfz, Xos, Xos, Xos, Xos, Xos, Xos, Xos, Xos, Xos, Xos, Xos, Urb, Urfz, Urfz, Urfz, Urfz^Bryl, Urfz, Xos, Xos, Xos, Xu
Xos, Xos, Xos, Xos, Xos, Xos, Xos, Xos, Xos, Xos, Xos, Xos, Xos, Xos, Xos, Xos, Xos, Qxu, Qxu, Qxu, Qxu, Qxu, Qxu, Qxu, Xos, Xos, Qxu, Qxu, Fypd, Xos, Fyp, Fyp^Gsyw, Fyp^Gsyw, Urfz, Xos, Xos, Xos, Xos, Xos, Xos, Xos, Xos, Xos, Xos, Xos, Xos, Xos, Urfz, Urfz, Urfz, Urfz, Urfz, Urfz, Urfz^Es, Urfz^Vu, Xos, Xu
Xos, Xos, Xos, Xos, Xos, Xos, Xos, Xos, Xos, Xos, Xos, Xos, Xos, Xos, Xos, Xos, Xos, Qxu, Qxu, Qxu, Qxu, Qxu, Qxu, Qxu, Qxu, Qxu, Qxu, Fypd, Fypd, Fypd, Fypd, Fyp, Xos, Xos, Xos, Xos, Xos, Xos, Xos, Xos, Xos, Xos, Xos, Xos, Xos, Xos, Xos, Xos, Xos, Urfz, Xos, Urfz, Urfz, Urfz^Dr, Urfz^Es, Xu, Xu
Xos, Xos, Xos, Xos, Fyp, Xos, Xos, Xos, Xos, Xos, Xos, Xos, Xos, Xos, Xos, Xos, Xos, Xos, Qxu, Qxu, Qxu, Qxu, Qxu^Chyn, Qxu, Qxu, Qxu, Qxu^Fyb/, Qxu^Fyb/, Qxu, Fypd, Qxu, Qxu, Xos, Xos, Xos, Xos, Xos, Xos, Xos, Xos, Xos, Xos, Urfz, Urfz, Urfz, Xos, Xos, Xos, Xos, Xos, Urfz, Urfz, Urfz^Es, Urfz, Xos, Xu, Xos
Xos, Xos, Fyp^Vmyt, Fyp, Fyp, Fyp, Fyp, Xos, Xos, Xos, Xos, Xos, Xos, Xos, Xos, Xos, Xos, Xos, Qxu, Qxu, Fypd, Qxu, Qxu, Qxu, Qxu^Fyb/, Qxu^Fyb/, Qxu, Qxu, Qxu, Qxu, Qxu, Qxu, Xos, Xos, Xos, Xos, Xos, Xos, Xos, Xos, Xos, Xos, Urfz, Urfz, Urfz, Urfz, Urfz, Urfz^Bryl, Urfz, Urfz, Urfz, Urfz, Xos, Xos, Xos, Xos, Xos
Xos, Xos, Fyp, Fyp, Fyp, Fyp, Fyp^Fypp, Fyp, Xos, Xos, Xos, Xos, Xos, Xos, Xos, Xos, Xos, Xos, Qxu, Qxu, Fypd, Fypd, Fypd, Qxu^Fyb/, Qxu, Qxu, Qxu, Qxu, Qxu, Qxu, Xos, Xos, Xos, Xos, Xos, Xos, Xos, Xos, Xos, Xos, Xos, Xos, Urfz, Urfz^Ii, Urfz, Urfz, Urfz, Urfz, Urfz, Urfz, Urfz, Xos, Xos, Xos, Xos, Xos, Xos
Xos, Xos, Fyp, Fyp^Fypp, Fyp, Fyp, Fyp, Fyp, Xos, Xos, Xos, Xos, Xos, Xos, Xos, Xos, Xos, Xos, Fypd, Fypd, Fypd, Fypd, Qxu, Fypd, Qxu, Qxu, Qxu, Qxu, Xos, Xos, Xos, Xos, Xos, Xos, Xos, Xos, Xos, Xos, Xos, Xos, Xos, Xos, Xos, Urfz, Xos, Urfz, Xos, Urfz, Urfz, Urfz, Xos, Xos, Xos, Xos, Xos, Xos, Xos
Xos, Xos, Xos, Fyp, Fyp, Fyp, Fyp, Fyp, Xos, Xos, Xos, Xos, Xos, Xos, Xos, Xos, Fyp, Fypd, Fypd, Fypd, Qxu, Qxu, Qxu, Qxu, Qxu, Qxu, Xos, Xos, Xos, Xos, Xos, Xos, Xos, Xos, Xos, Xos, Xos, Xos, Xos, Xos, Xos, Xos, Xos, Xos, Xos, Xos, Xos, Xos, Xos, Xos, Xos, Xos, Xos, Xos, Xos, Xos, Xos
Xos, Xos, Xos, Xos, Xos, Fyp, Xos, Fyp, Fyp^Gsye, Xos, Fyp, Fyp, Xos, Xos, Fyp, Fyp, Fyp, Fypd, Xos, Qxu, Qxu, Qxu, Qxu, Qxu, Xos, Xos, Xos, Xos, Xos, Xos, Xos, Xos, Xos, Xos, Xos, Xos, Xos, Xos, Xos, Xos, Xos, Xos, Xos, Xos, Xos, Xos, Xos, Xos, Xos, Xos, Xos, Xos, Xos, Xos, Xos, Xos, Xos
Xos, Xos, Xos, Xos, Xos, Xos, Xos, Xos, Fyp, Fyp, Fyp, Fyp, Fyp, Fyp, Fyp, Fyp, Xos, Xos, Xos, Xos, Xos, Qxu, Xos, Xos, Xos, Xos, Xos, Xos, Qxu, Qxu, Qxu^Chyp, Qxu, Qxu, Xos, Xos, Xos, Xos, Xos, Xos, Xos, Xos, Xos, Xos, Xos, Xos, Xos, Xos, Xos, Xos, Xos, Xos, Xos, Xos, Xos, Xos, Xos, Xos
Xos, Xos, Xos, Xos, Xos, Xos, Xos, Fyp, Fyp, Fyp, Fyp, Fyp, Fyp, Fyp, Xos, Xos, Xos, Xos, Xos, Xos, Xos, Xos, Xos, Xos, Xos, Xos, Xos, Xos, Qxu^Chyp, Qxu^Chyp, Qxu, Qxu^Chyp, Qxu^Chyp, Xos, Xos, Xos, Xos, Xos, Qxu, Xos, Xos, Xos, Xos, Xos, Xos, Xos, Xos, Xos, Xos, Xos, Xos, Xos, Xos, Xos, Xos, Xos, Xos
Xos, Xos, Xos, Xos, Fyp, Xos, Fyp, Fyp, Fyp, Fyp, Fyp, Fyp, Fyp, Xos, Xos, Xos, Xos, Xos, Xos, Xos, Xos, Xos, Xos, Xos, Xos, Xos, Xos, Xos, Qxu, Qxu, Qxu, Qxu, Qxu, Xos, Qxu, Xos, Qxu^Chyp, Qxu^Chyp, Qxu^Chyp, Qxu^Chyp, Qxu^Chyp, Qxu^Chyp, Qxu^Chyp, Xos, Qxu^Chyp, Xos, Xos, Xos, Xos, Xos, Xos, Xos, Xos, Xos, Xos, Xos, Xos
Xos, Xos, Fyp, Fyp, Fyp, Fyp, Fyp, Fyp, Xos, Xos, Xos, Fyp, Fyp, Xos, Fyp, Xos, Xos, Xos, Xos, Xos, Xos, Xos, Xos, Xos, Xos, Xos, Xos, Qxu^Chyp, Qxu, Qxu, Qxu, Qxu, Qxu, Qxu^Chyp, Qxu, Qxu^Chyp, Qxu^Chyp, Qxu^Chyp, Qxu, Qxu, Qxu, Qxu^Chyp, Qxu, Qxu, Qxu, Qxu^Chyp, Qxu, Xos, Xos, Xos, Xos, Xos, Xos, Xos, Xos, Xos, Xos
Xos, Xos, Xos, Fyp, Fyp, Fyp, Xos, Xos, Xos, Xos, Xos, Xos, Fyp, Fyp, Fyp, Fyp, Xos, Xos, Xos, Xos, Xos, Xos, Xos, Xos, Xos, Xos, Qxu, Qxu, Qxu, Qxu, Qxu, Qxu, Qxu, Qxu, Qxu, Qxu, Qxu, Qxu, Qxu, Qxu, Qxu, Qxu, Qxu, Qxu, Qxu, Qxu, Qxu, Qxu, Qxu^Chyp, Xos, Xos, Xos, Xos, Xos, Xos, Xos, Xos
Xos, Xos, Xos, Fyp, Fyp, Xos, Xos, Xos, Xos, Xos, Xos, Fyp, Fyp, Fyp, Xos, Xos, Xos, Xos, Xos, Xos, Xos, Xos, Xos, Xos, Qxu, Qxu^Chyp, Qxu, Qxu, Qxu, Qxu, Qxu, Qxu, Qxu, Qxu, Qxu, Qxu, Qxu, Qxu, Qxu, Qxu, Qxu, Qxu, Qxu, Qxu, Qxu, Qxu, Qxu, Qxu^Chyp, Qxu, Qxu, Qxu, Xos, Xos, Xos, Xos, Xos, Xos
Xos, Xos, Xos, Fyp, Fyp, Xos, Xos, Xos, Xos, Xos, Xos, Xos, Xos, Xos, Xos, Xos, Xos, Xos, Xos, Xos, Xos, Xos, Xos, Qxu, Qxu, Qxu, Qxu, Qxu, Qxu, Qxu, Qxu, Qxu, Qxu, Qxu, Qxu, Qxu, Qxu, Qxu, Qxu, Qxu, Qxu, Qxu, Qxu, Qxu, Qxu, Qxu, Qxu, Qxu, Qxu, Qxu, Qxu, Qxu, Xos, Xos, Xos, Xos, Xos
Xos, Xos, Xos, Fyp, Fyp, Xos, Xos, Xos, Xos, Xos, Xos, Xos, Xos, Xos, Xos, Xos, Xos, Xos, Xos, Xos, Xos, Xos, Xos, Qxu, Qxu, Qxu, Qxu, Qxu, Qxu, Qxu, Qxu, Qxu, Qxu, Qxu, Qxu, Qxu, Qxu, Qxu, Qxu, Qxu, Qxu, Qxu, Qxu, Qxu, Qxu, Qxu, Qxu, Qxu, Qxu, Qxu, Qxu, Qxu, Xos, Xos, Xos, Xos, Xos
Xos, Xos, Xos, Fyp, Fyp, Xos, Xos, Xos, Xos, Xos, Xos, Xos, Xos, Xos, Xos, Xos, Xos, Xos, Xos, Xos, Xos, Xos, Xos, Qxu, Qxu, Qxu, Qxu, Qxu, Qxu, Qxu, Qxu, Qxu, Qxu, Qxu, Qxu, Qxu, Fypd^Maby, Qxu, Qxu, Qxu, Qxu, Qxu, Qxu, Qxu, Qxu, Qxu, Qxu, Qxu, Qxu, Qxu, Qxu, Xos, Xos, Xos, Xos, Xos, Xos
Xos, Xos, Xos, Fyp, Fyp, Xos, Fyp, Fyp, Fyp, Xos, Xos, Xos, Xos, Xos, Xos, Xos, Xos, Xos, Xos, Xos, Xos, Xos, Qxu, Qxu, Qxu, Qxu, Qxu, Qxu, Qxu, Qxu, Qxu, Qxu, Qxu, Qxu, Fypd, Fypd, Fypd^Macy, Fypd, Fypd, Qxu, Qxu, Qxu, Qxu, Qxu, Qxu, Qxu, Qxu, Qxu, Qxu, Qxu, Qxu, Xos, Xos, Xos, Xos, Xos, Xos
Xos, Xos, Fyp^Vmyt, Fyp, Fyp, Fyp, Xos, Xos, Xos, Fyp, Xos, Xos, Xos, Xos, Xos, Xos, Xos, Xos, Xos, Xos, Xos, Qxu, Qxu, Qxu, Qxu, Qxu, Qxu, Qxu, Qxu, Qxu^Iryn, Qxu, Qxu^Chyn, Fypd, Fypd, Fypd, Fypd, Fypd, Fypd, 4 Fypd, Fypd, Fypd, Qxu, Qxu, Qxu, Qxu, Qxu, Qxu^Chyn, Qxu, Qxu, Qxu, Qxu, Xos, Xos, Xos, Xos, Xos, Xos
Xos, Xos, Xos, Fyp, Fyp, Xos, Xos, Xos, Urfz, Urfz, Urfz, Xos, Xos, Xos, Xos, Xos, Xos, Xos, Xos, Xos, Xos, Qxu, Qxu, Qxu, Qxu, Qxu, Qxu, Qxu, Qxu, Qxu, Qxu, Qxu, Fyp, Fyp, Ctym, Ctym, Ktym, Fypd, Fypd, Fypd, Fypd, Qxu, Qxu, Qxu, Qxu, Qxu, Qxu, Qxu, Qxu, Qxu, Qxu, Xos, Xos, Xos, Xos, Xos, Xos
Xos, Xos, Xos, Fyp, Fyp, Xos, Xos, Xos, Urfz, Urfz, Urfz, Xos, Xos, Xos, Xos, Xos, Xos, Xos, Xos, Xos, Qxu, Qxu, Qxu, Qxu, Qxu, Qxu, Qxu, Qxu^Chyn, Qxu, Qxu, Qxu, Qxu, Fypd, Fyp, Fypd, Ctym, Ctym, Ctym, Fyp, Fyp, Fyp, Qxu, Qxu, Qxu, Qxu^Iryn, Qxu, Qxu, Qxu, Qxu, Qxu, Qxu, Xos, Xos, Xos, Xos, Xos, Xos
Xos, Xos, Xos, Fyp, Fyp, Xos, Xos, Xos, Urfz, Urfz, Urfz, Xos, Urfz, Xos, Xos, Xos, Xos, Xos, Xos, Qxu, Qxu, Qxu, Qxu, Qxu, Qxu, Qxu, Qxu, Qxu, Qxu, Qxu, Qxu, Fypd, Fypd, Fypd^Fypp, Fypd, Fyp, Qxu^Pyg, Ctym, Fyp, Fyp, Qxu, Qxu, Qxu, Qxu, Qxu, Qxu, Qxu, Qxu, Qxu, Qxu, Xos, Xos, Xos, Xos, Xos, Xos, Xos
Xos, Xos, Xos, Fyp, Fyp, Xos, Xos, Xos, Urfz, Urfz^Ii, Urfz, Urfz, Urfz, Urfz, Xos, Xos, Xos, Xos, Qxu, Qxu, Qxu, Qxu, Qxu, Qxu, Qxu, Qxu, Qxu, Qxu, Fypd, Qxu, Qxu, Qxu, Qxu, Fypd, Qxu^Pyg, Qxu^Pyg, Qxu^Pyg, Qxu^Pyg, Qxu^Pyg, Qxu^Pyg, Qxu, Qxu, Qxu, Qxu, Qxu, Qxu, Qxu, Qxu, Qxu, Qxu, Xos, Xos, Xos, Xos, Xos, Xos, Xos
Xos, Xos, Xos, Fyp, Fyp, Xos, Xos, Xos, Xos, Urfz, Urfz, Urfz^Vmyt, Urfz^Bryl, Xos, Xos, Xos, Xos, Xos, Qxu, Qxu, Qxu, Qxu, Qxu, Qxu, Qxu^Iryn, Qxu, Qxu, Fypd, Fypd, Fyp, Fyp^Fyod, Qxu^Pyg, Qxu^Pyg, Qxu^Pyg, Qxu^Pyg, Qxu^Pyg, Qxu^Pyg, Qxu^Pyg, Qxu, Qxu, Qxu, Fypd, Fypd, Qxu, Qxu, Qxu, Fypd, Qxu, Qxu, Qxu, Xos, Xos, Xos, Xos, Xos, Xos, Xos
Xos, Xos, Xos, Fyp, Fyp, Xos, Xos, Xos, Xos, Xos, Xos, Xos, Xos, Xos, Xos, Xos, Xos, Xos, Qxu, Qxu, Fypd, Fypd, Qxu, Qxu, Qxu, Qxu, Qxu, Fypd, Fyp, Fyp, Fypd, Qxu^Pyg, Qxu^Pyg, Qxu^Pyg, Qxu^Pyg, Qxu^Pyg, Qxu^Pyg, Qxu, Qxu, Qxu, Qxu, Qxu, Qxu, Qxu, Fypd, Qxu, Qxu, Fypd, Qxu, Qxu, Xos, Xos, Xos, Xos, Xos, Xos, Xos
Xos, Xos, Xos, Fyp, Fyp, Xos, Xos, Xos, Xos, Xos, Xos, Xos, Xos, Xos, Xos, Xos, Xos, Xos, Qxu, Qxu, Qxu, Qxu, Qxu, Qxu, Qxu, Qxu, Qxu, Fyp, Fypd, Fypd, Fypd, Qxu^Pyg, Qxu^Pyg, Qxu^Pyg, Qxu^Pyg, Qxu^Pyg, Qxu^Pyg, Qxu^Pyg, Qxu^Pyg, Qxu^Pyg, Fypd, Qxu^Fyod, Fypd, Fypd, Qxu^Scoz, Fypd, Fypd, Qxu, Qxu, Qxu, Xos, Xos, Xos, Xos, Xos, Xos, Xos
Xos, Xos, Xos, Fyp, Fyp, Fyp, Fyp, Xos, Xos, Xos, Xos, Xos, Xos, Xos, Xos, Xos, Xos, Xos, Qxu, Qxu, Fypd, Fypd, Qxu, Qxu, Qxu, Qxu, Qxu, Fypd, Qxu^Pyg, Fypd, Qxu^Pyg, Qxu^Pyg, Qxu^Pyg, Qxu^Pyg, Fypd, Qxu^Pyg, Fypd, Qxu^Pyg, Qxu^Pyg, Qxu^Pyg, Fypd, Fypd, Fypd, Qxu^Scoz, Qxu^Scoz, Qxu^Scoz, Fypd, Fypd^Fyod, Qxu, Qxu, Xos, Xos, Xos, Xos, Xos, Xos, Xos
Xos, Xos, Xos, Fyp, Fyp, Fyp, Fyp, Xos, Xos, Xos, Xos, Xos, Xos, Xos, Xos, Xos, Xos, Xos, Qxu, Qxu, Fypd, Fypd, Fypd, Qxu, Qxu, Qxu, Qxu, Fypd, Qxu^Pyg, Qxu^Pyg, Qxu^Pyg, Qxu^Pyg, Qxu^Pyg, Fypd, Qxu, Fypd, Qxu, Fypd, Fypd, Qxu^Pyg, Fypd, Fypd, Fypd, Fypd, Fypd, Fypd, Fypd, Fypd, Qxu, Qxu, Xos, Xos, Xos, Xos, Xos, Xos, Xos
Xos, Xos, Xos, Xos, Xos, Fyp, Fyp, Xos, Xos, Xos, Xos, Xos, Xos, Xos, Xos, Xos, Xos, Xos, Qxu, Qxu, Qxu, Fypd, Qxu, Qxu, Qxu, Qxu, Qxu, Fypd, Qxu^Pyg, Qxu^Pyg, Qxu^Pyg, Qxu^Pyg, Fyp^Fyod, Fypd, Fypd, Qxu, Qxu, Qxu, Qxu, Fypd, Qxu, Qxu, Qxu, Fypd, Fypd^Fyod, Fypd, Qxu, Qxu, Qxu, Xos, Xos, Xos, Xos, Xos, Xos, Xos, Xos
Xos, Xos, Xos, Xos, Xos, Fyp, Fyp, Xos, Xos, Xos, Xos, Xos, Xos, Xos, Xos, Xos, Xos, Xos, Qxu, Qxu, Qxu, Qxu, Qxu, Qxu, Fypd, Fypd, Fypd, Fypd, Qxu^Pyg, Qxu^Pyg, Qxu^Pyg, Qxu^Pyg, Qxu^Pyg, Qxu^Pyg, Fypd, Qxu, Qxu, Qxu, Qxu, Qxu, Fypd, Fypd, Fypd, Qxu, Qxu, Qxu, Qxu, Qxu, Xos, Xos, Xos, Xos, Xos, Xos, Xos, Xos, Xos
Xos, Xos, Xos, Xos, Xos, Fyp, Fyp, Xos, Xos, Xos, Xos, Xos, Xos, Xos, Xos, Xos, Xos, Xos, Qxu, Qxu, Qxu, Qxu, Qxu, Qxu, Fypd^Pyg, Fypd^Vmyt, Fypd^Pyg, Fypd, Fypd^Pyg, Qxu^Pyg, Qxu^Pyg, Qxu^Pyg, Qxu^Pyg, Qxu^Pyg, Qxu^Pyg, Fypd, Fyp, Fypd, Qxu, Qxu, Qxu, Fypd, Qxu, Qxu, Qxu, Qxu, Qxu, Qxu, Qxu, Xos, Xos, Xos, Xos, Xos, Xos, Xos, Xos
Xos, Xos, Xos, Xos, Fyp, Fyp, Fyp, Xos, Xos, Xos, Xos, Xos, Xos, Xos, Xos, Xos, Xos, Xos, Qxu, Qxu, Qxu, Qxu, Fypd^Pyg, Fypd^Pyg, Fyp^Fyod, Fypd^Pyg, Fypd^Pyg, Fypd^Pyg, Fyp, Qxu^Pyg, Fyp, Qxu^Pyg, Fyp, Qxu^Pyg, Fyp, Fyp, Fypd, Fypd, Qxu, Qxu, Qxu, Qxu, Qxu, Qxu, Fypd, Fypd, Qxu, Qxu, Qxu, Xos, Xos, Xos, Xos, Xos, Xos, Xos, Xos
Xos, Xos, Xu, Uu, Fyp, Fyp, Xos, Xos, Xos, Xos, Xos, Xos, Xos, Xos, Xos, Xos, Xos, Xos, Qxu, Qxu, Qxu, Qxu, Qxu, Fyp, Fypd, Fyp, Fyp, Fyp, Qxu, Fyp, Fyp, Fyp, Fypd, Fyp, Fypd, Fyp, Qxu, Fypd, Fypd, Qxu, Qxu, Qxu, Fypd, Fypd, Fypd, Qxu, Qxu, Qxu, Xos, Xos, Xos, Xos, Xos, Xos, Xos, Xos, Xos
Xu, Xu, Xu, Uu, Uu, Fyp, Fyp, Xos, Xos, Xos, Xos, Xos, Xos, Xos, Xos, Xos, Xos, Xos, Qxu, Qxu, Qxu, Qxu, Fypd, Fypd, Fypd, Qxu, Qxu, Qxu, Qxu, Qxu, Qxu, Fypd, Qxu, Qxu, Qxu, Qxu, Qxu, Fypd, Fypd, Fypd, Fypd, Qxu, Qxu, Fypd, Qxu, Qxu, Qxu, Qxu, Xos, Xos, Xos, Xos, Xos, Xos, Xos, Xos, Xos
Xu, Xu, Xu, Xu, Xu, Uu, Uu, Fyp, Fyp, Xos, Xos, Xos, Xos, Xos, Xos, Xos, Xos, Xos, Qxu, Qxu, Qxu, Qxu, Fypd, Fypd, Fypd, Qxu, Qxu, Qxu, Fypd, Qxu, Qxu, Qxu, Qxu, Qxu, Qxu, Qxu, Qxu, Qxu, Fypd, Fypd^Fypp, Fypd, Qxu, Qxu, Qxu, Qxu, Qxu, Xos, Xos, Xos, Xos, Xos, Xos, Xos, Xos, Xos, Xos, Xos
Xos, Xu, Xu, Uh, Uu, Xu, Uu, Fyp, Fyp, Fyp, Xos, Xos, Xos, Xos, Xos, Xos, Xos, Xos, Xos, Qxu, Qxu, Fypd, Fypd, Fypd, Qxu, Qxu, Qxu, Qxu, Qxu, Qxu, Qxu, Qxu, Fypd, Qxu, Fypd, Qxu, Qxu, Qxu, Qxu, Fypd, Fypd, Qxu, Qxu, Qxu, Xos, Xos, Xos, Xos, Xos, Xos, Xos, Xos, Xos, Xos, Xos, Xos, Xos
Xos, Xu, Qlf, Xu, Uu, Uu, Fyp, Fyp, Xos, Xos, Xos, Xos, Xos, Xos, Xos, Xos, Fypd, Xos, Xos, Xos, Xos, Fypd, Fypd, Fypd, Xos, Xos, Xos, Qxu, Xos, Qxu, Xos, Qxu, Xos, Fypd, Fypd, Fypd, Fypd, Qxu, Fypd, Fypd, Qxu, Qxu, Xos, Xos, Xos, Xos, Xos, Xos, Xos, Xos, Xos, Xos, Xos, Xos, Xos, Xos, Xos
Xos, Xu, Xu, Uu, Fyp, Fyp, Xos, Xos, Xos, Xos, Xos, Xos, Xos, Xos, Fypd, Fypd, Fyp^Fyod, Fypd, Fypd, Xos, Xos, Fypd, Xos, Xos, Xos, Xos, Xos, Xos, Xos, Xos, Xos, Xos, Xos, Xos, Xos, Fypd, Xos, Fypd, Xos, Xos, Xos, Xos, Xos, Xos, Xos, Xos, Xos, Xos, Xos, Fypd, Fyp, Xos, Xos, Xos, Xos, Xos, Xos
Xos, Xu, Xu, Fyp, Uu, Fyp, Fyp, Xos, Xos, Xos, Xos, Xos, Xos, Xos, Xos, Fypd, Fypd, Fypd, Fypd, Fypd, Xos, Fyp^Gsye, Fyp, Fyp, Fyp, Xos, Xos, Xos, Rrc, Rrc, Rrc, Xos, Xos, Xos, Xos, Fypd^Gsye, Fyp, Fypd^Gsyw, Xos, Xos, Xos, Xos, Xos, Xos, Xos, Xos, Fypd, Xos, Fypd, Fyp, Fyp^Fyod, Fyp, Xos, Xos, Xos, Xos, Xos
Xos, Xos, Xos, Xu, Uh, Uu, Fyp, Fyp, Fyp, Xos, Xos, Xos, Xos, Xos, Xos, Xos, Xos, Fypd, Fyp, Fyp, Fyp, Fyp, Fyp, Fyp, Fyp^Fyod, Fyp, Fyp, Xos, Rrc^Bryl, Rrc^Ii, Rrc^Bryl, Xos, Fypd, Fypd, Fyp, Fyp, Fypd, Fyp, Fyp, Xos, Fyp, Xos, Fypd, Xos, Fypd, Fypd, Ctym, Fypd, Fyp, Fyp^Fyod, Fyp, Xos, Xos, Xos, Xos, Xos, Xos
Xos, Xos, Xos, Xos, Xos, Xos, Fyp, Fyp, Fyp, Fyp, Fyp, Xos, Xos, Xos, Xos, Xos, Fyp, Fyp, Fyp, Fyp, Fyp, Fyp, Fyp, Fyp, Fyp, Fyp, Fyp, Xos, Fyp, Rrc, Fyp, Xos, Fypd, Fypd^Fyod, Fyp, Fyp, Fypd, Fypd, Fyp, Fyp, Fypd, Fypd, Fypd, Fyp, Fypd, Ctym, 1 Ktym, Ctym, Fyp, Fypd, Fypd, Fypd, Fyp, Xos, Xos, Xos, Xos
Xos, Xos, Xos, Xos, Xos, Fyp, Fyp, Fyp^Fypp, Fyp, Fyp, Xos, Fyp^Gsye, Fyp, Fyp, Fyp, Fyp, Fyp, Fyp, Fyp, Fyp, Fyp, Fyp, Xos, Fyp, Fyp, Fyp, Fyp, Fyp, Fyp, Fyp, Fypd, Fypd, Fyp, Fypd, Fypd, Fypd, Fypd, Fypd, Fypd, Fyp^Fypp, Fypd, Fypd, Fypd, Fypd, Fypd, Ctym, Ctym, Ctym, Fypd, Fyp, Fypd, Fypd, Fypd, Fyp, Xu, Xos, Xu
Xos, Xos, Xos, Xos, Xos, Xos, Urfz, Fyp, Fyp, Xos, Xos, Fyp, Fyp, Fyp, Fyp, Fyp, Fyp, Fyp, Xos, Fyp, Xos, Xos, Xos, Xos, Xos, Xos, Xos, Fyp, Xos, Fypd, Xos, Fypd, Xos, Fyp, Xos, Fyp, Xos, Fypd, Xos, Fyp, Xos, Fyp, Fypd, Fypd, Fypd, Fypd, Fypd, Fypd, Fypd, Fypd, Fypd, Fypd, Uu, Uu, Xu, Xu, Xu
Xos, Xos, Xos, Xos, Xos, Xos, Urfz, Urfz, Urfz, Xos, Xos, Xos, Xos, Fyp, Xos, Xos, Xos, Xos, Xos, Xos, Xos, Xos, Xos, Xos, Xos, Xos, Xos, Xos, Xos, Xos, Xos, Xos, Xos, Xos, Xos, Xos, Xos, Xos, Xos, Xos, Xos, Xos, Xos, Fyp, Fypd, Fyp, Fypd, Fypd, Fypd, Fypd, Uu, Uu, Uu, Uh, Xu, Xu, Xu
Xos, Xos, Xos, Xos, Xos, Xos, Urfz, Urfz, Urfz, Xos, Xos, Xos, Xos, Xos, Xos, Xos, Xos, Xos, Urfz, Xos, Xos, Xos, Xos, Xos, Xos, Xos, Xos, Xos, Xos, Xos, Xos, Xos, Xos, Xos, Xos, Xos, Xos, Xos, Xos, Xos, Xos, Xos, Xos, Xos, Xos, Fypd, Xos, Fypd, Fypd, Fypd, Fypd, Uu, Xu, Xu, Xu, Xu, Xu
Xos, Xos, Xos, Xos, Urfz, Urfz, Cud, Cud, Cud, Urfz, Urfz, Xos, Xos, Xos, Xos, Xos, Urfz, Urfz, Urfz, Urfz, Urfz, Urfz^Bryl, Urfz, Xos, Xos, Xos, Xos, Xos, Xos, Xos, Xos, Xos, Xos, Xos, Xos, Xos, Xos, Xos, Xos, Xos, Xos, Xos, Xos, Xos, Xos, Xos, Uu, Uu, Uu, Fypd, Uu^Fyod, Uu, Uu, Uh, Xu, Xu, Xu
Xos, Xos, Xos, Xos, Urfz, Urfz, Cud, 2 Kud, Cud, Urfz, Urfz, Xos, Xos, Xos, Xos, Xos, Urfz, Urfz^Ii, Urfz, Urfz, Urfz, Urfz, Urfz, Urfz, Xos, Xos, Xos, Xos, Xos, Xos, Xos, Xos, Xos, Xos, Xos, Xos, Xos, Xos, Xos, Xos, Xos, Xos, Xos, Xos, Xos, Xu, Uh, Uu^Fyod, Uu, Uu, Uu, Uu, Fypd, Xu, Xu, Xu, Xu
Xos, Xos, Xos, Xos, Urfz, Urfz, Urfz, Cud, Urfz, Urfz, Urfz, Xos, Xos, Xos, Xos, Xos, Xos, Urfz, Xos, Urfz, Urfz, Urfz, Urfz, Urfz, Urfz, Xos, Xos, Xos, Xos, Xos, Xos, Xos, Xos, Xos, Xos, Xos, Xos, Xos, Xos, Xos, Xos, Xos, Xos, Xos, Xos, Xu, Xu, Xu, Uh, Uu, Uu^Fyod, Fypd, Fypd, Uu, Uh, Xu, Xu
Xos, Xos, Urfz, Urfz, Xos, Xos, Xos, Urfz, Xos, Xos, Xos, Urfz, Urfz, Xos, Xos, Xos, Xos, Xos, Xos, Xos, Xos, Xos, Xos, Urfz, Urfz, Urfz, Urfz, Xos, Xos, Xos, Xos, Xos, Xos, Xos, Xos, Xos, Xos, Xos, Xos, Xos, Xos, Xos, Xos, Xos, Xos, Xos, Xu, Xu, Xu, Uu, Xu, Uh, Uh, Uu, Xu, Xu, Xu
Xos, Xos, Urfz, Xos, Xos, Xos, Xos, Xos, Xos, Xos, Xos, Xos, Urfz, Xos, Xos, Xos, Xos, Xos, Xos, Xos, Xos, Xos, Xos, Xos, Xos, Urfz, Urfz, Urfz, Urfz, Xos, Xos, Xos, Xos, Xos, Xos, Xos, Xos, Xos, Xos, Xos, Xos, Xos, Xos, Xos, Xos, Xos, Xos, Xu, Xu, Xu, Xu, Uh, Xu, Uh, Xu, Xu, Xu
Xos, Xos, Urb, Xos, Xos, Xos, Xos, Xos, Xos, Xos, Xos, Xos, Urb, Xos, Xos, Xos, Xos, Xos, Xos, Xos, Xos, Xos, Xos, Xos, Xos, Xos, Xos, Urfz, Urfz, Urfz, Urfz, Xos, Xos, Xos, Urb^Bryl, Xos, Xos, Xos, Xos, Xos, Xos, Xos, Xos, Xos, Xos, Xos, Xos, Xu, Xu, Xu, Xu, Xu, Xu, Xu, Xu, Xu, Xu
Xos, Urb, Iwr, Urb, Xos, Xos, Xos, Xos, Xos, Xos, Xos, Urb, Iwr, Urb, Xos, Xos, Xos, Xos, Xos, Xos, Xos, Xos, Xos, Xos, Xos, Xos, Xos, Xos, Xos, Urfz, Urb, Urb, Urb, Urb, Urb, Urb, Urb, Xos, Xos, Xos, Xos, Xos, Xos, Xos, Xos, Xos, Xos, Xos, Xos, Xu, Xos, Xu, Xos, Xu, Xu, Xu, Xu
Xos, Urb, Urb, Urb, Urb, Xos, Xos, Xos, Xos, Xos, Urb, Urb, Urb, Urb, Xos, Xos, Xos, Xos, Xos, Xos, Xos, Xos, Xos, Xos, Xos, Xos, Xos, Xos, Xos, Xos, Xos, Urb, Iwr, Urb, Urb, Urb^Vmyt, Urb, Urb, Xos, Xos, Xos, Xos, Xos, Xos, Xos, Xos, Xos, Xos, Xos, Xos, Xos, Xos, Xos, Xos, Xos, Xos, Xos
Xos, Xos, Xos, Xos, Xos, Urb, Urb, Urb, Urb, Urb, Xos, Xos, Xos, Xos, Xos, Xos, Xos, Xos, Xos, Xos, Xos, Xos, Urfz, Urfz, Urfz, Xos, Xos, Xos, Xos, Xos, Urfz, Urb, Urb, Urb, Xos, Urb, Xos, Xos, Xos, Xos, Xos, Xos, Xos, Xos, Xos, Xos, Xos, Xos, Xos, Xos, Xos, Xos, Xos, Xos, Xos, Xos, Xos
Xos, Xos, Xos, Xos, Xos, Xos, Urb, Urb^Ii, Urb, Xos, Xos, Xos, Xos, Xos, Xos, Xos, Xos, Xos, Xos, Xos, Xos, Xos, Urfz, Urfz, Urfz, Urfz, Urfz, Xos, Urfz, Urfz, Urfz, Urfz, Xos, Xos, Xos, Xos, Xos, Xos, Xos, Xos, Xos, Xos, Xos, Xos, Xos, Xos, Xos, Xos, Xos, Xos, Xos, Xos, Xos, Xos, Xos, Xos, Xos
Xos, Xos, Xos, Xos, Xos, Xos, Xos, Urb, Xos, Xos, Xos, Xos, Xos, Xos, Xos, Xos, Xos, Xos, Xos, Xos, Urfz, Urfz, Urfz, Urfz, Xos, Urfz, Urfz, Urfz, Urfz, Urfz, Xos, Xos, Xos, Xos, Xos, Xos, Xos, Xos, Xos, Xos, Xos, Xos, Xos, Xos, Xos, Xos, Xos, Xos, Xos, Xos, Xos, Xos, Xos, Xos, Xos, Xos, Xos
Xos, Xos, Xos, Xos, Xos, Xos, Xos, Xos, Xos, Xos, Xos, Xos, Xos, Xos, Xos, Xos, Xos, Xos, Urfz, Urfz, Urfz, Urfz, Xos, Xos, Xos, Xos, Xos, Urfz, Xos, Xos, Xos, Xos, Xos, Xos, Xos, Xos, Xos, Xos, Xos, Xos, Xos, Xos, Xos, Xos, Xos, Xos, Xos, Xos, Xos, Xos, Xos, Xos, Xos, Xos, Xos, Xos, Xos
Xos, Xos, Xos, Xos, Xos, Xos, Xos, Xos, Xos, Xos, Xos, Xos, Xos, Xos, Xos, Xos, Urb, Urb, Urb, Urfz, Xos, Xos, Xos, Xos, Xos, Xos, Xos, Xos, Xos, Xos, Xos, Xos, Xos, Xos, Xos, Xos, Xos, Xos, Xos, Xos, Xos, Xos, Xos, Xos, Xos, Xos, Xos, Xos, Xos, Xos, Xos, Xos, Xos, Xos, Xos, Xos, Xos
Xos, Xos, Xos, Xos, Xos, Xos, Xos, Xos, Xos, Xos, Xos, Xos, Xos, Xos, Xos, Xos, Urb, Iwr, Urb, Xos, Xos, Xos, Xos, Xos, Xos, Xos, Xos, Xos, Xos, Xos, Xos, Xos, Xos, Xos, Xos, Xos, Xos, Xos, Xos, Xos, Xos, Xos, Xos, Xos, Xos, Xos, Xos, Xos, Xos, Xos, Xos, Xos, Xos, Xos, Xos, Xos, Xos
Xos, Xos, Xos, Xos, Xos, Xos, Xos, Xos, Xos, Xos, Xos, Xos, Xos, Xos, Xos, Xos, Xos, Urb, Xos, Xos, Xos, Xos, Xos, Xos, Xos, Xos, Xos, Xos, Xos, Xos, Xos, Xos, Xos, Xos, Xos, Xos, Xos, Xos, Xos, Xos, Xos, Xos, Xos, Xos, Xos, Xos, Xos, Xos, Xos, Xos, Xos, Xos, Xos, Xos, Xos, Xos, Xos
Xos, Xos, Xos, Xos, Xos, Xos, Xos, Xos, Xos, Xos, Xos, Xos, Xos, Xos, Xos, Xos, Xos, Xos, Xos, Xos, Xos, Xos, Xos, Xos, Xos, Xos, Xos, Xos, Xos, Xos, Xos, Xos, Xos, Xos, Xos, Xos, Xos, Xos, Xos, Xos, Xos, Xos, Xos, Xos, Xos, Xos, Xos, Xos, Xos, Xos, Xos, Xos, Xos, Xos, Xos, Xos, Xos
Xos, Xos, Xos, Xos, Xos, Xos, Xos, Xos, Xos, Xos, Xos, Xos, Xos, Xos, Xos, Xos, Xos, Xos, Xos, Xos, Xos, Xos, Xos, Xos, Xos, Xos, Xos, Xos, Xos, Xos, Xos, Xos, Xos, Xos, Xos, Xos, Xos, Xos, Xos, Xos, Xos, Xos, Xos, Xos, Xos, Xos, Xos, Xos, Xos, Xos, Xos, Xos, Xos, Xos, Xos, Xos, Xos
Xos, Xos, Xos, Xos, Xos, Xos, Xos, Xos, Xos, Xos, Xos, Xos, Xos, Xos, Xos, Xos, Xos, Xos, Xos, Xos, Xos, Xos, Xos, Xos, Xos, Xos, Xos, Xos, Xos, Xos, Xos, Xos, Xos, Xos, Xos, Xos, Xos, Xos, Xos, Xos, Xos, Xos, Xos, Xos, Xos, Xos, Xos, Xos, Xos, Xos, Xos, Xos, Xos, Xos, Xos, Xos, Xos
Xos, Xos, Xos, Xos, Xos, Xos, Xos, Xos, Xos, Xos, Xos, Xos, Xos, Xos, Xos, Xos, Xos, Xos, Xos, Xos, Xos, Xos, Xos, Xos, Xos, Xos, Xos, Xos, Xos, Xos, Xos, Xos, Xos, Xos, Xos, Xos, Xos, Xos, Xos, Xos, Xos, Xos, Xos, Xos, Xos, Xos, Xos, Xos, Xos, Xos, Xos, Xos, Xos, Xos, Xos, Xos, Xos
