Dsmz, Dsmz, Dsmz, Dsmz, Dsmz^Dcmz, Dsmz, Dsmz, Dsmz, Dsmz, Dsmz, Dsmz, Dsmz, Dsmz, Dsmz, Dsmz, Dsmz, Dsmz, Dsmz, Qxuz, Uu, Xobz, Xobz, Qxuz, Qxuz, Qxuz, Qxuz, Qxuz, Qxuz, Qxuz, Qxuz, Qxuz, Qxuz, Qxuz, Qxua^Rzft, Qxua^Rzft, Qxuz, Qxua^Rzft, Qxuz, Uu, Qxuz, Dsmz, Dsmz, Dsmz, Dsmz, Dsmz, Dsmz, Dsmz, Dsmz, Dsmz, Dsmz, Dsmz, Dsmz, Dsmz^Dcmz, Dsmz, Dsmz, Dsmz, Dsmz, Dsmz, Dsmz, Dsmz, Dsmz, Dsmz, Dsmz, Dsmz, Dsmz, Dsmz, Dsmz, Dsmz, Dsmz, Dsmz
Dsmz, Dsmz, Dsmz, Dsmz^Dcmz, Dsmz^Dcmz, Dsmz, Dsmz, Dsmz, Dsmz, Dsmz, Dsmz, Dsmz, Dsmz, Dsmz, Dsmz, Dsmz, Qxuz, Qxuz, Xobz, Xobz, Qxuz, Qxuz, Qxuz, Qxuz, Qxuz, Qxuz, Qxuz, Qxuz, Tmmy^Lyt, Qxuz, Qxuz, Qxuz, Qxuz, Uu, Uu, Qxua^Rzft, Qxua^Rzft, Qxua^Rzft, Uu, Uu, Uu, Dsmz, Dsmz, Dsmz, Dsmz, Dsmz, Dsmz, Dsmz, Dsmz, Dsmz, Dsmz, Dsmz, Dsmz, Dsmz, Dsmz, Dsmz, Dsmz, Dsmz, Dsmz, Dsmz, Dsmz, Dsmz, Dsmz, Dsmz, Dsmz, Dsmz, Dsmz, Dsmz^Dcmz, Dsmz^Dcmz, Dsmz^Dcmz
Dsmz, Dsmz, Dsmz, Dsmz, Dsmz, Dsmz, Dsmz, Dsmz, Dsmz, Dsmz, Dsmz, Dsmz, Dsmz, Dsmz, Uu, Uu, Xobz, Xobz, Qxuz, Qxuz, Qxuz, Qxuz, Qxuz, Qxuz, Qxuz, Qxuz, Qxuz, Qxuz, Qxuz, Qxuz, Qxuz, Qxuz, Qxuz, Qxuz, Qxuz, Uu, Uu, Xobz, Xobz, Qxuz, Qxuz, Dsmz, Dsmz, Dsmz, Dsmz, Dsmz, Dsmz, Dsmz, Dsmz, Dsmz, Dsmz, Dsmz, Dsmz, Dsmz, Uh, Dsmz, Dsmz, Dsmz, Dsmz, Dsmz, Uu, Dsmz, Dsmz, Uu, Dsmz, Dsmz, Dsmz, Dsmz, Dsmz, Dsmz
Dsmz, Dsmz, Dsmz, Dsmz, Dsmz, Dsmz, Dsmz, Dsmz, Dsmz, Dsmz, Dsmz, Dsmz, Dsmz, Uu, Uu, Uu, Xobz, Xobz, Qxuz, Qxuz, Qxuz, Qxuz, Qxuz, Qxuz, Qxuz, Qxuz, Qxuz, Qxuz, Qxuz, Qxuz, Qxuz, Qxuz, Uu, Qxuz, Qxuz, Qxuz, Qxuz, Qxuz, Qxuz, Xobz, Xobz, Qxuz, Uh, Uh, Dsmz, Dsmz, Dsmz, Dsmz, Uh, Dsmz, Dsmz, Dsmz, Dsmz, Dsmz, Dsmz, Dsmz, Dsmz, Dsmz, Dsmz, Uu, Uu, Uu, Dsmz, Dsmz, Xobz, Dsmz, Uu, Dsmz, Dsmz, Dsmz
Dsmz, Dsmz, Dsmz, Dsmz, Dsmz, Dsmz, Dsmz, Dsmz, Dsmz, Dsmz, Dsmz, Dsmz, Dsmz, Dsmz, Dsmz, Uu, Uu, Xobz, Qxuz, Qxuz, Qxuz, Qxuz, Qxuz, Qxuz, Uu, Uu, Qxuz, Qxuz, Qxuz, Qxuz, Qxuz, Qxuz, Uu, Uu, Qxuz, Qxuz, Qxuz, Qxuz, Qxuz, Qxuz, Qxuz, Xobz, Xobz, Uh, Uh, Uh, Uh, Dsmz, Uh, Dsmz, Uh, Dsmz, Dsmz, Dsmz, Dsmz, Dsmz, Dsmz, Dsmz, Uu, Uu, Uu, Uu, Urfz^Pz/, Xobz, Xobz, Uu, Uu, Dsmz, Dsmz, Dsmz
Dsmz, Dsmz, Dsmz, Dsmz, Dsmz, Dsmz, Dsmz, Dsmz, Dsmz, Dsmz, Dsmz, Dsmz, Dsmz, Dsmz, Dsmz, Dsmz, Uu, Xobz, Xobz, Qxuz, Qxuz, Qxuz, Qxuz, Qxuz, Uu, Uu, Uu, Qxuz, Urb, Urb, Urb, Qxuz, Uu, Uu, Qxuz, Qxuz, Qxuz, Qxuz, Qxuz, Qxuz, Qxuz, Qxuz, Xobz, Xobz, Uu, Uu, Uh, Uh, Uh, Uh, Uh, Uh, Dsmz, Dsmz, Dsmz, Dsmz, Dsmz, Dsmz, Dsmz, Uu, Xobz, Urfz^Pz/, Urfz, Urfz, Xobz, Uu, Uu, Dsmz, Dsmz, Dsmz
Dsmz, Dsmz, Dsmz, Dsmz, Dsmz, Dsmz, Dsmz, Dsmz, Dsmz, Dsmz, Dsmz, Dsmz, Dsmz, Dsmz, Dsmz, Dsmz, Uu, Xobz, Xobz, Xobz, Xobz, Qxuz, Uu, Qxuz, Urb, Urb, Urb, Urb, Urb, Urb, Urb, Urb, Urb, Uu, Qxuz, Qxuz, Qxuz, Qxuz, Qxuz, Qxuz, Xobz, Xobz, Xobz, Xobz, Xobz, Uu, Uu, Uh, Uu, Uh, Uh, Dsmz, Dsmz, Dsmz, Dsmz, Dsmz, Dsmz, Dsmz, Dsmz, Uu, Uu, Urfz, Urb, Urfz, Uu, Uu, Uu, Uu, Dsmz, Dsmz
Dsmz, Dsmz, Dsmz, Dsmz, Dsmz, Dsmz, Dsmz, Dsmz, Dsmz, Dsmz, Dsmz, Dsmz, Dsmz, Dsmz, Dsmz, Uu, Uu, Xobz, Xobz, Xobz, Xobz, Uu, Xobz, Ur, Qxuz, Urb, Urb, Urb, Urb, Urb, Urb, Urb, Qxuz, Qxuz, Qxuz, Qxuz, Qxuz, Qxuz, Qxua^Rzft, Xobz, Xobz, Xobz, Xobz, Xobz, Xobz, Xobz, Xobz, Uu, Uu, Uu, Uu, Dsmz, Uu, Dsmz, Dsmz, Dsmz^Dcmz, Dsmz, Dsmz, Dsmz, Dsmz, Dsmz, Uu, Uu, Uu, Uu^Vu, Uu, Uu, Dsmz, Dsmz, Dsmz
Dsmz, Dsmz, Dsmz, Dsmz, Dsmz, Dsmz^Dcmz, Dsmz, Dsmz, Dsmz, Dsmz, Dsmz, Dsmz, Dsmz, Dsmz, Dsmz, Uu, Xobz, Xos, Xos, Xos, Xos, Qxua^Rzft, Xobz, Xobz, Xobz, Qxuz, Urb, Urb, Urb, Urb, Urb, Urb, Qxuz, Qxuz, Qxuz, Qxuz, Xos, Qxua^Rzft, Xos, Xos, Xobz, Xobz, Urfz^Bryl, Xobz, Xobz, Xobz, Xobz, Xobz, Xobz, Dsmz, Dsmz, Dsmz, Dsmz, Dsmz, Dsmz, Dsmz, Dsmz, Dsmz, Dsmz, Dsmz, Dsmz, Uu, Ur, Dsmz, Dsmz, Dsmz, Dsmz, Dsmz, Dsmz, Dsmz
Dsmz, Dsmz, Dsmz, Dsmz, Dsmz, Dsmz, Dsmz, Dsmz, Dsmz, Dsmz, Dsmz, Dsmz, Dsmz, Dsmz, Uu, Uu, Xos, Xos, Xos, Xos, Xos, Qxua^Rzft, Xobz, Xobz, Xobz, Uu, Urb, Urb, Urb, Urb, Urb, Urb, Uu, Qxuz, Xos, Xos, Xos, Xos, Xobz, Xobz, Xobz, Xobz, Urfz, Xobz, Urfz, Xobz, Xobz, Xobz, Xobz, Dsmz, Dsmz, Dsmz, Dsmz, Dsmz, Dsmz, Dsmz, Dsmz, Dsmz, Dsmz, Dsmz, Dsmz, Urb, Uu, Dsmz, Dsmz, Dsmz, Dsmz, Dsmz, Dsmz, Dsmz
Dsmz, Dsmz, Dsmz, Dsmz, Dsmz, Dsmz, Dsmz, Dsmz, Dsmz, Dsmz, Dsmz, Dsmz, Uu, Uu, Uu, Xobz, Xos, Urfz^Uyod, Xos, Xos, Xobz, Qxua^Rzft, Xobz, Xobz, Xobz, Uu, Urb, Urb, Urb, Urb, Urb, Urb, Uu, Xos, Xos, Xos, Xos, Xos, Xobz, Xobz, Urfz, Urfz, Urfz, Urfz, Uu, Uu, Uu, Xobz, Dsmz, Dsmz, Dsmz, Dsmz, Uu, Dsmz, Dsmz, Dsmz, Dsmz, Dsmz, Uu, Ur, Uu, Dsmz, Dsmz, Dsmz, Dsmz, Dsmz, Dsmz, Dsmz, Dsmz, Dsmz
Dsmz, Dsmz, Dsmz, Dsmz, Dsmz, Dsmz, Dsmz, Dsmz, Dsmz, Dsmz, Dsmz, Dsmz, Uu, Uu, Xobz, Xobz, Urb^Bryl, Urb, Urb^Bryf, Xobz, Urfz, Urfz, Xobz, Xobz, Xos, Uu, Xos, Urb, Urb, Urb, Xos, Urb, Xos, Xos, Xos, Xos, Xos, Xos, Xos, Xobz, Xobz, Urfz, Urfz, Urfz, Qxu, Qxu, Uu, Dsmz, Dsmz, Dsmz, Xobz, Xobz, Uu, Dsmz, Dsmz, Dsmz, Dsmz, Dsmz, Uu, Urb, Dsmz, Dsmz, Dsmz, Dsmz, Dsmz, Dsmz, Dsmz, Dsmz, Dsmz, Dsmz
Dsmz, Dsmz, Dsmz, Dsmz, Dsmz, Dsmz, Dsmz, Dsmz, Dsmz, Dsmz, Uu, Uu, Xobz, Xobz, Xobz, Xobz, Urfz, Urb, Urfz, Urfz, Xobz, Xobz, Xobz, Xobz, Xos, Xos, Urb, Xos, Urb, Urb, Urb, Xos, Urb, Xos, Xos, Xos, Xos, Xos, Xos, Xobz, Xobz, Xobz, Urfz, Qxu, Qxu, Qxu, Qxu, Dsmz, Dsmz, Xobz, Xobz, Xobz, Uu, Uh, Uh, Dsmz, Uu, Dsmz, Dsmz, Urb, Uu, Dsmz, Dsmz, Dsmz, Uu, Dsmz, Dsmz, Dsmz, Dsmz, Dsmz^Dcmz
Dsmz, Dsmz, Dsmz, Dsmz, Dsmz, Dsmz, Dsmz, Dsmz, Dsmz, Dsmz, Uu, Xobz, Xobz, Xobz, Urfz, Urfz, Urfz, Urfz, Urfz, Xobz, Xobz, Xobz, Xobz, Xobz, Xos, Urb, Urb, Urb, Urb, Urb, Urb, Urb, Urb, Xos, Xos, Xos, Xos, Xos, Xos, Xos, Xobz, Xobz, Urfz, Urfz, Xobz, Xobz, Xobz, Dsmz, Dsmz, Dsmz, Xobz, Xobz, Uu, Uh, Uh, Uu, Urb, Ur, Uu, Dsmz, Dsmz, Dsmz, Dsmz, Dsmz, Dsmz, Dsmz, Dsmz, Dsmz, Dsmz, Dsmz
Dsmz, Dsmz, Dsmz, Dsmz, Dsmz, Dsmz, Dsmz, Dsmz, Dsmz, Dsmz, Uu, Xobz, Xobz, Urfz, Urfz, Urfz, Urfz, Urfz, Urfz, Xobz, Xobz, Xos, Xos, Xos, Xos, Urb, Urb, Urb^Dr, Urb, Urb, Qxuz, Urb, Urb, Xos, Xos, Xos, Xos, Xos, Xos, Xos, Xobz, Xobz, Urfz, Urfz, Xobz, Xobz, Xobz, Xobz, Xobz, Dsmz, Xobz, Xobz, Xobz, Uh, Uu, Uu, Dsmz, Uu, Dsmz, Dsmz, Dsmz, Uu, Dsmz, Dsmz, Dsmz, Dsmz, Dsmz, Dsmz, Dsmz, Dsmz
Dsmz, Dsmz, Dsmz, Dsmz, Dsmz, Dsmz, Dsmz, Dsmz, Dsmz, Dsmz, Uu, Xobz, Xobz, Urfz, Urfz^Vct, Urfz, Urfz, Urfz, Urfz, Xobz, Xobz, Rrc^Bryl, Iwr, Rrc^Bryl, Xos, Urb, Qxuz, Urb, Urb, Qxuz, Qxuz, Qxuz, Urb, Urb, Urb, Rrc^Bryl, Iwr, Rrc^Bryl, Urb, Xos, Xobz, Xobz, Urfz, Xobz, Xobz, Xobz, Xobz, Xobz, Xobz, Xobz, Xobz, Xobz, Xobz, Xobz, Uu, Urb, Urb, Dsmz, Dsmz, Dsmz, Dsmz, Dsmz, Dsmz, Dsmz, Dsmz, Dsmz, Dsmz, Dsmz, Dsmz, Dsmz
Dsmz, Dsmz, Dsmz, Dsmz, Dsmz, Dsmz, Dsmz, Dsmz, Dsmz, Uu, Uu, Xobz, Xobz, Urfz, Urfz, Urfz, Urfz, Urfz, Urfz, Xobz, Xobz, Rrc, Rrc, Rrc, Urb, Urb, Urb, Urb, Urb, Urb, Urb, Urb, Urb, Urb, Urb, Rrc, Rrc, Rrc, Urb, Xos, Xobz, Xobz, Urfz, Xobz, Xobz, Xobz, Xobz, Xobz, Qxuz, Uu^Dr, Qxuz, Xobz, Uu, Uu, Xobz, Xobz, Uu, Uu, Dsmz, Dsmz, Dsmz, Dsmz, Dsmz, Dsmz, Dsmz, Dsmz, Dsmz, Dsmz, Dsmz, Dsmz
Dsmz, Dsmz, Dsmz, Dsmz, Dsmz, Dsmz, Dsmz, Dsmz, Dsmz, Uu, Uu, Xobz, Xobz, Xobz, Xobz, Urfz, Urfz, Urfz, Urfz, Xobz, Xobz, Urb, Urb, Urb, Urb, Urb, Urb, Urb, Xobz, Xobz, Xobz, Urb, Urb, Urb, Urb, Qxu, Qxu, Qxu, Urb, Xos, Xobz, Xobz, Urfz, Urfz, Urfz, Xobz, Xobz, Qxuz, Qxuz, Qxuz, Uu^Dr, Xobz, Uu, Xobz, Xobz, Xobz, Xobz, Uu, Dsmz, Dsmz, Dsmz, Dsmz, Dsmz, Dsmz, Dsmz^Dcmz, Dsmz, Dsmz, Dsmz, Dsmz, Dsmz
Dsmz, Dsmz, Dsmz, Dsmz, Dsmz, Dsmz, Dsmz, Dsmz, Dsmz, Uu, Uu, Xobz, Xobz, Xobz, Xobz, Xobz, Xobz, Xobz, Urfz, Xobz, Xobz, Urb, Urb, Urb^Dr, Urb, Urb, Xobz, Xobz, Cud, 7 Kud, Cud, Xobz, Xobz, Urb, Urb, Qxu, Qxu^Smky, Qxu, Urb, Xos, Xobz, Xobz, Xobz, Urfz, Xobz, Urfz, Urfz, Uu^Dr, Qxuz, Qxuz, Qxuz, Dsmz, Uu, Uu, Uu, Dsmz, Dsmz^Dr, Uu, Dsmz, Dsmz, Dsmz, Dsmz, Dsmz, Dsmz, Dsmz, Dsmz, Dsmz, Dsmz, Dsmz, Dsmz
Dsmz, Dsmz, Dsmz, Dsmz, Dsmz, Dsmz, Dsmz, Dsmz, Dsmz, Uu, Uu, Xobz, Xobz, Xobz, Xobz, Xobz, Xobz, Xobz, Urfz, Urfz, Xobz, Urb, Urb, Urb, Urb, Xobz, Urfz^Eb, Cud, Urfz, Cud, Urfz, Cud, Urfz^Eb, Xobz, Urb, Urb, Uu, Uu, Urb, Xos, Xos, Xobz, Xobz, Xobz, Xobz, Xobz, Xobz, Urfz, Urfz, Qxuz, Qxuz, Dsmz, Dsmz, Qxuz, Qxuz, Dsmz, Dsmz, Uu, Uu, Dsmz, Dsmz, Dsmz, Dsmz, Dsmz, Dsmz, Dsmz, Qxuz, Dsmz, Dsmz, Dsmz
Dsmz, Dsmz, Dsmz, Dsmz, Dsmz, Dsmz, Dsmz, Dsmz, Dsmz, Uu, Uu, Xobz, Uh, Xobz, Xobz, Xobz, Xobz, Xobz, Urfz^Dr, Urfz, Xos, Urb, Urb, Urb, Urb, Urb, Urb, Urfz, Urfz, 2 Cud, Urfz, Urfz, Urb, Urb, Urb, Urb, Urb, Urb, Urb, Xos, Xos, Xos, Xobz, Xobz, Xobz, Xobz, Xobz, Urfz, Urfz, Qxuz, Qxuz, Dsmz, Dsmz, Qxuz, Qxuz, Dsmz, Dsmz, Dsmz, Uu, Uu, Dsmz, Dsmz, Dsmz, Dsmz, Uu, Qxuz, Qxuz, Qxuz, Qxuz, Dsmz
Dsmz, Dsmz, Dsmz, Dsmz, Dsmz, Dsmz, Dsmz, Dsmz, Dsmz, Uu, Uu, Uh, Uh, Xobz, Xos, Xos, Xos, Xos, Urb^Dr, Urfz^Dr, Xos, Urb, Urb, Urb, Ur, Urb, Urb, Urb, Urb, Urfz, 4 Urb, Urb, Urb, Urb, Ur, Urb, Urb, Urb, Urb, Xos, Urb, Xos, Xos, Xos, Xobz, Xobz, Xobz, Xobz, Uu, Qxuz, Qxuz, Qxuz, Dsmz, Dsmz, Dsmz, Dsmz, Xobz, Xobz, Uu, Dsmz, Dsmz, Uu, Uu, Uu, Uu, Qxuz, Qxuz, Qxuz, Qxuz, Qxuz
Dsmz, Dsmz, Dsmz, Dsmz, Dsmz, Dsmz, Dsmz, Dsmz, Dsmz, Uu, Uu, Uh, Xobz, Xobz, Xos, Xos, Xos, Xos, Urb, Urb^Dr, Urb, Urb, Urb^Edt, Urb, Rr^Tduy, Uu, Uu, Urb, Urb, Urb, Urb, Urb, Urb, Urb^Qov, Rr^Tduy, Urb^Qov, Urb, Urb, Urb, Urb, Urb^Qov, Urb, Urb, Xos, Xos, Xobz, Xobz, Xobz, Xobz, Uu^Dr, Uu, Dsmz, Dsmz, Dsmz, Dsmz, Xobz, Xobz, Uu, Uu^Dr, Uu, Uu, Uu, Uu, Qxu, Uu, Uu, Dsmz, Qxuz, Dsmz, Dsmz
Dsmz, Dsmz, Dsmz, Dsmz, Dsmz, Dsmz, Dsmz, Dsmz, Dsmz, Uu, Uu, Uh, Xobz, Xos, Xos, Xos, Xos, Urb, Urb, Urb, Urb, Urb^Edt, Urb, Qxu, Qxu, Qxu, Qxu, Urb, Urb, Urb, Urb, Urb, Urb, Urb^Qov, Urb^Xo, Urb^Qov, Urb, Urb, Urb, Urb^Qov, Rrc^Tdby, Urb^Qov, Urb, Xos, Xos, Xobz, Xobz, Xobz, Uu^Dr, Uu, Uu, Uu, Dsmz, Dsmz, Dsmz, Xobz, Xobz, Uu^Dr, Dsmz^Dr, Uu, Uu, Qxu^Qov, Rr^Tduy, Qxu^Qov, Dsmz, Dsmz, Dsmz, Dsmz, Dsmz, Dsmz
Dsmz, Dsmz, Dsmz, Dsmz, Dsmz, Dsmz, Dsmz, Dsmz, Dsmz, Uu, Uu, Uh, Xobz, Xos, Xos, Xos, Xos, Urb, Urb^Qov, Urb, Urb^Qov, Urb^Edt, Qxu, Qxu, Qxu, Qxu, Qxu, Urb^Esmy, Urb, Urb, Urb, Urb^Esmy, Urb, Urb^Xo, Urb^Xo, Urb^Xo, Urb, Urb, Urb, Urb^Qov, Rr^Tdpy, Urb^Qov, Urb, Xos, Xos, Xobz, Xobz, Xobz, Xobz, Uu, Uu, Dsmz^Dr, Dsmz^Dr, Dsmz^Dr, Uu, Dsmz, Qxu, Uu, Dsmz, Dsmz, Uh, Qxu^Qov, Uh^Xo, Qxu^Qov, Uu, Dsmz, Qxuz, Dsmz, Dsmz, Dsmz
Dsmz, Dsmz, Dsmz, Dsmz, Dsmz, Dsmz, Dsmz, Dsmz, Dsmz, Uu, Uh, Xobz, Xobz, Xos, Xos, Xos, Xos, Urb, Urb^Qov, Rr^Tduy, Urb^Qov, Urb, Urb^Dr, Qxu, Qxu, Qxu, Urb, Urb^Es, Urb^Edt, Urb^Edt, Urb, Urb, Urb, Urb^Xo, Urb, Urb^Xo, Urb, Urb^Esmy, Urb, Urb^Qov, Urb^Qov, Urb^Qov, Urb, Xos, Xobz, Xobz, Xobz, Xobz, Uu^Dr, Qxu, Uu, Uu^Dr, Uu^Dr, Uu, Uu, Uu, Qxu, Uu, Dsmz, Dsmz, Uh, Uh^Xo, Uh^Xo, Uh^Xo, Uu, Qxuz, Dsmz, Dsmz, Dsmz, Dsmz
Dsmz, Dsmz, Dsmz, Dsmz, Dsmz, Dsmz, Dsmz, Dsmz, Dsmz, Uu, Uu, Uh, Uh, Xobz, Xobz, Xos, Xos, Urb, Urb^Xo, Urb^Xo, Urb^Xo, Urb^Es, Urb, Urb^Esmy, Urb^Es, Uu, Urb, Urb^Bryl, Urb, Urb^Edt, Urb, Urb^Bryl, Urb, Urb, Urb, Urb, Urb, Urb, Urb, Urb^Xo, Urb^Xo, Urb^Xo, Xobz, Xobz, Uu, Xobz, Xobz, Xobz, Xobz, Uu, Uu^Dr, Uu, Xobz, Xobz, Xobz, Xobz, Xobz, Uu, Uu, Uu, Uu, Uh^Xo, Uh, Uh^Xo, Uh, Uu^Esmy, Uu, Dsmz, Dsmz, Dsmz
Dsmz, Dsmz, Dsmz, Dsmz^Dcmz, Dsmz, Dsmz, Dsmz, Dsmz, Uh, Uh, Uh, Uh, Uh, Uh, Uh, Xobz, Xobz, Xobz, Urb^Xo, Urb^Xo, Urb^Xo, Urb^Es, Urb, Urb^Vud, Urb^Edt, Urb^Edt, Urb^Edt, Urb^Lyl\, Urb^Lyl|, Urb, Urb^Lyr|, Urb^Lyr/, Urb, Urb^Esmy, Urb, Urb^Vud, Urb, Urb, Urb, Urb^Xo, Urb^Xo, Urb^Xo, Ur, Uu, Ur, Uu, Uu, Uu, Uu, Uu, Uu, Uu, Uu, Ur, Uu, Uu, Uu, Uu, Urb, Uu, Uu^Esmy, Uu, Uu^Esmy, Uh, Qxuz, Uh, Uh, Uu, Dsmz, Dsmz
Dsmz, Dsmz, Dsmz, Dsmz, Dsmz, Dsmz, Dsmz, Dsmz, Dsmz, Uh, Uh, Uh, Uh, Uh, Uh, Uh, Uh^Esmy, Uu, Uh, Urb^Xo, Urb^Xo, Urb, Urb, Urb, Urb, Urb^Edt, Urb, Urb, Urb^Lyl|, Urb, Urb^Lyr|, Urb, Urb, Urb, Urb, Urb, Urb, Urb, Cud, Urb^Xo, Ur, Ur, Uu, Ur, Uu, Ur, Ur, Ur, Ur, Ur, Ur, Ur, Ur, Ur, Uu, Uu, Uu, Uu, Uu, Uu, Uu, Dsmz, Dsmz, Qxuz, Uh, Uh, Uu, Uu, Dsmz, Dsmz
Dsmz, Dsmz, Dsmz, Dsmz, Dsmz, Dsmz, Dsmz, Dsmz, Dsmz, Uh, Uh, Uh, Uh, Uh, Uh, Uh, Uh, Uh, Uu^Esmy, Uu, Cud, Cud, Cud, Urb, Cud, 5 Kud, Cud, Urb, Urb^Lyl|, Urb, Urb^Lyr|, Urb, Cud, Kud, Cud, Urb, Cud, Cud, Uu, Cud, Uu, Uu, Dsmz, Uh, Dsmz, Uu, Uh, Uu, Uu, Uu, Uu, Uu, Uu, Uu, Uh, Uh, Uh, Uh, Uu, Dsmz, Dsmz, Dsmz, Dsmz, Uu, Dsmz, Uu, Dsmz, Dsmz, Dsmz, Dsmz
Dsmz, Dsmz, Dsmz, Dsmz, Dsmz, Dsmz, Dsmz, Dsmz, Dsmz, Dsmz, Dsmz, Uh, Uh, Uh, Uh, Uh, Uh, Uh, Uu, Uu, Uu, Uu, Uu, Cud, Uu, Cud, Uu, Cud, Ur^Lyl|, Rrc, Ur^Lyr|, Cud, Uu, Cud, Uu, Cud, Uu, Uu, Uu, Uu, Uu, Dsmz, Uh, Dsmz, Dsmz^Dcmz, Dsmz, Dsmz, Dsmz, Dsmz, Uu, Uu, Uu, Uh, Uu, Uh, Uh, Uh, Uu, Dsmz, Dsmz, Dsmz, Dsmz, Uh, Dsmz, Uh, Dsmz, Dsmz, Dsmz, Dsmz, Dsmz
Dsmz, Dsmz^Dcmz, Dsmz, Dsmz, Dsmz, Dsmz, Dsmz, Dsmz, Dsmz, Dsmz, Dsmz, Dsmz, Dsmz, Dsmz, Dsmz, Dsmz, Dsmz, Uh, Uh, Uu, Uu, Uu, Uu, Uu, Ur, Uu, Uu, Uu, Ur^Lyl|, Ur, Ur^Lyr|, Uu, Uu, Uu, Uu, Uu, Ur, Uu, Uu, Uu, Uu, Uh, Dsmz, Dsmz, Dsmz, Dsmz, Uu, Dsmz, Uu, Uu, Dsmz, Uh, Dsmz, Uh, Uh, Uh, Uu, Uu, Uu, Dsmz, Uu, Uh, Uh, Uh, Uh, Uh, Dsmz, Dsmz, Dsmz, Dsmz
Dsmz, Dsmz, Dsmz, Dsmz, Dsmz, Dsmz, Dsmz, Dsmz, Dsmz, Dsmz, Dsmz, Dsmz, Dsmz, Dsmz, Dsmz, Dsmz, Dsmz, Uh, Uh, Uh, Uh, Uu, Uu^Dr, Uu, Uu, Uu^Vu, Ur, Uu, Ur^Lyl\, Ur, Ur, Uu, Uu, Uu^Vu, Uu, Ur, Ur, Ur, Uu, Uu, Uu, Uu, Uu, Uu, Uu, Uu, Uu, Uu, Dsmz, Dsmz, Dsmz, Dsmz, Dsmz^Dcmz, Uh, Uh, Uh, Uh, Uu, Uu, Uu, Uu, Uu, Uu, Uu, Uu, Uh, Uh, Uh, Dsmz, Dsmz
Dsmz, Dsmz, Dsmz, Dsmz, Dsmz^Dcmz, Dsmz, Dsmz, Dsmz, Dsmz, Dsmz, Dsmz, Dsmz, Dsmz, Dsmz, Dsmz, Dsmz, Dsmz, Dsmz, Dsmz, Dsmz, Dsmz, Uu, Uu, Uu, Uu, Uu, Uu, Uu, Uu, Ur, Ur^Es, Ur, Ur^Es, Uu, Uu, Uu, Uu, Uu, Uu, Uu, Uu, Uu, Uu, Uu, Uu, Uu^Es, Qxu, Uu, Qxu, Dsmz, Dsmz, Dsmz, Dsmz, Dsmz, Uh, Uh, Uh, Uh, Qxu, Uu, Uu, Uu, Dsmz, Dsmz, Uu, Uh, Uh, Uh, Dsmz, Dsmz
Dsmz, Dsmz, Dsmz, Dsmz, Dsmz, Dsmz, Dsmz, Dsmz, Dsmz, Dsmz, Dsmz, Dsmz, Dsmz, Dsmz, Dsmz, Dsmz, Dsmz, Dsmz, Dsmz, Uh, Dsmz, Dsmz, Dsmz, Uu, Uh, Uh, Uh, Uu, Uu, Rb, Uu, Ur, Ur, Uu, Uu, Uu^Dr, Uu, Uu, Uh, Uu, Uh, Uh, Uh, Uu, Uu, Qxu, Fypd, Fypd, Fypd, Fypd, Fypd, 6 Fypd, Fypd, Fypd, Fypd^Fyod, Fypd^Fyod, Fypd^Fyod, Qxu, Qxu, Qxu, Uu, Uu, Uu, Dsmz, Dsmz, Uu, Uh, Uh, Dsmz, Dsmz
Dsmz, Dsmz, Dsmz, Dsmz, Dsmz, Dsmz, Dsmz, Dsmz, Dsmz, Dsmz, Dsmz, Dsmz, Dsmz, Dsmz, Dsmz, Dsmz, Dsmz, Dsmz, Dsmz, Dsmz, Dsmz, Dsmz, Dsmz, Dsmz, Dsmz, Uh, Uu, Uu, Uu, Uu, Uu, Ur^Lyl|, Ur^Es, Ur, Uu, Uu, Uu, Uh, Uh, Uh, Qxu, Qxu, Qxu, Uu, Qxu, Qxu, Fypd^Fyod, Fypd^Fyod, Fypd, Fypd, Qxu^Scoz, Fypd, Fypd, Fypd^Fyod, Fypd^Fyod, Fypd^Fyod, Fypd^Fyod, Fypd^Fyod, Fypd^Fyod, Qxu, Qxu, Uu, Uu, Dsmz, Dsmz, Uu, Uu, Dsmz, Dsmz, Dsmz
Dsmz, Dsmz, Dsmz, Dsmz, Dsmz, Dsmz, Dsmz, Dsmz, Dsmz, Dsmz, Dsmz, Dsmz, Dsmz, Dsmz, Dsmz, Dsmz, Dsmz, Dsmz^Dcmz, Dsmz, Dsmz, Dsmz, Dsmz, Dsmz^Dcmz, Dsmz, Dsmz, Uh, Uh, Uu, Uu, Uu, Uu, Uu, Rb, Ur, Ur, Uu, Uu, Uu, Uu, Uh, Qxu, Qxu, Qxu, Uu, Qxu, Fypd, Fypd^Fyod, Fypd, Fypd, Qxu^Scoz, Qxu^Sffz, Qxu^Scoz, Fypd, Fypd, Fypd^Fyod, Fypd^Fyod, Fypd^Fyod, Fypd^Fyod, Fypd^Fyod, Qxu, Qxu, Uu, Uu, Dsmz, Dsmz, Dsmz, Dsmz, Dsmz, Dsmz, Dsmz
Dsmz, Dsmz, Dsmz, Dsmz, Dsmz, Dsmz, Dsmz, Dsmz^Dcmz, Dsmz, Dsmz, Dsmz, Dsmz, Dsmz, Dsmz, Dsmz, Dsmz, Dsmz^Dcmz, Dsmz^Dcmz, Dsmz, Dsmz, Dsmz, Dsmz, Dsmz, Dsmz, Uh, Uh, Uh, Uh, Uu, Uu, Uu^Dr, Rb, Rb, Uu^Es, Uu, Uu^Lyr\, Uu, Ur, Qxu, Qxu, Qxu, Qxu, Uu, Qxu, Qxu, Qxu, Fypd, Fypd, Fypd, Fypd, Fypd^Fypp, Fypd, Fypd, Fypd, Fypd, Fypd, Fypd, Fypd, Fypd, Qxu, Qxu, Qxu, Qxu, Qxu, Qxu, Qxu, Qxu, Dsmz, Dsmz, Dsmz
Dsmz, Dsmz, Dsmz, Dsmz, Dsmz, Dsmz, Dsmz, Dsmz, Dsmz, Dsmz, Dsmz, Dsmz, Dsmz, Dsmz, Dsmz, Dsmz, Dsmz, Dsmz, Dsmz^Dcmz, Dsmz, Dsmz, Dsmz, Uh, Uh, Uh, Uh, Uu, Uu, Qxuz, Uu, Uu, Uu, Uu, Ur, Rb, Uu, Ur, Uu, Uu, Qxu, Uu^Fyod, Uu, Ur, Ur, Qxu^Fyb/, Qxu^Fyb/, Qxu^Fyb/, Fypd, Qxu, Fypd, Qxu, Fypd, Fypd, Fypd, Fypd, Fypd, Fypd, Fypd, Fypd, Fypd, Qxu, Qxu, Qxu^Smky, Qxu, Qxu, Qxu, Dsmz, Dsmz, Dsmz, Dsmz
Dsmz, Dsmz, Dsmz, Dsmz, Dsmz, Dsmz, Dsmz, Dsmz, Dsmz, Dsmz, Dsmz, Uu, Dsmz, Dsmz, Dsmz, Dsmz, Dsmz, Dsmz, Dsmz, Dsmz, Dsmz, Uh, Uh, Uh, Qxuz, Uh, Qxuz, Uu, Rb, Qxuz, Uu, Uu, Qxuz, Uu^Lyl|, Ur, Ur, Rb, Ur, Ur, Ur, Ur, Ur, Ur, Qxu^Fyb/, Qxu^Fyb/, Qxu^Fyb/, Qxu^Smky, Qxu^Smky, Qxu, Qxu, Qxu, Qxu, Qxu, Qxu, Qxu, Qxu, Qxu, Qxu, Qxu, Qxu, Qxu, Qxu, Qxu, Qxu, Uu, Uu, Dsmz, Dsmz, Dsmz, Dsmz
Dsmz, Dsmz, Dsmz, Dsmz, Dsmz, Dsmz, Dsmz, Dsmz, Dsmz, Dsmz, Dsmz, Dsmz, Dsmz, Dsmz, Dsmz, Dsmz, Dsmz, Dsmz, Dsmz, Dsmz, Dsmz, Dsmz, Qxuz, Qxuz, Qxuz, Qxuz, Qxuz, Uh, Qxuz, Uu, Qxuz, Qxuz, Uu, Ur, Ur, Uu, Uu, Uu, Uu, Ur, Uu, Uu, Qxu^Fyb/, Qxu^Fyb/, Qxu, Qxu, Qxu, Qxu, Ur, Ur, Ur, Ur, Ur, Qxu, Qxu, Qxu, Ur, Qxu, Ur, Qxu, Ur, Qxu, Ur, Uu, Dsmz, Dsmz, Dsmz, Dsmz, Dsmz, Dsmz
Dsmz, Dsmz, Dsmz, Dsmz^Dcmz, Dsmz, Dsmz, Dsmz, Dsmz, Dsmz, Dsmz, Uh, Dsmz, Dsmz, Dsmz, Dsmz, Dsmz, Uh, Dsmz, Uh, Dsmz, Uh, Dsmz, Uu, Qxuz, Uh, Qxuz, Qxuz, Qxuz, Qxuz, Qxuz, Uu, Uu^Dr, Uu, Uu, Ur, Ur, Uu, Uu, Uu, Uu, Uu, Uu, Uu, Uu, Uh, Uh, Uh, Uu, Uh, Uu, Uh, Uu, Uh, Ur, Uu, Qxu, Uu, Uu, Uu, Ur, Uu, Ur, Uu, Uu, Dsmz, Dsmz, Dsmz, Dsmz, Dsmz, Dsmz
Dsmz, Dsmz, Dsmz, Dsmz, Dsmz, Dsmz, Dsmz, Uu, Uu, Uh, Uh, Uh, Uu, Dsmz, Dsmz, Dsmz, Dsmz, Uh, Uh, Uh, Ur, Uh, Uu, Uu, Qxuz, Uu, Uu, Qxuz, Qxuz, Qxuz, Uh, Qxuz, Uh, Uu, Ur, Uu^Lyr|, Uu, Uh, Uh, Uh, Uh, Ur, Uu, Uh, Uh, Uh, Uh, Uh, Uh, Uh, Uh, Uh, Dsmz, Uu, Dsmz, Qxu, Qxu, Dsmz, Dsmz, Uu, Dsmz, Uu, Dsmz, Dsmz, Dsmz, Dsmz, Xos, Dsmz, Dsmz, Dsmz
Dsmz, Dsmz, Dsmz, Dsmz, Dsmz^Dcmz, Dsmz, Dsmz, Uu, Uu, Uu, Dsmz, Uu, Dsmz, Dsmz, Dsmz, Dsmz, Dsmz, Dsmz, Uu, Ur, Ur, Uu, Uu^Dr, Uu, Uh, Uu, Uh, Qxuz, Uh, Qxuz, Uh, Uh, Uh, Uu, Ur, Uu, Uu, Uu, Uh, Uu, Uh, Ur, Uu, Uu^Dr, Uu, Uh, Uh, Uh, Uh, Uh, Uh, Dsmz, Dsmz, Dsmz, Dsmz, Qxu, Qxu, Qxu, Dsmz, Dsmz, Dsmz, Dsmz, Dsmz, Dsmz, Xos, Xos, Urfz^Uyod, Xos, Xos, Dsmz
Dsmz, Dsmz, Dsmz, Dsmz, Dsmz, Dsmz, Dsmz, Dsmz, Dsmz, Dsmz, Dsmz, Dsmz, Dsmz, Dsmz, Dsmz, Dsmz, Uu, Uu, Uu, Uu, Uh, Uh, Uu, Uu, Uu, Uh, Uh, Uh, Uh, Qxuz, Qxuz, Uh, Uu, Uu, Ur, Uu^Lyr|, Uu, Uu, Uu^Fyod, Uh, Uu, Uh, Uu, Uu, Uu, Ur, Uu, Dsmz, Dsmz, Dsmz, Dsmz, Dsmz, Dsmz^Dcmz, Dsmz, Dsmz, Dsmz, Dsmz, Dsmz, Dsmz, Dsmz^Dcmz, Dsmz, Dsmz, Dsmz, Dsmz, Uu, Urb, Urb, Urb^Bryu, Xos, Xos
Dsmz, Dsmz, Dsmz, Dsmz, Dsmz, Dsmz, Dsmz, Dsmz, Dsmz, Dsmz, Dsmz, Dsmz, Dsmz, Dsmz, Uu, Uu, Uh, Uh, Uh, Uu, Uu, Uu, Uh, Uu, Uh, Uh, Uh, Uh, Dsmz, Uh, Uh, Uu, Uu^Dr, Uu, Uu^Fyod, Ur^Lyr|, Fyp, Uu, Fypd, Uu, Dsmz^Es, Uu^Es, Dsmz, Dsmz, Dsmz, Uu, Uu, Dsmz, Dsmz, Dsmz, Dsmz, Dsmz^Dcmz, Dsmz, Dsmz, Dsmz, Dsmz, Dsmz, Dsmz, Dsmz, Dsmz, Dsmz, Dsmz, Dsmz^Dcmz, Uu, Uu, Urfz, Urfz, Urfz, Uh, Xos
Dsmz, Dsmz, Dsmz, Dsmz, Dsmz, Dsmz, Dsmz, Uh, Dsmz, Dsmz, Dsmz, Dsmz, Uu, Uu, Dsmz, Uh, Dsmz, Uh, Dsmz, Dsmz, Dsmz, Uh, Dsmz, Uh, Dsmz, Uh, Dsmz, Dsmz, Dsmz, Dsmz, Uu, Uu, Uu, Uu, Ur^Lyl|, Ur^Lyr|, Ctym, Ctym, Ctym, Fypd, Dsmz^Es, Dsmz^Es, Dsmz^Es, Dsmz, Uu, Dsmz, Uu, Uu, Uu, Dsmz, Uu, Dsmz, Uu, Uu, Dsmz, Dsmz, Dsmz, Dsmz, Dsmz, Dsmz, Dsmz, Dsmz, Dsmz, Xobz, Uu^Pz\, Urfz, Urfz, Urfz, Uu, Dsmz
Dsmz, Dsmz, Dsmz^Dcmz, Dsmz, Dsmz, Uu, Dsmz, Dsmz, Dsmz, Dsmz, Dsmz, Dsmz, Dsmz, Dsmz, Dsmz, Dsmz, Dsmz, Dsmz, Dsmz, Dsmz, Dsmz^Dr, Dsmz, Uh, Dsmz, Dsmz, Dsmz, Dsmz, Dsmz^Dcmz, Dsmz, Uh, Uu, Ur, Uu, Uu, Ur^Lyl|, Fypd, Ctym, Ktym, Ctym, Fypd, Uu, Uu^Vu, Uu, Uu, Uu, Uu, Uu, Ur, Ur, Uu, Uu, Uu, Ur, Dsmz, Dsmz, Dsmz, Dsmz, Dsmz, Dsmz, Dsmz, Dsmz, Dsmz, Uu, Dsmz, Ur, Uh, Uu, Uh, Dsmz, Dsmz
Dsmz, Dsmz, Dsmz, Dsmz, Dsmz, Dsmz, Uu, Uu^Vu, Uu, Uu, Dsmz, Dsmz, Dsmz, Dsmz, Dsmz, Dsmz^Dr, Xobz, Dsmz, Urb, Dsmz^Dr, Dsmz, Dsmz^Dr, Dsmz, Dsmz, Dsmz, Uh, Dsmz, Uh, Uh, Dsmz, Uu, Uu, Uu, Uu, Ur^Lyl|, Ur^Lyr|, Fypd, Ctym, Fyp, Fyp, Uu, Uu, Uu, Uu, Uh, Uh, Uh, Uh, Uh, Uh, Uh, Uh, Ur, Dsmz, Dsmz, Dsmz^Dcmz, Dsmz, Dsmz, Dsmz^Dcmz, Dsmz, Dsmz^Dcmz, Dsmz, Dsmz, Uu, Rr, Uh, Dsmz, Dsmz^Dcmz, Dsmz, Dsmz
Dsmz, Dsmz, Dsmz, Dsmz, Dsmz, Dsmz, Dsmz, Uu, Dsmz, Dsmz, Uu, Uu, Uu, Xobz, Xobz, Xobz, Dsmz^Dr, Dsmz^Dr, Rr, Rr, Rr, Urb, Urb, Dsmz^Dr, Urb^Dr, Dsmz, Dsmz, Dsmz, Dsmz, Dsmz, Uu, Uu, Uu^Es, Uu, Ur^Lyl|, Ur^Lyr|, Uu, Uu, Uu, Ur, Uh, Uh, Uh, Uh, Dsmz, Uh, Dsmz, Uh, Uh, Uh, Uh, Uh, Uu, Dsmz, Ur, Dsmz, Dsmz, Dsmz, Dsmz, Dsmz, Dsmz, Dsmz, Dsmz, Rr, Xobz, Xobz, Xobz, Dsmz, Dsmz, Dsmz
Dsmz, Dsmz, Dsmz, Dsmz, Dsmz, Dsmz, Dsmz, Dsmz, Dsmz, Dsmz, Dsmz, Dsmz, Uu^Dr, Uu, Xobz, Xobz, Urb, Urb, Rrc, Rrc, Rrc, Rr, Urb, Urb, Urb, Urb, Urb, Urb, Xobz, Xobz, Uu, Uu, Uu, Uu^Es, Ur^Lyl|, Ur^Lyr|, Uu, Uu, Uh, Uh, Uh, Uh, Uh, Dsmz, Dsmz, Dsmz, Dsmz, Uh, Uh, Dsmz, Dsmz, Dsmz, Uu, Ur, Dsmz^Dcmz, Ur, Dsmz, Dsmz, Dsmz, Dsmz, Dsmz, Dsmz, Dsmz, Dsmz, Iwr, Rrc^Bryf, Rr, Qxu, Qxu, Qxu
Dsmz^Dcmz, Dsmz^Dcmz, Dsmz, Dsmz, Dsmz, Dsmz, Dsmz, Dsmz, Uu, Uu, Uu, Dsmz, Dsmz, Dsmz, Dsmz, Urb, Dsmz^Dr, Rr, Dsmz, Rrc, Dsmz, Rr, Dsmz, Dsmz, Dsmz, Dsmz, Dsmz, Rr^Pz/, Ur^Lyr\, Uu, Uu, Uu^Vu, Uu, Uu, Ur^Lyl/, Ur^Lyr|, Ur, Uu, Uu, Uh, Uu, Uh, Uh, Uh, Uh, Dsmz, Dsmz, Dsmz, Dsmz, Dsmz, Dsmz, Dsmz, Dsmz, Uu, Uu, Uu, Uu, Uu, Dsmz, Dsmz, Dsmz, Dsmz, Dsmz, Dsmz, Dsmz, Rrc, Dsmz, Dsmz, Qxu, Qxu
Dsmz, Dsmz^Dcmz, Dsmz, Dsmz, Dsmz, Dsmz, Dsmz, Uu, Uu, Uu, Uu, Uu, Xobz, Xobz, Xobz, Dsmz, Dsmz, Dsmz, Rr, Dsmz, Rr, Dsmz, Urb^Dr, Urb, Xobz, Xobz, Uu, Uu, Uh, Ur^Lyr\, Ur^Lyr\, Uu, Ur^Lyl/, Ur^Lyl/, Ur^Lyl|, Ur^Lyr/, Uu, Ur, Uu, Uu, Uu, Uh, Dsmz, Uh, Uh, Uh, Dsmz, Dsmz, Dsmz, Dsmz, Dsmz, Dsmz, Uu, Uu, Uh, Ur, Ur, Uu, Dsmz, Dsmz, Dsmz, Dsmz^Dcmz, Dsmz^Dcmz, Dsmz^Dcmz, Rr, Rr, Xobz, Dsmz, Dsmz, Qxu
Dsmz, Dsmz, Dsmz, Dsmz, Dsmz, Dsmz, Dsmz, Uu, Dsmz, Uu, Uu, Uu, Xobz, Xobz, Xobz, Urfz, Urfz, Urfz, Urfz, Rr, Urfz, Urfz, Urfz, Urb, Xobz, Uu, Uu, Dsmz, Dsmz, Uh, Ur, Ur^Dr, Ur^Lyr/, Ur^Lyr/, Ur^Lyl|, Ur^Lyr|, Uu, Ur, Ur, Uu, Dsmz, Uh, Dsmz, Dsmz, Dsmz, Dsmz, Dsmz, Dsmz^Dcmz, Dsmz, Dsmz, Dsmz, Dsmz, Uh, Uh, Uu, Uu, Uu, Uu, Dsmz, Dsmz, Dsmz, Dsmz, Dsmz, Dsmz, Dsmz, Xobz, Dsmz, Dsmz, Dsmz, Qxu
Dsmz, Dsmz, Dsmz, Dsmz, Dsmz, Dsmz, Dsmz, Dsmz, Dsmz, Dsmz, Uu, Uu, Xobz, Xobz, Xobz, Xobz, Xobz, Urfz, Xobz, Urfz, Xobz, Urfz, Xobz, Xobz, Xobz, Uu, Uu, Uu^Vu, Dsmz, Uh, Ur^Dr, Ur^Lyr/, Uu, Uu, Ur^Lyl|, Ur^Lyr|, Uu, Uu^Es, Uu, Ur, Dsmz, Dsmz, Dsmz^Dcmz, Dsmz, Dsmz, Dsmz, Dsmz, Dsmz, Dsmz, Dsmz, Uh, Uu, Ur, Uu, Ur, Ur, Ur, Uu, Ur, Dsmz, Dsmz, Dsmz, Dsmz, Dsmz, Uh, Dsmz, Dsmz, Dsmz, Dsmz, Dsmz
Qxuz, Qxuz, Dsmz, Dsmz^Dcmz, Dsmz^Dcmz, Dsmz, Dsmz, Dsmz, Dsmz, Dsmz, Dsmz, Uu, Dsmz, Xobz, Xobz, Xobz, Xobz, Xobz, Dsmz, Xobz, Dsmz, Xobz, Dsmz, Dsmz, Dsmz, Dsmz, Dsmz, Dsmz, Dsmz, Uu, Uu, Uu, Uu, Uu, Ur^Lyl|, Ur^Lyr|, Uu, Dsmz^Dcmz, Ur, Ur, Dsmz, Dsmz, Dsmz, Dsmz^Dcmz, Dsmz, Uu, Dsmz, Dsmz, Uu, Ur, Ur, Ur, Uu, Ur, Uu, Uu, Uu, Ur, Ur, Uu, Dsmz, Dsmz, Uh, Uh, Ha, Ha, Ha, Ms, Ms, Dsmz
Qxuz, Dsmz, Dsmz, Dsmz, Dsmz, Dsmz, Dsmz, Dsmz, Dsmz, Dsmz, Dsmz, Dsmz, Dsmz, Dsmz, Dsmz, Dsmz, Dsmz, Dsmz, Dsmz, Dsmz, Uu, Dsmz, Uu, Dsmz, Qxuz, Dsmz, Uu, Dsmz, Dsmz, Dsmz, Uu, Uu, Uu, Uu, Ur^Lyl|, Ur^Lyr|, Uu^Es, Uu, Uu, Ur, Ur, Dsmz, Dsmz, Dsmz, Dsmz, Dsmz, Ur, Ur, Ur, Ur, Ur, Qxu, Qxu, Uu, Dsmz, Uu, Dsmz^Dcmz, Ur, Uu, Uu, Uh, Uh, Ha, Ha, Spay, Aa, Aa, Ha, Ha, Ms
Dsmz, Dsmz, Dsmz, Dsmz, Dsmz, Dsmz, Dsmz, Dsmz, Dsmz, Dsmz, Dsmz, Dsmz, Dsmz, Dsmz, Dsmz, Uu, Uu, Uu, Qxuz, Uu, Qxuz, Uu, Qxuz, Uu, Uu, Dsmz, Dsmz, Dsmz, Uu, Dsmz, Uu, Uu, Uh, Uu, Ur^Lyl|, Ur^Lyr|, Uu^Es, Dsmz^Es, Dsmz, Uu, Uu, Ur, Ur, Uh, Uu, Ur, Ur, Ur, Uh, Uu, Qxu, Qxu, Qxu, Ur, Dsmz, Dsmz, Dsmz, Uu, Uu, Ur, Spay, Spay, Spay, Spay, Spay^Vct, Spay, Spay, Aa, Aa, Ha
Dsmz, Dsmz, Dsmz, Dsmz, Dsmz, Dsmz, Xobz, Dsmz, Xos, Dsmz, Xos, Dsmz, Dsmz, Dsmz, Dsmz, Dsmz, Dsmz, Uu, Uu, Uu, Uu, Qxuz, Qxuz, Uu, Qxuz, Dsmz, Uu, Dsmz, Uu, Uu, Uu, Uh, Uh, Uh, Uu, Ur^Lyr|, Uu, Dsmz, Dsmz, Uu, Dsmz, Uu, Ur, Ur, Ur, Ur, Uu, Uu, Uu, Uu, Qxu, Qxu^Smky, Qxu, Dsmz, Dsmz, Dsmz^Dcmz, Dsmz, Dsmz, Uu, Uh, Spay, Spay, Ce, Ce, Ce, Spay, Spay, Spay, Aa, Aa
Dsmz, Dsmz, Dsmz, Dsmz, Xos, Xos, Xos, Xos, Urb^Bryl, Xos, Xos, Xobz, Urb^Dr, Dsmz, Dsmz, Dsmz, Dsmz, Dsmz, Dsmz, Qxuz, Qxuz, Qxuz, Qxuz, Qxuz, Uu, Qxuz, Uu, Uu, Uu, Uu, Uh, Uh, Uh, Uh, Uh, Uu, Ur, Dsmz, Uu, Dsmz, Dsmz, Uu, Uu, Uu, Uu, Uh, Uh, Uh, Uh, Dsmz, Uh, Qxu, Qxu, Qxu, Uu, Uu, Uu, Uu, Uh, Uh, Aa, Spay, Ce, 1 Ke, Ce, Spay, Spay, Spay, Spay, Aa
Dsmz, Dsmz, Xos, Xos, Urb, Urb^Bryl, Urb, Urb, Urb, Urb, Urb, Urb^Bryu, Urb, Xos, Xos, Dsmz, Dsmz, Dsmz, Dsmz, Dsmz, Qxuz, Qxuz, Qxuz, Uu, Qxuz, Uu, Dsmz, Dsmz, Dsmz, Dsmz, Dsmz, Uh, Uh, Uh, Uh, Uu, Uu, Dsmz, Dsmz, Dsmz, Dsmz, Dsmz, Dsmz, Dsmz, Dsmz, Uu, Dsmz, Uu, Uu, Dsmz, Uu, Dsmz, Dsmz, Dsmz, Dsmz, Dsmz, Dsmz, Dsmz, Dsmz, Ha, Aa, Spay, Spay, Ce, Spay, Spay, Spay, Spay, Spay, Spay
Dsmz, Dsmz, Xos, Urb, Urb, Urb, Cpy, Urb, Kpy, Urb, Cpy, Urb, Urb, Xos, Xos, Dsmz, Dsmz, Dsmz, Dsmz^Dcmz, Dsmz, Dsmz, Dsmz, Xobz, Qxuz, Dsmz, Dsmz, Dsmz, Dsmz, Dsmz, Dsmz, Dsmz, Dsmz, Uh, Uh, Uu, Ur^Lyr|, Uu, Uu, Uh, Dsmz, Uh, Dsmz, Dsmz, Dsmz^Es, Dsmz, Dsmz, Dsmz, Dsmz, Dsmz, Uu, Dsmz, Qxu, Qxu, Qxu, Dsmz, Dsmz, Dsmz, Dsmz, Dsmz, Ha, Aa, Spay, Spay, Spay, Spay, Spay, Spay, Spay, Spay, Spay
Dsmz, Dsmz, Xos, Urb, Urb, Cpy, Urb, Cpy, Qxuz, Qxuz, Urb, Cpy, Urb, Xos, Xos, Dsmz, Dsmz, Dsmz, Dsmz, Dsmz, Xobz, Xobz, Iwr, Dsmz^Dr, Dsmz, Dsmz, Dsmz, Ur, Dsmz, Dsmz^Dcmz, Dsmz, Dsmz, Dsmz, Dsmz, Ur^Lyl|, Ur^Lyr|, Uu, Uu, Uh, Uh, Uh, Dsmz, Dsmz, Dsmz, Dsmz, Dsmz, Dsmz, Dsmz, Dsmz, Dsmz, Dsmz, Uh, Dsmz, Dsmz, Qxu, Dsmz, Dsmz, Dsmz, Dsmz, Ha, Ha, Aa, Aa, Spay, Spay, Spay, Spay, Spay, Spay, Spay
Dsmz, Dsmz, Xobz, Urb, Urb, Urb, Urb, Urb, Qxuz, Urb, Urb, Urb, Urb, Urb, Xos, Xobz, Dsmz, Dsmz, Xobz, Dsmz, Dsmz, Rrc, Dsmz, Rrc, Dsmz, Dsmz^Dcmz, Dsmz, Dsmz, Dsmz, Dsmz, Dsmz, Dsmz, Ur^Lyl/, Ur^Lyl/, Ur^Lyr/, Ur^Lyr|, Uu, Uu, Uu, Uh, Uu, Uh, Dsmz, Dsmz, Uh, Dsmz, Dsmz, Dsmz^Es, Dsmz, Dsmz, Dsmz, Dsmz, Dsmz, Dsmz, Dsmz, Qxu, Qxu, Dsmz, Dsmz, Ha, Ms, Ha, Ha, Aa, Aa, Spay, Ms, Spay, Spay, Spay
Dsmz, Dsmz, Xobz, Xos, Urb, Urb, Urb, Qxuz, 3 Qxuz, Qxuz, Urb, Qxuz, Urb, Urb, Xos, Xobz, Xobz, Dsmz^Dr, Dsmz, Uu, Uh, Dsmz, Uh, Dsmz, Dsmz, Dsmz, Dsmz, Dsmz, Dsmz, Dsmz, Ur^Lyl/, Ur^Lyl/, Ur^Lyr/, Ur^Lyr/, Uu, Uu, Dsmz, Dsmz, Dsmz, Uu, Uu, Uu, Dsmz, Uh, Uu, Dsmz, Dsmz, Dsmz, Dsmz, Dsmz, Dsmz, Dsmz, Dsmz, Dsmz, Dsmz, Uh, Uh, Uh, Dsmz, Ha, Ha, Ms, Ms, Ha, Ha, Aa, Ha, Ms, Ms, Spay
Dsmz, Dsmz, Xobz, Xos, Urb, Urb, Urb, Qxuz, Qxuz, Qxuz, Qxuz, Urb, Urb, Urb, Xos, Xos, Xobz, Dsmz, Dsmz, Dsmz, Uu, Uh, Uh, Dsmz, Uh, Dsmz, Ur^Lyl/, Ur^Lyl/, Ur, Ur^Lyl/, Ur^Lyr/, Ur^Lyr/, Uu, Uu, Uh, Dsmz, Dsmz, Dsmz, Dsmz, Dsmz, Dsmz, Dsmz, Uu, Dsmz, Dsmz, Dsmz, Dsmz, Dsmz, Dsmz, Dsmz, Dsmz, Dsmz^Dcmz, Dsmz, Dsmz, Dsmz, Uu, Uu, Dsmz, Dsmz, Dsmz, Dsmz, Ha, Ha, Ms, Ms, Ha, Ms, Ha, Ha, Ms
Dsmz, Dsmz, Xobz, Xos, Urb, Urb, Urb, Urb, Urb, Urb, Qxuz, Urb, Qxuz, Urb, Urb^Gsye, Xobz, Uu, Uu^Vu, Uu, Uu, Uu, Uu, Uh, Uh, Uu, Uh, Ur, Ur, Ur^Lyr/, Ur^Lyr/, Uu, Uu, Uu, Uu, Uu, Uu, Dsmz, Dsmz, Dsmz, Dsmz, Dsmz, Dsmz, Dsmz, Dsmz, Uu, Dsmz, Uu, Dsmz, Dsmz, Dsmz, Dsmz, Dsmz, Dsmz, Dsmz, Uu, Dsmz, Dsmz, Uu, Uu, Uu, Dsmz, Dsmz, Dsmz, Ha, Ha, Ms, Ms, Ms, Ms, Ha
Dsmz, Dsmz, Xobz, Xobz, Xobz, Urb, Xobz, Urb, Urb, Urb, Urb, Qxuz, Xobz, Qxuz, Qxuz, Ur^Lyr\, Ur^Lyr\, Uu, Dsmz, Dsmz, Ur, Ur, Uu, Uh, Uh, Uh, Uh, Uh, Uh, Uu, Uh, Uu, Dsmz, Dsmz, Dsmz, Dsmz, Dsmz, Dsmz, Dsmz, Dsmz, Dsmz^Dcmz, Dsmz, Dsmz, Dsmz, Dsmz, Uh, Uh, Uh, Dsmz, Dsmz, Dsmz, Dsmz, Dsmz, Dsmz, Uu, Uu, Dsmz, Dsmz, Dsmz, Uu, Dsmz, Dsmz, Dsmz, Dsmz, Dsmz, Ha, Ha, Ms, Ha, Ms
Dsmz, Dsmz, Dsmz, Xobz, Dsmz, Xobz, Dsmz, Xobz, Xobz, Xobz, Xobz, Xobz, Uu, Ur^Lyl\, Ur^Lyl\, Ur, Ur, Qxuz, Qxuz, Uu, Uu, Ur^Lyr/, Uu, Dsmz, Uh, Uh, Dsmz, Dsmz, Dsmz, Uh, Dsmz, Dsmz, Dsmz, Dsmz, Dsmz, Dsmz, Dsmz, Dsmz, Dsmz, Dsmz, Dsmz, Dsmz^Dcmz, Dsmz, Dsmz, Dsmz, Dsmz, Dsmz, Dsmz, Dsmz, Dsmz, Dsmz, Dsmz, Dsmz, Dsmz, Uu, Uu, Uu, Dsmz, Dsmz, Uu, Uu, Uu, Uu, Dsmz, Dsmz, Dsmz, Dsmz, Ha, Dsmz, Ha
Dsmz, Dsmz, Dsmz, Dsmz, Dsmz, Dsmz, Dsmz, Dsmz, Dsmz, Dsmz, Dsmz, Uu, Dsmz, Uu, Uu, Ur, Uu, Qxuz, Dsmz, Uu, Dsmz, Uu, Dsmz, Dsmz, Dsmz, Dsmz, Dsmz, Dsmz, Dsmz, Dsmz, Dsmz, Dsmz, Dsmz, Dsmz, Dsmz, Dsmz, Dsmz, Dsmz, Dsmz, Dsmz, Dsmz, Dsmz, Dsmz, Dsmz, Dsmz, Dsmz, Dsmz, Dsmz, Dsmz, Dsmz, Dsmz, Dsmz, Dsmz, Uu, Uu, Uu, Uu, Dsmz, Dsmz, Dsmz, Uu, Uu, Uu, Uu, Uu, Dsmz, Dsmz, Dsmz, Dsmz, Dsmz
