Xobz, Xobz, Xobz, Xobz, Xobz, Xobz, Xobz, Xobz, Xobz, Xobz, Xobz, Xobz, Xobz, Xobz, Xobz, Xobz, Xobz, Xobz, Xobz, Xobz, Xobz, Xobz, Xobz, Xobz, Xobz, Xobz, Xobz, Xos, Xos, Xos, Xobz, Xos, Xos, Xos, Xos, Xobz, Xos, Xos, Xos, Xos, Xos, Xos, Xos, Xos, Xos, Xos, Xos, Xos, Xos, Xos, Xos, Xos, Xos, Xos, Xos, Xos, Xos, Xos, Xos, Xos, Xos, Xos, Xos, Xos, Xos, Xos, Xos, Xos, Xos, Xos
Xobz, Xobz, Xobz, Xobz, Xobz, Xobz, Xobz, Xobz, Xobz, Xobz, Xobz, Xobz, Xobz, Xobz, Xobz, Xobz, Xobz, Xobz, Xobz, Xobz, Xobz, Xobz, Xobz, Xobz, Xobz, Xobz, Xobz, Xobz, Urfz^Uyod, Xos, Xobz, Xos, Xos, Xos, Xos, Xobz, Xos, Xos, Xos, Xos, Xos, Xos, Xos, Xos, Xos, Xos, Xos, Xos, Xos, Xos, Xos, Xos, Xos, Xos, Xos, Xos, Xos, Xos, Xos, Xos, Xos, Xos, Xos, Xos, Xos, Xos, Xos, Xos, Xos, Xos
Xobz, Xobz, Xobz, Xobz, Xobz, Xobz, Xobz, Xobz, Xobz, Xobz, Xobz, Xobz, Xobz, Xobz, Xobz, Xobz, Xobz, Xobz, Xobz, Xobz, Xobz, Xobz, Xobz, Xobz, Xobz, Xobz, Isdy^Bryl, Xobz, 1 Urb, Xobz, Isdy^Bryl, Xobz, Xos, Xos, Xos, Xobz, Xos, Xos, Xos, Xos, Xos, Xos, Xos, Xos, Xos, Xos, Xos, Xos, Xos, Xos, Xos, Xos, Xos, Xos, Xos, Xos, Xos, Xos, Xos^Enfy, Xos, Xos, Xos, Xos^Enfy, Xos, Xos, Xos, Xos, Xos, Xos, Xos
Xobz, Xobz, Xobz, Xobz, Xobz, Xobz, Xobz, Xobz, Xobz, Xobz, Xobz, Xobz, Xobz, Xobz, Xobz^Enfy, Xobz^Enfy, Urfz, Urfz, Urfz, Xobz^Enfy, Xobz^Enfy, Xobz, Xobz, Xobz, Xobz, Isdy, Isdy^Esd, Urb, Urb, Urb, Isdy, Xobz, Xobz, Xos, Xos, Xobz, Xos, Xos, Xos, Xos, Xos, Xos, Xos, Xos, Xos, Xos, Xos, Xos, Xos, Xos, Xos, Xos, Xos, Xos, Xos, Xos, Xos, Xos^Enfy, Urb, Urb, Urb, Urb, Urb, Xos^Enfy, Xos, Xos, Xos, Xos, Xos, Xos
Xobz, Xobz, Xobz, Xobz, Xobz, Xobz, Xobz, Xobz, Xobz^Efs, Xobz, Urfz^Ebn, Xobz, Xobz, Xobz, Urfz, Urfz, Urfz, Urfz, Urfz, Urfz, Urfz, Xobz, Xobz, Xobz, Xobz, Isdy, Isdy, Isdy, Isdy, Isdy, Isdy, Isdy, Isdy, Xobz, Xobz, Xobz, Xos, Xos, Xos, Xos, Xos, Xos, Xos, Xos, Xos, Xos, Xos^Efs, Xos, Urb, Xos, Rb, Xos^Enfy, Urb, Xos^Efs, Urb, Urb, Urb, Urb, Urb, Urb, Urb, Urb, Urb, Xos, Xos, Xos, Xos, Xos, Xos, Xos
Xobz, Xobz, Xobz, Xobz, Xobz, Xobz, Xobz, Xobz^Efs, Urfz, Urfz, Urfz, Urfz, Urfz, Urfz, Xobz, Xobz, Xobz, Xobz, Xobz, Urfz, Urfz, Urfz, Xobz, Xobz, Xobz, Xobz, Xobz, Isdy^Esd, Isdy, Isdy, Isdy, Isdy, Isdy, Isdy, Urfz^Gtye, Xobz, Urb^Bryl, Xos, Xos^Enfy, Xos, Xos, Xos, Xos^Enfy, Xos^Enfy, Urb, Urb, Urb, Urb, Urb, Urb, Urb, Rb, Urb, Urb, Urb, Urb, Urb, Urb, Xos, Urb, Uu^Dr, Urb, Urb, Urb, Xos, Xos, Xos, Xos, Xos, Xos
Xobz, Xobz, Xobz, Xobz, Xobz, Xobz, Urfz^Ebn, Urfz, Urfz, Urfz, Urfz, Urfz, Urfz, Urfz, Urfz, Xobz, Xobz, Xobz, Xobz, Xobz, Xobz, Urfz, Urfz, Xobz, Xobz, Xobz, Urfz, Xobz^Enfy, Xobz^Enfy, Isdy, Isdy, Isdy, Xobz, Xobz, Xos, Urb, Urb, Urb, Urb, Xos^Enfy, Xos^Efs, Xos, Urb, Urb, Urb, Urb, Urb, Urb, Xos, Urb, Urb, Urb, Urb, Urb, Xos, Xos, Xos, Xos, Xos, Xobz, Uu, Urb, Urb, Rb, Xos, Xos, Xos, Xos, Xos, Xos
Xobz, Xobz, Xobz, Xobz, Xobz, Xobz, Xobz, Urfz, Urfz, Urfz, Urfz, Urfz, Urfz, Urfz, Urfz, Urfz^Ebn, Xobz, Xobz, Xobz, Xobz, Xobz, Xobz, Xobz, Urfz, Urfz, Urfz, Urfz, Urfz, Urfz, Xobz^Enfy, Xobz, Urfz^Gtye, Urfz, Xobz, Xos, Xos, Urb, Urb, Urb, Urb, Urb, Urb, Urb, Urb, Xos, Urb, Xos, Xos, Xos, Xos, Xos, Xos, Xos, Xos, Xos, Xos, Xos, Xos, Xobz, Xobz, Dsmz, Urb, Urb, Uu, Xos, Xos, Xos, Xos, Xos, Xos
Qxu, Xobz, Xobz, Xobz, Xobz, Xobz, Qxu, Urfz^Pz\, Urfz, Urfz, Urfz, Urfz, Urfz, Urfz, Xobz, Xobz, Xobz, Xobz, Xobz, Xobz, Xobz, Xobz, Urfz, Urfz, Urfz, Urfz, Urfz^Esd, Urfz, Urfz, Urfz, Urfz, Urfz, Urfz, Xobz, Xos, Xos, Urb, Urb, Urb, Urb, Urb, Urb, Urb, Xos, Xos, Xos, Xos, Xos, Xos, Xos, Xos, Xos, Xos, Xos, Xos, Xos, Xobz^Enfy, Xobz^Enfy, Dsmz, Uu, Urb, Urb, Urb, Dsmz, Xos, Xos, Xos, Xos, Xos, Xos
Qxu, Qxu, Urfz, Xobz, Urfz, Qxu, Urfz, Qxu, Xobz, Xobz, Xobz, Urfz^Ebn, Xobz, Xobz, Xobz, Xobz, Xobz, Xobz, Xobz, Xobz, Xobz, Xobz, Xobz, Urfz, Urfz, Urfz, Urfz, Urfz, Urfz, Urfz, Urfz, Urfz, Urfz, Xobz, Xos, Xos, Urb, Urb, Xos, Urb, Xos, Xos, Urb, Xos, Urb^Bryl, Xos, Xos, Xos, Xos, Xos, Xos, Xos, Xos, Xos, Xobz, Xobz, Uu, Dsmz, Urb, Urb, Urb, Urb, Urb, Dsmz, Xos, Xos, Xos, Xos, Xos, Xos
Xobz, Qxu, Qxu, Urfz, Qxu, Qxu, Xobz, Xobz, Xobz, Xobz, Xobz, Xobz, Xobz, Xobz, Xobz, Xobz, Xos, Xobz, Xobz, Xobz, Xobz, Xobz, Xobz, Xobz, Xobz, Urfz, Urfz, Urfz, Xobz, Xobz, Xobz, Urfz, Xobz, Xobz, Xobz, Xos, Urb, Urb, Xos^Enfy, Xos, Uu^Vu, Urb, Urb, Urb, Urb, Xos, Xos, Xos, Xos, Xos, Xos, Xos, Urb, Xos^Efs, Urb, Uu, Urb, Urb, Urb, Urb^Es, Uu^Es, Urb, Urb, Dsmz^Dr, Xos, Xos, Xos, Xos, Xos, Xos
Xobz, Xobz, Xobz, Qxu, Xobz, Xobz, Xobz, Xobz, Xobz, Xobz, Xobz, Xobz, Xobz, Xobz, Xobz, Xos, Urfz^Uyod, Xos, Xobz, Xobz, Xobz, Xobz, Xobz, Xobz, Xobz, Xobz, Xobz, Xobz, Xobz, Xobz, Xobz, Xobz, Xobz, Xobz, Xobz, Xos, Urb, Urb, Urb, Xos^Enfy, Xos, Urb, Urb, Urb, Urb, Xos, Xos, Xos, Xos, Xos, Urb, Urb, Urb, Urb^Dr, Urb, Urb, Urb, Urb, Dsmz, Uu^Es, Dsmz, Urb, Xos, Xos, Xos, Xos, Xos, Xos, Xos, Xos
Xobz, Xobz, Xobz, Xobz, Xobz, Xobz, Xobz, Xobz, Xobz, Xobz, Xobz, Xobz, Xobz, Xobz, Xobz, Xos, Urb, Xos, Rr^Bryl, Xos, Xobz, Xobz, Xobz, Xobz, Xobz, Xobz, Uu^Edb, Xobz, Uu^Edb, Xobz, Uu^Edb, Xobz, Uu^Edb, Xobz, Xobz, Xos, Xos, Urb, Urb, Urb, Urb, Urb, Urb, Urb, Xos, Xos, Xos, Xos, Xos, Xos, Urb, Urb, Urb, Urb, Dsmz, Dsmz, Uu, Dsmz, Xos, Dsmz, Xos, Xos, Xos, Xos, Xos, Xos, Xos, Xos, Xos, Xos
Xobz, Xobz, Xobz, Xobz, Xobz, Xobz, Xobz, Xobz, Xobz, Xobz, Xobz, Xobz, Xobz, Xobz, Urfz, Rr, Rr, Rr, Urfz, Xobz, Xobz, Xobz, Xobz, Xobz, Xobz, Uu^Edb, Uu^Edb, Uu^Edb, Uu^Edb, Uu^Edb, Uu^Edb, Uu^Edb, Uu^Edb, Xobz, Xobz, Xobz, Xobz, Xos, Xos, Urb, Urb, Urb, Xos, Xos, Xos, Xos, Xos, Xos, Xos, Xos, Urb, Urb, Urb, Uu, Xos, Uu, Xos, Xos, Xos, Xos, Xos, Xos, Xos, Xos, Xos, Xos, Xos, Xos, Xos, Xos
Xobz, Xobz, Xobz, Xobz, Xobz, Xobz, Xobz, Xobz, Xobz, Xobz, Xobz, Xobz, Xobz, Urfz, Urfz^Es, Urfz, Urfz, Urfz, Urfz, Xobz, Xobz, Xobz, Xobz, Xobz, Xobz, Uu^Edb, Uu^Edb, Uu^Edb, Uu^Edb, Uu^Edb, Uu^Edb, Uu^Edb, Uu^Edb, Xobz, Xobz, Xobz, Xobz, Xobz, Xobz, Xos, Xos, Xos, Xos, Xos, Xos, Xos, Xos, Xos, Xos, Xos, Urb, Urb, Urb, Xos, Xos, Xos, Xos, Xos, Xos, Xos, Xos, Xos, Xos, Xos, Xos, Xos, Xos, Xos, Xos, Xos
Xobz, Xobz, Xobz, Xobz, Xobz, Xobz, Xobz, Xobz, Xobz, Xobz, Xobz, Xobz, Xobz, Urfz^Es, Urfz^Es, Urfz, Urfz^Es, Urfz, Urfz, Xobz, Xobz, Uu^Edb, Uu^Edb, Uu^Edb, Xobz, Uu^Edb, Uu, Uu, Tmmy, Uu, Uu, Uu^Edb, Uu^Edb, Uu^Edb, Uu^Edb, Uu^Fyok, Uu^Edb, Uu^Edb, Uu, Xobz, Xobz, Xobz, Xobz, Xos, Xos, Xos, Xos, Xos, Xos, Xos, Urb, Urb, Urb, Xos, Xos, Xos, Xos, Xos, Xos, Xos, Xos, Xos, Xos, Xos, Xos, Xos, Xos, Xos, Xos, Xos
Xobz, Xobz, Xobz, Xobz, Xobz, Xobz, Xobz, Xobz, Xobz, Xobz, Xobz, Xobz, Xobz, Urfz, Urfz, Urfz, Urfz, Urfz, Urfz, Xobz, Xobz, Uu^Edb, Uu^Edb, Uu^Edb, Uu^Edb, Uu^Edb, Uu, Uu^Edb, Uu^Edb, Uu, Uu, Uu^Edb, Uu^Edb, Uu^Edb, Uu^Edb, Uu^Edb, Uu^Edb, Uu^Edb, Uu^Edb, Xobz, Xobz, Xobz, Xobz, Xobz, Xobz, Xos, Xos, Xos, Xos, Xos, Urb, Urb, Urb, Xos, Xos, Xos, Xos, Xos, Xos, Xos, Xos, Xos, Xos, Xos, Xos, Xos, Xos, Xos, Xos, Xos
Xobz, Xobz, Xobz, Xobz, Xobz, Xobz, Xobz, Xobz, Xobz, Xobz, Xobz, Xobz, Xobz, Xobz, Xobz, Urfz, Xobz, Urfz, Xobz, Xobz, Xobz, Uu^Edb, Uu^Edb, Uu^Edb, Uu^Edb, Uu^Edb, Uu^Edb, Uu^Edb, Uu^Edb, Uu, Uu^Edb, Uu^Edb, Uu^Edb, Uu^Edb, Uu^Edb, Uu^Edb, Uu^Edb, Uu^Edb, Uu^Edb, Xobz, Xobz, Xobz, Xobz, Xobz, Xobz, Xobz, Xobz, Xobz, Xobz, Xos, Urb, Urb, Urb, Xos, Xos, Xos, Xos, Xos, Xos, Xos, Xos, Xos, Xos, Xos, Xos, Xos, Xos, Xos, Xos, Xos
Xobz, Xobz, Xobz, Xobz, Xobz, Xobz, Xobz, Xobz, Xobz, Xobz, Xobz, Xobz, Xobz, Xobz, Xu, Uu, Ur, Uu, Xu, Xobz, Xos, Uu^Edb, Uu^Edb, Ur^Fyok, Uu^Edb, Uu, Uu, Uu, Uu, Uu, Uu, Uu, Uu, Uu, Uu^Edb, Uu, Uu^Edb, Uu, Uu^Edb, Xobz, Xobz, Xobz, Xobz, Xobz, Xobz, Xobz, Xobz, Xobz, Xobz^Enfy, Xobz^Enfy, Rb, Urb, Urb, Xos, Xos^Efs, Xos, Xos, Xos, Xos, Xos, Xos, Xos, Xos, Xos, Xos, Xos, Xos, Xos, Xos, Xos
Xobz, Xobz, Xobz, Xobz, Xobz, Xobz, Xobz, Xobz, Xobz, Xobz, Xobz, Xobz, Xobz, Xu, Uu, Uu, Uu, Uu, Xu, Xu, Xos, Uu, Ur^Edb, Ur, Ur, Rd, Dd^Bryl, Rd, Uu, Rb^Lyr|, Urb, Rd, Dd^Bryl, Uu, Uu, Uh, Uu, Uu, Uu, Xobz, Xobz, Xobz, Xobz, Xobz, Xobz, Xobz, Xobz^Efs, Xobz, Isdy, Isdy, Isdy, Urb, Urb, Urb, Urb, Urb, Urb^Vct, Xos, Xos, Xos, Xos, Xos, Xos, Xos, Xos, Xos, Xos, Xos, Xos, Xos
Xobz, Xobz, Xobz, Xobz, Xobz, Xobz, Xobz, Xobz, Xobz, Xobz, Xobz, Xobz, Xobz, Xu, Uu, Uu, Uu, Uu, Xu, Xu, Qxu, Qxu, Uu, Uu, Uu, Rd^Es, Rd, Rd, Rb^Lyl|, 2 Rb^Lyr|, Rd, Rd, Rd, Uu^Es, Uu, Uu, Qxu, Qxu, Qxu, Qxu, Qxu, Qxu, Xobz, Xobz, Xobz, Xobz^Efs, Isdy, Isdy, Isdy, Isdy, Xobz, Xobz, Urb, Urb, Urb, Urb, Urb, Urb, Xos, Xos, Xos, Xos, Xos, Xos, Xos, Xos, Xos, Xos, Xos, Xos
Xobz, Xobz, Xobz, Xobz, Xobz, Xobz, Xobz, Xobz, Xobz, Xobz, Xobz, Xobz, Xu, Xu, Uu, Uu, Uu, Xu, Xu, Xu, Qxu, Qxu, Uu, Ur^Ecf, Uu, Uu, Rd, Rd, Rb^Lyl|, Rb^Lyr\, Rd, Rd, Rd, Uu, Uu^Ecf, Uu, Ur, Qxu, Qxu, Qxu, Xobz, Xobz, Xobz, Xobz, Xobz, Isdy^Es, Isdy, Isdy, Xobz, Xobz, Ce, Ce, Urb, Urb, Urb, Urb, Xos, Xos, Xos, Xos, Xos, Xos, Xos, Xos, Xos, Xos, Xos, Xos, Xos, Xos
Xobz, Xobz, Xobz, Xobz, Xobz, Xobz, Xobz, Xobz, Xobz, Xobz, Xobz, Xobz, Xu, Xu, Uu, Uu, Uu, Uu, Xu, Xos, Xos, Qxu, Qxu, Ur, Uu, Uu, Rd, Rd, Rb^Lyl|, Rb, Rb^Lyr\, Rd, Rd, Rd, Uu, Ur, Ur, Ur, Uu, Xobz, Xobz, Xobz, Xobz, Xobz, Xobz, Isdy, Isdy, Isdy, Xobz, Ce, Ce, 3 Ke, Ce, Urb, Xos, Xos, Xos, Xos, Xos, Xos, Xos, Xos, Xos, Xos, Xos, Xos, Xos, Xos, Xos, Xos
Xobz, Xobz, Xobz, Xobz, Xobz, Xobz, Xobz, Xobz, Xobz, Xobz, Xobz, Xu, Xu, Uu^Dr, Uu^Dr, Uu, Uu, Uu, Ur, Xu, Xos, Ur, Ur, Ur, Uu, Uu, Rd, Rd, Rb^Lyl|, Rp, Rb^Lyr|, Urb, Urb, Urb, Urb, Urb, Ur, Urb, Urb, Xos, Xobz, Xobz, Xobz, Xobz, Xobz, Isdy, Isdy, Isdy, Xobz, Xobz, Xobz, Ce, Xobz, Xobz, Xos, Xos, Xos, Xos, Xos, Xos, Xos, Xos, Xos, Xos, Xos, Xos, Xos, Xos, Xos, Xos
Xobz, Xobz, Xobz, Xobz, Xobz, Xobz, Xobz, Xobz, Xobz, Xobz, Xobz, Xu, Xu, Uu^Dr, Uu, Uu, Cty, Kty, Cty, Xu, Xos, Ur, Ur, Ur, Ur^Dr, Urb, Urb, Urb, Rp^Lyl|, Rr, Rp^Lyr|, Urb, Urb, Urb, Urb, Urb, Urb, Urb, Urb, Xos, Xobz, Xobz, Xobz, Xobz, Xobz, Isdy, Isdy, Isdy, Xobz, Xobz, Xobz, Xobz, Xobz, Xobz, Xos, Xos, Xos, Xos, Xos, Xos, Xos, Xos, Xos, Xos, Xos, Xos, Xos, Xos, Xos, Xos
Xos, Xos, Xos, Xos, Xos, Xos, Xos, Xos, Xos, Xos, Xos, Xu, Xu, Uu, Uu, Uu, Uu, Cty, Uu, Xu, Xos, Urb, Urb, Urb, Urb, Urb, Urb, Urb, Rr^Lyl|, Rrc, Rr^Lyr|, Urb, Urb^Dr, Urb, Urb, Urb, Urb, Urb, Urb, Xos, Xobz, Xobz, Xobz, Xobz, Xobz, Isdy, Isdy, Isdy, Xobz, Xobz, Xobz, Xobz, Xobz, Xobz, Xos, Xos, Xos, Xos, Xos, Xos, Xos, Xos, Xos, Xos, Xos, Xos, Xos, Xos, Xos, Xos
Xos, Xos, Xos, Xos, Xos, Xos, Xos, Xos, Xos, Xos, Xos, Xu, Xu, Uu, Uu, Ur, Ur, Uu, Uu^Vct, Xu, Xos, Urb, Urb, Urb, Urb, Urb, Urb, Urb, Rrc^Lyl|, Rrc, Rrc^Lyr|, Urb, Urb, Urb, Urb, Urb, Urb, Urb, Urb, Xos, Xobz, Xobz, Xobz, Xobz, Isdy, Isdy, Isdy^Es, Isdy, Xobz, Xobz, Xobz, Xobz, Xobz, Xobz, Xos, Xos, Xos, Xos, Xos, Xos, Xos, Xos, Xos, Xos, Xos, Xos, Xos, Xos, Xos, Xos
Xos, Xos, Xos, Xos, Xos, Xos, Xos, Xos, Xu, Xu, Xu, Xos, Xu, Xu, Xu, Uu, Uu, Uu, Xu, Xu, Xos, Urb, Urb, Urb^Vud, Urb, Urb, Urb, Urb, Rrc^Lyl|, Rrc, Rrc^Lyr|, Urb, Urb, Urb, Urb, Urb^Vud, Urb, Urb, Urb, Xos, Xobz, Xobz, Xobz, Xobz, Isdy^Es, Isdy, Isdy^Es, Isdy, Xobz, Xobz, Xobz, Xobz, Xobz, Xobz, Xos, Xos, Xos, Xos, Xos, Xos, Xos, Xos, Xos, Xos, Xos, Xos, Xos, Xos, Xos, Xos
Xos, Xos, Xos, Xos, Xos, Xos, Xos, Xu, Xu, Xu, Xu, Xu, Xu, Xu, Xu, Uu, Ur, Uu^Dr, Xu, Xos, Xos, Urb, Urb, Urb, Urb, Urb, Urb, Urb, Rrc^Lyl|, Rrc, Rrc^Lyr|, Urb, Urb, Urb, Urb, Urb, Urb, Urb, Urb, Xos, Xobz, Xobz, Xobz^Efs, Xobz, Isdy^Es, Isdy^Dr, Isdy^Es, Isdy, Xobz, Xobz, Xobz, Xobz, Xobz, Xobz, Xobz, Xos, Xos, Xos, Xos, Xos, Xos, Xos, Xos, Xos, Xos, Xos, Xos, Xos, Xos, Xos
Xos, Xos, Xos, Xos, Xos, Xos, Xos, Xos, Xos, Xu, Xu, Xu, Xu, Xu, Xu, Ur, Ur, Xu, Xu, Xos, Xos, Urb, Urb, Urb, Urb, Urb, Urb, Urb, Rrc^Lyl|, Rrc, Rrc^Lyr|, Urb, Urb, Urb, Urb, Urb, Urb, Urb, Urb, Xos, Xobz, Xobz^Efs, Isdy, Isdy, Isdy, Isdy^Esd, Isdy^Es, Isdy^Es, Xobz, Xobz, Xobz, Xobz, Xobz, Xobz, Xobz, Xos, Xos, Xos, Xos, Xos, Xos, Xos, Xos, Xos, Xos, Xos, Xos, Xos, Xos, Xos
Xos, Xos, Xos, Xos, Xos, Xos, Xos, Xos, Xos, Xos, Xos, Xu, Xu, Xu, Xu, Xu, Xu, Ur, Ur, Xu, Urb, Urb, Urb, Urb, Urb, Urb, Urb, Urb, Ur^Lyl|, Rrc, Ur^Lyr|, Urb, Urb, Urb, Urb, Urb, Xos^Enfy, Xos, Xos, Xobz, Isdy, Isdy, Isdy, Isdy^Es, Isdy, Isdy^Es, Isdy^Es, Isdy^Dr, Xobz, Xobz, Xobz, Xobz, Xobz, Xobz, Xobz, Xos, Xos, Xos, Xos, Xos, Xos, Xos, Xos, Xos, Xos, Xos, Xos, Xos, Xos, Xos
Xos, Xos, Xos, Xos, Xos, Xos, Xos, Xos, Rrc^Bryl, Xos, Urb, Xos, Xos^Efs, Xu, Xu, Xu, Xobz, Xu, Xu, Xuc, Urb, Urb^Dr, Urb, Urb, Urb, Urb, Urb, Urb, Ur^Lyl|, Ur, Ur^Lyr|, Urb, Xos, Xos, Xos, Xos^Enfy, Urb, Urb^Dr, Urb, Isdy, Isdy, Isdy, Isdy, Isdy, Isdy, Isdy, Xobz, Xobz, Xobz, Xobz, Xobz, Xobz, Xobz, Xobz, Xos, Xos, Xos, Xos, Xos, Xos, Xos, Xos, Xos, Xos, Xos, Xos, Xos, Xos, Xos, Xos
Xos, Xos, Xos, Xos, Xos, Xos, Xos, Xos, Urb, Urb, Urb, Rb, Urb, Xos^Efs, Xobz, Xobz, Xu, Xu, Xu, Xu, Urb, Urb, Urb, Urb, Urb, Urb, Urb, Urb, Ur^Lyl\, Ur, Ur, Xos, Xos, Ur^Gtye, Ur, Urb, Urb, Urb, Urb, Urb, Urb, Isdy, Xobz, Isdy, Xobz, Xobz, Xobz, Xobz, Xobz, Xobz, Xobz, Xobz, Xobz, Xobz, Xos, Xos, Xos, Xos, Xos, Xos, Xos, Xos, Xos, Xos, Xos, Xos, Xos, Xos, Xos, Xos
Xos, Xos, Xos, Xos, Xos, Xos, Xos, Urb, Rb, Urb, Urb, Urb, Rb, Urb, Xobz, Xobz, Xobz, Xobz, Xobz, Xos, Xos, Urb, Xos, Urb, Xos, Urb, Xos^Enfy, Xos, Xos, Ur, Ur^Gtye, Xos, Urb^Bryl, Ur, Urb^Dr, Urb, Urb, Urb, Urb, Urb, Xos, Xobz, Xobz, Xobz, Xobz, Xobz, Xobz, Xobz, Xobz, Xobz, Xobz, Xobz, Xos, Xobz, Xos, Xos, Xos, Xos, Xos, Xos, Xos, Xos, Xos, Xos, Xos, Xos, Xos, Xos, Xos, Xos
Xos, Xos, Xos, Xos, Xos, Xos, Xobz^Enfy, Xobz^Enfy, Isdy, Urb, Rb, Urb, Urfz, Xobz^Enfy, Xobz^Enfy, Xobz, Xobz, Xobz, Xobz, Xobz, Xobz, Xobz, Xobz, Xos, Xos, Xos^Enfy, Urb, Urb, Urb, Xos, Urb, Ur, Ur, Ur, Urb, Ur, Urb, Urb, Urb, Xos, Xos, Xos, Xos, Xos, Xos, Xobz, Xos, Xobz, Xos, Xos, Xos, Xos, Xos, Xos, Xos, Xos, Xos, Xos, Xos, Xos, Xos, Xos, Xos, Xos, Xos, Xos, Xos, Xos, Xos, Xos
Xos, Xos, Rrc^Bryu, Xos, Urb, Xobz, Isdy, Isdy, Xobz, Xobz, Xobz, Xobz, Xobz, Urfz, Urfz, Xobz, Xobz^Enfy, Xobz^Enfy, Urfz, Xobz, Xobz, Xobz, Xobz, Xobz, Xobz, Urb, Urb^Es, Urb, Urb, Urb, Urb, Ur^Lyl|, Ur^Es, Ur, Urb, Urb, Urb, Urb, Xos, Xos, Xos, Xos, Xos, Xos, Xos, Xos, Xos, Xos, Xos, Xos, Xos, Xos, Xos, Xos, Xos, Xos, Xos, Xos, Xos, Xos, Xos, Xos, Xos, Xos, Xos, Xos, Xos, Xos, Xos, Xos
Xos, Xos, Urb, Urb, Urb, Rb, Urb, Xobz, Xobz, Xobz, Xobz, Xobz, Xobz, Urfz, Urfz, Xobz, Urfz, Urfz, Xobz, Urfz, Urfz, Xobz, Urfz, Xobz^Enfy, Xobz^Enfy, Urb, Urb^Es, Urb^Es, Urb, Urb, Urb, Urb, Urb, Urb, Urb^Dr, Urb, Urb, Urb, Xos, Xos, Xos, Xos, Xos, Xos, Xos, Xos, Xos, Xos, Xos, Xos, Xos, Xos, Xos, Xos, Xos, Xos, Xos, Xos, Xos, Xos, Xos, Xos, Xos, Xos, Xos, Xos, Xos, Xos, Xos, Xos
Xos, Urb, Urb, Urb, Urb, Urb, Rb, Uu, Xobz, Xobz, Xobz, Xobz, Xobz, Xobz, Xobz, Urfz, Xobz, Xobz, Xobz, Xobz, Urfz, Urfz, Urfz, Urfz, Urfz, Xobz, Xobz, Urb, Urb, Urb, Urb^Dr, Urb^Dr, Urb^Dr, Xos, Xos, Urb, Xos, Urb^Vu, Xos, Xos, Xos, Xos, Xos, Xos, Xos, Xos, Xos, Xos, Xos, Xos, Xos, Xos, Xos, Xos, Xos, Xos, Xos, Xos, Xos, Xos, Xos, Xos, Xos, Xos, Xos, Xos, Xos, Xos, Xos, Xos
Xos, Xos, Rb, Urb, Urb, Urb, Isdy, Xobz, Xobz^Enfy, Xobz, Xobz, Xobz, Xobz, Xobz, Xobz, Xobz, Xobz, Xobz, Xobz, Xobz, Xobz, Urfz, Urfz, Urfz^Es, Urfz^Es, Urfz, Urfz, Urb^Gtyw, Urb^Dr, Urb, Urb, Urb, Xos, Xos, Xos, Xos, Xos, Xos, Xos, Xos, Xos, Xos, Xos, Xos, Xos, Xos, Xos, Xos, Xos, Xos, Xos, Xos, Xos, Xos, Xos, Xos, Xos, Xos, Xos, Xos, Xos, Xos, Xos, Xos, Xos, Xos, Xos, Xos, Xos, Xos
Xos, Xos, Xos, Urb, Xos, Xobz, Xobz, Isdy, Isdy, Xobz^Enfy, Xobz^Enfy, Xobz, Xobz, Xobz, Xos, Xos, Xos, Xobz, Xobz, Xobz, Xobz, Xobz, Urfz, Urfz^Es, Urfz^Dr, Urfz, Urfz, Urfz, Urfz, Xobz, Xobz, Xobz, Xos, Xos, Xos, Xos, Xos, Xos, Xos, Xos, Xos, Xos, Xos, Xos, Xos, Xos, Xos, Xos, Xos, Xos, Xos, Xos, Xos, Xos, Xos, Xos, Xos, Xos, Xos, Xos, Xos, Xos, Xos, Xos, Xos, Xos, Xos, Xos, Xos, Xos
Xos, Xos, Xos, Xos, Xobz, Xobz, Xobz, Xobz, Xobz, Isdy, Isdy, Xobz^Enfy, Xobz, Xos^Efs, Urb, Xos, Rrc^Bryl, Xos, Xos, Xobz, Xobz, Xobz, Urfz, Urfz, Urfz, Urfz, Xobz, Urfz, Xobz, Xobz, Xobz, Xos, Xos, Xos, Xos, Xos, Xos, Xos, Xos, Xos, Xos, Xos, Xos, Xos, Xos, Xos, Xos, Xos, Xos, Xos, Xos, Xos, Xos, Xos, Xos, Xos, Xos, Xos, Xos, Xos, Xos, Xos, Xos, Xos, Xos, Xos, Xos, Xos, Xos, Xos
Xobz, Xobz, Xobz, Xobz, Xobz, Xobz, Xobz, Xobz, Xobz, Xobz, Xobz, Rb, Rb, Urb, Urb, Urb, Urb, Xos, Xos, Xobz, Xobz, Xobz, Xobz, Urfz, Xobz, Xobz, Xobz, Xobz, Xobz, Xobz, Xobz, Xos, Xos, Xos, Xos, Xos, Xos, Xos, Xos, Xos, Xos, Xos, Xos, Xos, Xos, Xos, Xos, Xos, Xos, Xos, Xos, Xos, Xos, Xos, Xos, Xos, Xos, Xos, Xos, Xos, Xos, Xos, Xos, Xos, Xos, Xos, Xos, Xos, Xos, Xos
Xobz, Xobz, Xobz, Xobz, Xobz, Xobz, Xobz, Xobz, Xos^Efs, Xos^Efs, Urb, Rb, Urb, Urb, Urb, Urb, Rb, Urb, Xos, Xobz, Xobz, Xobz, Xobz, Xobz, Xobz, Xobz, Xobz, Xobz, Xobz, Xobz, Xobz, Xos, Xos, Xos, Xos, Xos, Xos, Xos, Xos, Xos, Xos, Xos, Xos, Xos, Xos, Xos, Xos, Xos, Xos, Xos, Xos, Xos, Xos, Xos, Xos, Xos, Xos, Xos, Xos, Xos, Xos, Xos, Xos, Xos, Xos, Xos, Xos, Xos, Xos, Xos
Xobz, Xobz, Xobz, Xobz, Xobz, Xobz, Xos, Xos, Urb, Urb, Rb, Urb, Urb, Urb, Urb, Urb, Xos, Xos, Xobz, Xobz, Xobz, Xobz, Xobz, Xobz, Xobz, Xobz, Xobz, Xobz, Xobz, Xobz, Xobz, Xos, Xos, Xos, Xos, Xos, Xos, Xos, Xos, Xos, Xos, Xos, Xos, Xos, Xos, Xos, Xos, Xos, Xos, Xos, Xos, Xos, Xos, Xos, Xos, Xos, Xos, Xos, Xos, Xos, Xos, Xos, Xos, Xos, Xos, Xos, Xos, Xos, Xos, Xos
Xobz, Xobz, Xobz, Xobz, Xobz, Xobz, Xos, Xos, Xos, Urb, Urb, Urb, Urb, Urb, Xos, Xos, Xos, Xos, Xobz, Xobz, Xobz, Xobz, Xobz, Xobz, Xobz, Xobz, Xobz, Xobz, Xobz, Xobz, Xobz, Xos, Xos, Xos, Xos, Xos, Xos, Xos, Xos, Xos, Xos, Xos, Xos, Xos, Xos, Xos, Xos, Xos, Xos, Xos, Xos, Xos, Xos, Xos, Xos, Xos, Xos, Xos, Xos, Xos, Xos, Xos, Xos, Xos, Xos, Xos, Xos, Xos, Xos, Xos
Xobz, Xobz, Xobz, Xobz, Xobz, Xobz, Xobz, Xos, Xos, Xos, Xos, Rb, Xos, Xos, Xos, Xos, Xos, Xos, Xobz, Xobz, Xobz, Xobz, Xobz, Xobz, Xobz, Xobz, Xobz, Xobz, Xobz, Xobz, Xobz, Xos, Xos, Xos, Xos, Xos, Xos, Xos, Xos, Xos, Xos, Xos, Xos, Xos, Xos, Xos, Xos, Xos, Xos, Xos, Xos, Xos, Xos, Xos, Xos, Xos, Xos, Xos, Xos, Xos, Xos, Xos, Xos, Xos, Xos, Xos, Xos, Xos, Xos, Xos
Xobz, Xobz, Xobz, Xobz, Xobz, Xobz, Xobz, Xos, Xos, Xos, Xos, Xos, Xos, Xos, Xos, Xos, Xos, Xos, Xobz, Xobz, Xobz, Xobz, Xobz, Xobz, Xobz, Xobz, Xobz, Xobz, Xobz, Xobz, Xos, Xos, Xos, Xos, Xos, Xos, Xos, Xos, Xos, Xos, Xos, Xos, Xos, Xos, Xos, Xos, Xos, Xos, Xos, Xos, Xos, Xos, Xos, Xos, Xos, Xos, Xos, Xos, Xos, Xos, Xos, Xos, Xos, Xos, Xos, Xos, Xos, Xos, Xos, Xos
Xobz, Xobz, Xobz, Xobz, Xobz, Xobz, Xobz, Xos, Xos, Xos, Xos, Xos, Xos, Xos, Xos, Xos, Xos, Xos, Xobz, Xobz, Xobz, Xobz, Xobz, Xobz, Xobz, Xobz, Xobz, Xobz, Xobz, Xobz, Xobz, Xos, Xos, Xos, Xos, Xos, Xos, Xos, Xos, Xos, Xos, Xos, Xos, Xos, Xos, Xos, Xos, Xos, Xos, Xos, Xos, Xos, Xos, Xos, Xos, Xos, Xos, Xos, Xos, Xos, Xos, Xos, Xos, Xos, Xos, Xos, Xos, Xos, Xos, Xos
Xobz, Xobz, Xobz, Xobz, Xobz, Xobz, Xobz, Xos, Xos, Xos, Xos, Xos, Xos, Xos, Xos, Xos, Xos, Xos, Xos, Xobz, Xobz, Xobz, Xobz, Xobz, Xobz, Xobz, Xobz, Xobz, Xobz, Xobz, Xos, Xos, Xos, Xos, Xos, Xos, Xos, Xos, Xos, Xos, Xos, Xos, Xos, Xos, Xos, Xos, Xos, Xos, Xos, Xos, Xos, Xos, Xos, Xos, Xos, Xos, Xos, Xos, Xos, Xos, Xos, Xos, Xos, Xos, Xos, Xos, Xos, Xos, Xos, Xos
Xobz, Xobz, Xobz, Xobz, Xobz, Xobz, Xobz, Xos, Xos, Xos, Xos, Xos, Xos, Xos, Xos, Xos, Xos, Xos, Xobz, Xos, Xos, Xobz, Xobz, Xobz, Xobz, Xobz, Xobz, Xobz, Xobz, Xobz, Xobz, Xos, Xos, Xos, Xos, Xos, Xos, Xos, Xos, Xos, Xos, Xos, Xos, Xos, Xos, Xos, Xos, Xos, Xos, Xos, Xos, Xos, Xos, Xos, Xos, Xos, Xos, Xos, Xos, Xos, Xos, Xos, Xos, Xos, Xos, Xos, Xos, Xos, Xos, Xos
